Archive member included to satisfy reference by file (symbol)

C:/ST/STM32CubeIDE_1.12.0/STM32CubeIDE/plugins/com.st.stm32cube.ide.mcu.externaltools.gnu-tools-for-stm32.12.3.rel1.win32_1.0.100.202403111256/tools/bin/../lib/gcc/arm-none-eabi/12.3.1/../../../../arm-none-eabi/lib/thumb/v8-m.main+fp/hard\libc_nano.a(libc_a-exit.o)
                              C:/ST/STM32CubeIDE_1.12.0/STM32CubeIDE/plugins/com.st.stm32cube.ide.mcu.externaltools.gnu-tools-for-stm32.12.3.rel1.win32_1.0.100.202403111256/tools/bin/../lib/gcc/arm-none-eabi/12.3.1/../../../../arm-none-eabi/lib/thumb/v8-m.main+fp/hard/crt0.o (exit)
C:/ST/STM32CubeIDE_1.12.0/STM32CubeIDE/plugins/com.st.stm32cube.ide.mcu.externaltools.gnu-tools-for-stm32.12.3.rel1.win32_1.0.100.202403111256/tools/bin/../lib/gcc/arm-none-eabi/12.3.1/../../../../arm-none-eabi/lib/thumb/v8-m.main+fp/hard\libc_nano.a(libc_a-findfp.o)
                              C:/ST/STM32CubeIDE_1.12.0/STM32CubeIDE/plugins/com.st.stm32cube.ide.mcu.externaltools.gnu-tools-for-stm32.12.3.rel1.win32_1.0.100.202403111256/tools/bin/../lib/gcc/arm-none-eabi/12.3.1/../../../../arm-none-eabi/lib/thumb/v8-m.main+fp/hard\libc_nano.a(libc_a-exit.o) (__stdio_exit_handler)
C:/ST/STM32CubeIDE_1.12.0/STM32CubeIDE/plugins/com.st.stm32cube.ide.mcu.externaltools.gnu-tools-for-stm32.12.3.rel1.win32_1.0.100.202403111256/tools/bin/../lib/gcc/arm-none-eabi/12.3.1/../../../../arm-none-eabi/lib/thumb/v8-m.main+fp/hard\libc_nano.a(libc_a-fwalk.o)
                              C:/ST/STM32CubeIDE_1.12.0/STM32CubeIDE/plugins/com.st.stm32cube.ide.mcu.externaltools.gnu-tools-for-stm32.12.3.rel1.win32_1.0.100.202403111256/tools/bin/../lib/gcc/arm-none-eabi/12.3.1/../../../../arm-none-eabi/lib/thumb/v8-m.main+fp/hard\libc_nano.a(libc_a-findfp.o) (_fwalk_sglue)
C:/ST/STM32CubeIDE_1.12.0/STM32CubeIDE/plugins/com.st.stm32cube.ide.mcu.externaltools.gnu-tools-for-stm32.12.3.rel1.win32_1.0.100.202403111256/tools/bin/../lib/gcc/arm-none-eabi/12.3.1/../../../../arm-none-eabi/lib/thumb/v8-m.main+fp/hard\libc_nano.a(libc_a-sprintf.o)
                              ./External Library/Src/custom_exception.o (sprintf)
C:/ST/STM32CubeIDE_1.12.0/STM32CubeIDE/plugins/com.st.stm32cube.ide.mcu.externaltools.gnu-tools-for-stm32.12.3.rel1.win32_1.0.100.202403111256/tools/bin/../lib/gcc/arm-none-eabi/12.3.1/../../../../arm-none-eabi/lib/thumb/v8-m.main+fp/hard\libc_nano.a(libc_a-stdio.o)
                              C:/ST/STM32CubeIDE_1.12.0/STM32CubeIDE/plugins/com.st.stm32cube.ide.mcu.externaltools.gnu-tools-for-stm32.12.3.rel1.win32_1.0.100.202403111256/tools/bin/../lib/gcc/arm-none-eabi/12.3.1/../../../../arm-none-eabi/lib/thumb/v8-m.main+fp/hard\libc_nano.a(libc_a-findfp.o) (__sread)
C:/ST/STM32CubeIDE_1.12.0/STM32CubeIDE/plugins/com.st.stm32cube.ide.mcu.externaltools.gnu-tools-for-stm32.12.3.rel1.win32_1.0.100.202403111256/tools/bin/../lib/gcc/arm-none-eabi/12.3.1/../../../../arm-none-eabi/lib/thumb/v8-m.main+fp/hard\libc_nano.a(libc_a-vsprintf.o)
                              ./External Library/Src/custom_oled.o (vsprintf)
C:/ST/STM32CubeIDE_1.12.0/STM32CubeIDE/plugins/com.st.stm32cube.ide.mcu.externaltools.gnu-tools-for-stm32.12.3.rel1.win32_1.0.100.202403111256/tools/bin/../lib/gcc/arm-none-eabi/12.3.1/../../../../arm-none-eabi/lib/thumb/v8-m.main+fp/hard\libc_nano.a(libc_a-memset.o)
                              C:/ST/STM32CubeIDE_1.12.0/STM32CubeIDE/plugins/com.st.stm32cube.ide.mcu.externaltools.gnu-tools-for-stm32.12.3.rel1.win32_1.0.100.202403111256/tools/bin/../lib/gcc/arm-none-eabi/12.3.1/../../../../arm-none-eabi/lib/thumb/v8-m.main+fp/hard/crt0.o (memset)
C:/ST/STM32CubeIDE_1.12.0/STM32CubeIDE/plugins/com.st.stm32cube.ide.mcu.externaltools.gnu-tools-for-stm32.12.3.rel1.win32_1.0.100.202403111256/tools/bin/../lib/gcc/arm-none-eabi/12.3.1/../../../../arm-none-eabi/lib/thumb/v8-m.main+fp/hard\libc_nano.a(libc_a-closer.o)
                              C:/ST/STM32CubeIDE_1.12.0/STM32CubeIDE/plugins/com.st.stm32cube.ide.mcu.externaltools.gnu-tools-for-stm32.12.3.rel1.win32_1.0.100.202403111256/tools/bin/../lib/gcc/arm-none-eabi/12.3.1/../../../../arm-none-eabi/lib/thumb/v8-m.main+fp/hard\libc_nano.a(libc_a-stdio.o) (_close_r)
C:/ST/STM32CubeIDE_1.12.0/STM32CubeIDE/plugins/com.st.stm32cube.ide.mcu.externaltools.gnu-tools-for-stm32.12.3.rel1.win32_1.0.100.202403111256/tools/bin/../lib/gcc/arm-none-eabi/12.3.1/../../../../arm-none-eabi/lib/thumb/v8-m.main+fp/hard\libc_nano.a(libc_a-reent.o)
                              C:/ST/STM32CubeIDE_1.12.0/STM32CubeIDE/plugins/com.st.stm32cube.ide.mcu.externaltools.gnu-tools-for-stm32.12.3.rel1.win32_1.0.100.202403111256/tools/bin/../lib/gcc/arm-none-eabi/12.3.1/../../../../arm-none-eabi/lib/thumb/v8-m.main+fp/hard\libc_nano.a(libc_a-closer.o) (errno)
[...]
Memory Configuration

Name             Origin             Length             Attributes
RAM              0x20000000         0x00044000         xrw
FLASH            0x08000000         0x00080000         xr
*default*        0x00000000         0xffffffff

Linker script and memory map

LOAD C:/ST/STM32CubeIDE_1.12.0/STM32CubeIDE/plugins/com.st.stm32cube.ide.mcu.externaltools.gnu-tools-for-stm32.12.3.rel1.win32_1.0.100.202403111256/tools/bin/../lib/gcc/arm-none-eabi/12.3.1/thumb/v8-m.main+fp/hard/crti.o
LOAD C:/ST/STM32CubeIDE_1.12.0/STM32CubeIDE/plugins/com.st.stm32cube.ide.mcu.externaltools.gnu-tools-for-stm32.12.3.rel1.win32_1.0.100.202403111256/tools/bin/../lib/gcc/arm-none-eabi/12.3.1/thumb/v8-m.main+fp/hard/crtbegin.o
LOAD C:/ST/STM32CubeIDE_1.12.0/STM32CubeIDE/plugins/com.st.stm32cube.ide.mcu.externaltools.gnu-tools-for-stm32.12.3.rel1.win32_1.0.100.202403111256/tools/bin/../lib/gcc/arm-none-eabi/12.3.1/../../../../arm-none-eabi/lib/thumb/v8-m.main+fp/hard/crt0.o
LOAD ./Core/Src/main.o
LOAD ./Core/Src/stm32h5xx_it.o
LOAD ./Core/Src/syscalls.o
LOAD ./Core/Src/sysmem.o
LOAD ./Core/Src/system_stm32h5xx.o
LOAD ./Core/Startup/startup_stm32h533retx.o
LOAD ./Drivers/STM32H5xx_HAL_Driver/Src/stm32h5xx_ll_adc.o
LOAD ./Drivers/STM32H5xx_HAL_Driver/Src/stm32h5xx_ll_dma.o
LOAD ./Drivers/STM32H5xx_HAL_Driver/Src/stm32h5xx_ll_exti.o
LOAD ./Drivers/STM32H5xx_HAL_Driver/Src/stm32h5xx_ll_gpio.o
LOAD ./Drivers/STM32H5xx_HAL_Driver/Src/stm32h5xx_ll_icache.o
LOAD ./Drivers/STM32H5xx_HAL_Driver/Src/stm32h5xx_ll_pwr.o
LOAD ./Drivers/STM32H5xx_HAL_Driver/Src/stm32h5xx_ll_rcc.o
LOAD ./Drivers/STM32H5xx_HAL_Driver/Src/stm32h5xx_ll_spi.o
LOAD ./Drivers/STM32H5xx_HAL_Driver/Src/stm32h5xx_ll_tim.o
LOAD ./Drivers/STM32H5xx_HAL_Driver/Src/stm32h5xx_ll_utils.o
LOAD ./External Library/Src/custom_exception.o
LOAD ./External Library/Src/custom_filesystem.o
LOAD ./External Library/Src/custom_flash.o
LOAD ./External Library/Src/custom_oled.o
LOAD ./External Library/Src/custom_switch.o
LOAD ./Main/Src/drive.o
LOAD ./Main/Src/init.o
LOAD ./Main/Src/motor.o
LOAD ./Main/Src/sensor.o
START GROUP
LOAD C:/ST/STM32CubeIDE_1.12.0/STM32CubeIDE/plugins/com.st.stm32cube.ide.mcu.externaltools.gnu-tools-for-stm32.12.3.rel1.win32_1.0.100.202403111256/tools/bin/../lib/gcc/arm-none-eabi/12.3.1/../../../../arm-none-eabi/lib/thumb/v8-m.main+fp/hard\libc_nano.a
LOAD C:/ST/STM32CubeIDE_1.12.0/STM32CubeIDE/plugins/com.st.stm32cube.ide.mcu.externaltools.gnu-tools-for-stm32.12.3.rel1.win32_1.0.100.202403111256/tools/bin/../lib/gcc/arm-none-eabi/12.3.1/../../../../arm-none-eabi/lib/thumb/v8-m.main+fp/hard\libm.a
END GROUP
START GROUP
LOAD C:/ST/STM32CubeIDE_1.12.0/STM32CubeIDE/plugins/com.st.stm32cube.ide.mcu.externaltools.gnu-tools-for-stm32.12.3.rel1.win32_1.0.100.202403111256/tools/bin/../lib/gcc/arm-none-eabi/12.3.1/thumb/v8-m.main+fp/hard\libgcc.a
LOAD C:/ST/STM32CubeIDE_1.12.0/STM32CubeIDE/plugins/com.st.stm32cube.ide.mcu.externaltools.gnu-tools-for-stm32.12.3.rel1.win32_1.0.100.202403111256/tools/bin/../lib/gcc/arm-none-eabi/12.3.1/../../../../arm-none-eabi/lib/thumb/v8-m.main+fp/hard\libc_nano.a
END GROUP
START GROUP
LOAD C:/ST/STM32CubeIDE_1.12.0/STM32CubeIDE/plugins/com.st.stm32cube.ide.mcu.externaltools.gnu-tools-for-stm32.12.3.rel1.win32_1.0.100.202403111256/tools/bin/../lib/gcc/arm-none-eabi/12.3.1/thumb/v8-m.main+fp/hard\libgcc.a
LOAD C:/ST/STM32CubeIDE_1.12.0/STM32CubeIDE/plugins/com.st.stm32cube.ide.mcu.externaltools.gnu-tools-for-stm32.12.3.rel1.win32_1.0.100.202403111256/tools/bin/../lib/gcc/arm-none-eabi/12.3.1/../../../../arm-none-eabi/lib/thumb/v8-m.main+fp/hard\libc_nano.a
LOAD C:/ST/STM32CubeIDE_1.12.0/STM32CubeIDE/plugins/com.st.stm32cube.ide.mcu.externaltools.gnu-tools-for-stm32.12.3.rel1.win32_1.0.100.202403111256/tools/bin/../lib/gcc/arm-none-eabi/12.3.1/../../../../arm-none-eabi/lib/thumb/v8-m.main+fp/hard\libnosys.a
END GROUP
START GROUP
LOAD C:/ST/STM32CubeIDE_1.12.0/STM32CubeIDE/plugins/com.st.stm32cube.ide.mcu.externaltools.gnu-tools-for-stm32.12.3.rel1.win32_1.0.100.202403111256/tools/bin/../lib/gcc/arm-none-eabi/12.3.1/thumb/v8-m.main+fp/hard\libgcc.a
LOAD C:/ST/STM32CubeIDE_1.12.0/STM32CubeIDE/plugins/com.st.stm32cube.ide.mcu.externaltools.gnu-tools-for-stm32.12.3.rel1.win32_1.0.100.202403111256/tools/bin/../lib/gcc/arm-none-eabi/12.3.1/../../../../arm-none-eabi/lib/thumb/v8-m.main+fp/hard\libc_nano.a
LOAD C:/ST/STM32CubeIDE_1.12.0/STM32CubeIDE/plugins/com.st.stm32cube.ide.mcu.externaltools.gnu-tools-for-stm32.12.3.rel1.win32_1.0.100.202403111256/tools/bin/../lib/gcc/arm-none-eabi/12.3.1/../../../../arm-none-eabi/lib/thumb/v8-m.main+fp/hard\libnosys.a
END GROUP
LOAD C:/ST/STM32CubeIDE_1.12.0/STM32CubeIDE/plugins/com.st.stm32cube.ide.mcu.externaltools.gnu-tools-for-stm32.12.3.rel1.win32_1.0.100.202403111256/tools/bin/../lib/gcc/arm-none-eabi/12.3.1/thumb/v8-m.main+fp/hard/crtend.o
LOAD C:/ST/STM32CubeIDE_1.12.0/STM32CubeIDE/plugins/com.st.stm32cube.ide.mcu.externaltools.gnu-tools-for-stm32.12.3.rel1.win32_1.0.100.202403111256/tools/bin/../lib/gcc/arm-none-eabi/12.3.1/thumb/v8-m.main+fp/hard/crtn.o
                0x20044000                        _estack = (ORIGIN (RAM) + LENGTH (RAM))
                0x00000200                        _Min_Heap_Size = 0x200
                0x00000400                        _Min_Stack_Size = 0x400

.isr_vector     0x08000000      0x254
                0x08000000                        . = ALIGN (0x4)
 *(.isr_vector)
 .isr_vector    0x08000000      0x254 ./Core/Startup/startup_stm32h533retx.o
                0x08000000                g_pfnVectors
                0x08000254                        . = ALIGN (0x4)

.text           0x08000258     0x4d10
                0x08000258                        . = ALIGN (0x4)
 *(.text)
 .text          0x08000258       0x40 C:/ST/STM32CubeIDE_1.12.0/STM32CubeIDE/plugins/com.st.stm32cube.ide.mcu.externaltools.gnu-tools-for-stm32.12.3.rel1.win32_1.0.100.202403111256/tools/bin/../lib/gcc/arm-none-eabi/12.3.1/thumb/v8-m.main+fp/hard/crtbegin.o
 .text          0x08000298      0x378 C:/ST/STM32CubeIDE_1.12.0/STM32CubeIDE/plugins/com.st.stm32cube.ide.mcu.externaltools.gnu-tools-for-stm32.12.3.rel1.win32_1.0.100.202403111256/tools/bin/../lib/gcc/arm-none-eabi/12.3.1/thumb/v8-m.main+fp/hard\libgcc.a(_arm_addsubdf3.o)
                0x08000298                __aeabi_drsub
                0x080002a0                __aeabi_dsub
                0x080002a0                __subdf3
                0x080002a4                __aeabi_dadd
                0x080002a4                __adddf3
                0x0800051c                __floatunsidf
                0x0800051c                __aeabi_ui2d
                0x0800053c                __floatsidf
                0x0800053c                __aeabi_i2d
                0x08000560                __aeabi_f2d
                0x08000560                __extendsfdf2
                0x080005a4                __floatundidf
                0x080005a4                __aeabi_ul2d
                0x080005b4                __floatdidf
                0x080005b4                __aeabi_l2d
 .text          0x08000610      0x424 C:/ST/STM32CubeIDE_1.12.0/STM32CubeIDE/plugins/com.st.stm32cube.ide.mcu.externaltools.gnu-tools-for-stm32.12.3.rel1.win32_1.0.100.202403111256/tools/bin/../lib/gcc/arm-none-eabi/12.3.1/thumb/v8-m.main+fp/hard\libgcc.a(_arm_muldivdf3.o)
                0x08000610                __aeabi_dmul
                0x08000610                __muldf3
                0x08000864                __divdf3
                0x08000864                __aeabi_ddiv
 .text          0x08000a34       0xa0 C:/ST/STM32CubeIDE_1.12.0/STM32CubeIDE/plugins/com.st.stm32cube.ide.mcu.externaltools.gnu-tools-for-stm32.12.3.rel1.win32_1.0.100.202403111256/tools/bin/../lib/gcc/arm-none-eabi/12.3.1/thumb/v8-m.main+fp/hard\libgcc.a(_arm_truncdfsf2.o)
                0x08000a34                __truncdfsf2
                0x08000a34                __aeabi_d2f
 *(.text*)
 .text.__NVIC_SetPriorityGrouping
                0x08000ad4       0x48 ./Core/Src/main.o
 .text.__NVIC_GetPriorityGrouping
                0x08000b1c       0x1c ./Core/Src/main.o
 .text.__NVIC_EnableIRQ
                0x08000b38       0x3c ./Core/Src/main.o
 .text.__NVIC_SetPriority
                0x08000b74       0x54 ./Core/Src/main.o
 .text.NVIC_EncodePriority
                0x08000bc8       0x66 ./Core/Src/main.o
 .text.LL_ADC_REG_SetSamplingMode
                0x08000c2e       0x26 ./Core/Src/main.o
 .text.LL_ADC_REG_SetSequencerRanks
                0x08000c54       0x58 ./Core/Src/main.o
 .text.LL_ADC_SetChannelSamplingTime
                0x08000cac       0x56 ./Core/Src/main.o
 *fill*         0x08000d02        0x2 
 .text.LL_ADC_SetChannelSingleDiff
                0x08000d04       0x48 ./Core/Src/main.o
 .text.LL_ADC_DisableDeepPowerDown
                0x08000d4c       0x24 ./Core/Src/main.o
 .text.LL_ADC_EnableInternalRegulator
                0x08000d70       0x28 ./Core/Src/main.o
 .text.LL_ICACHE_Enable
                0x08000d98       0x20 ./Core/Src/main.o
 .text.LL_PWR_SetRegulVoltageScaling
                0x08000db8       0x28 ./Core/Src/main.o
 .text.LL_PWR_DisableUCPDDeadBattery
                0x08000de0       0x20 ./Core/Src/main.o
 .text.LL_PWR_IsActiveFlag_VOS
                0x08000e00       0x24 ./Core/Src/main.o
 .text.LL_RCC_HSE_Enable
                0x08000e24       0x20 ./Core/Src/main.o
 .text.LL_RCC_HSE_IsReady
                0x08000e44       0x28 ./Core/Src/main.o
 .text.LL_RCC_CSI_Enable
                0x08000e6c       0x20 ./Core/Src/main.o
 .text.LL_RCC_CSI_IsReady
                0x08000e8c       0x28 ./Core/Src/main.o
 .text.LL_RCC_CSI_SetCalibTrimming
                0x08000eb4       0x2c ./Core/Src/main.o
 .text.LL_RCC_SetSysClkSource
                0x08000ee0       0x28 ./Core/Src/main.o
 .text.LL_RCC_GetSysClkSource
                0x08000f08       0x1c ./Core/Src/main.o
 .text.LL_RCC_SetAHBPrescaler
                0x08000f24       0x28 ./Core/Src/main.o
 .text.LL_RCC_SetAPB1Prescaler
                0x08000f4c       0x28 ./Core/Src/main.o
 .text.LL_RCC_SetAPB2Prescaler
                0x08000f74       0x28 ./Core/Src/main.o
 .text.LL_RCC_SetAPB3Prescaler
                0x08000f9c       0x28 ./Core/Src/main.o
 .text.LL_RCC_SetClockSource
                0x08000fc4       0x54 ./Core/Src/main.o
 .text.LL_RCC_SetSPIClockSource
                0x08001018       0x16 ./Core/Src/main.o
 *fill*         0x0800102e        0x2 
 .text.LL_RCC_SetADCDACClockSource
                0x08001030       0x2c ./Core/Src/main.o
 .text.LL_RCC_PLL1_Enable
                0x0800105c       0x20 ./Core/Src/main.o
 .text.LL_RCC_PLL1_IsReady
                0x0800107c       0x28 ./Core/Src/main.o
 .text.LL_RCC_PLL1P_Enable
                0x080010a4       0x20 ./Core/Src/main.o
 .text.LL_RCC_PLL1Q_Enable
                0x080010c4       0x20 ./Core/Src/main.o
 .text.LL_RCC_PLL1_SetSource
                0x080010e4       0x28 ./Core/Src/main.o
 .text.LL_RCC_PLL1_SetN
                0x0800110c       0x30 ./Core/Src/main.o
 .text.LL_RCC_PLL1_SetP
                0x0800113c       0x2c ./Core/Src/main.o
 .text.LL_RCC_PLL1_SetQ
                0x08001168       0x2c ./Core/Src/main.o
 .text.LL_RCC_PLL1_SetR
                0x08001194       0x2c ./Core/Src/main.o
 .text.LL_RCC_PLL1_SetM
                0x080011c0       0x2c ./Core/Src/main.o
 .text.LL_RCC_PLL1_SetVCOInputRange
                0x080011ec       0x2c ./Core/Src/main.o
 .text.LL_RCC_PLL1_SetVCOOutputRange
                0x08001218       0x2c ./Core/Src/main.o
 .text.LL_AHB2_GRP1_EnableClock
                0x08001244       0x38 ./Core/Src/main.o
 .text.LL_APB1_GRP1_EnableClock
                0x0800127c       0x38 ./Core/Src/main.o
 .text.LL_APB2_GRP1_EnableClock
                0x080012b4       0x38 ./Core/Src/main.o
 .text.LL_FLASH_SetLatency
                0x080012ec       0x28 ./Core/Src/main.o
 .text.LL_FLASH_GetLatency
                0x08001314       0x1c ./Core/Src/main.o
 .text.LL_SPI_SetStandard
                0x08001330       0x26 ./Core/Src/main.o
 .text.LL_SPI_EnableNSSPulseMgt
                0x08001356       0x20 ./Core/Src/main.o
 .text.LL_TIM_DisableARRPreload
                0x08001376       0x20 ./Core/Src/main.o
 *fill*         0x08001396        0x2 
 .text.LL_TIM_IC_SetActiveInput
                0x08001398       0xc0 ./Core/Src/main.o
 .text.LL_TIM_IC_SetPrescaler
                0x08001458       0xc0 ./Core/Src/main.o
 .text.LL_TIM_IC_SetFilter
                0x08001518       0xc0 ./Core/Src/main.o
 .text.LL_TIM_IC_SetPolarity
                0x080015d8       0xac ./Core/Src/main.o
 .text.LL_TIM_SetClockSource
                0x08001684       0x2a ./Core/Src/main.o
 .text.LL_TIM_SetEncoderMode
                0x080016ae       0x2a ./Core/Src/main.o
 .text.LL_TIM_SetTriggerOutput
                0x080016d8       0x2a ./Core/Src/main.o
 .text.LL_TIM_SetTriggerOutput2
                0x08001702       0x26 ./Core/Src/main.o
 .text.LL_TIM_DisableMasterSlaveMode
                0x08001728       0x20 ./Core/Src/main.o
 .text.LL_GPIO_ResetOutputPin
                0x08001748       0x1c ./Core/Src/main.o
 .text.main     0x08001764       0x68 ./Core/Src/main.o
                0x08001764                main
 .text.SystemClock_Config
                0x080017cc       0xd4 ./Core/Src/main.o
                0x080017cc                SystemClock_Config
 .text.MX_ADC1_Init
                0x080018a0      0x184 ./Core/Src/main.o
 .text.MX_ADC2_Init
                0x08001a24      0x140 ./Core/Src/main.o
 .text.MX_ICACHE_Init
                0x08001b64        0xc ./Core/Src/main.o
 .text.MX_SPI2_Init
                0x08001b70       0xbc ./Core/Src/main.o
 .text.MX_SPI3_Init
                0x08001c2c       0xdc ./Core/Src/main.o
 .text.MX_TIM1_Init
                0x08001d08       0x6c ./Core/Src/main.o
 .text.MX_TIM2_Init
                0x08001d74      0x138 ./Core/Src/main.o
 .text.MX_TIM3_Init
                0x08001eac       0x80 ./Core/Src/main.o
 .text.MX_TIM4_Init
                0x08001f2c       0x80 ./Core/Src/main.o
 .text.MX_TIM5_Init
                0x08001fac       0xf4 ./Core/Src/main.o
 .text.MX_TIM6_Init
                0x080020a0       0x74 ./Core/Src/main.o
 .text.MX_TIM7_Init
                0x08002114       0x74 ./Core/Src/main.o
 .text.MX_GPIO_Init
                0x08002188      0x138 ./Core/Src/main.o
 .text.LL_TIM_ClearFlag_UPDATE
                0x080022c0       0x1c ./Core/Src/stm32h5xx_it.o
 .text.NMI_Handler
                0x080022dc        0x8 ./Core/Src/stm32h5xx_it.o
                0x080022dc                NMI_Handler
 .text.HardFault_Handler
                0x080022e4        0x8 ./Core/Src/stm32h5xx_it.o
                0x080022e4                HardFault_Handler
 .text.MemManage_Handler
                0x080022ec        0x8 ./Core/Src/stm32h5xx_it.o
                0x080022ec                MemManage_Handler
 .text.BusFault_Handler
                0x080022f4        0x8 ./Core/Src/stm32h5xx_it.o
                0x080022f4                BusFault_Handler
 .text.UsageFault_Handler
                0x080022fc        0x8 ./Core/Src/stm32h5xx_it.o
                0x080022fc                UsageFault_Handler
 .text.SVC_Handler
                0x08002304        0xe ./Core/Src/stm32h5xx_it.o
                0x08002304                SVC_Handler
 .text.DebugMon_Handler
                0x08002312        0xe ./Core/Src/stm32h5xx_it.o
                0x08002312                DebugMon_Handler
 .text.PendSV_Handler
                0x08002320        0xe ./Core/Src/stm32h5xx_it.o
                0x08002320                PendSV_Handler
 *fill*         0x0800232e        0x2 
 .text.SysTick_Handler
                0x08002330       0x1c ./Core/Src/stm32h5xx_it.o
                0x08002330                SysTick_Handler
 .text.TIM3_IRQHandler
                0x0800234c        0xe ./Core/Src/stm32h5xx_it.o
                0x0800234c                TIM3_IRQHandler
 .text.TIM4_IRQHandler
                0x0800235a        0xe ./Core/Src/stm32h5xx_it.o
                0x0800235a                TIM4_IRQHandler
 .text.TIM6_IRQHandler
                0x08002368       0x18 ./Core/Src/stm32h5xx_it.o
                0x08002368                TIM6_IRQHandler
 .text.TIM7_IRQHandler
                0x08002380        0xe ./Core/Src/stm32h5xx_it.o
                0x08002380                TIM7_IRQHandler
 *fill*         0x0800238e        0x2 
 .text._sbrk    0x08002390       0x6c ./Core/Src/sysmem.o
                0x08002390                _sbrk
 .text.SystemInit
                0x080023fc       0xf8 ./Core/Src/system_stm32h5xx.o
                0x080023fc                SystemInit
 .text.Reset_Handler
                0x080024f4       0x50 ./Core/Startup/startup_stm32h533retx.o
                0x080024f4                Reset_Handler
 .text.Default_Handler
                0x08002544        0x2 ./Core/Startup/startup_stm32h533retx.o
                0x08002544                EXTI2_IRQHandler
                0x08002544                TIM8_TRG_COM_IRQHandler
                0x08002544                TIM8_CC_IRQHandler
                0x08002544                EXTI5_IRQHandler
                0x08002544                I3C1_ER_IRQHandler
                0x08002544                SPI4_IRQHandler
                0x08002544                GPDMA2_Channel1_IRQHandler
                0x08002544                FLASH_S_IRQHandler
                0x08002544                EXTI13_IRQHandler
                0x08002544                TIM1_CC_IRQHandler
                0x08002544                GPDMA2_Channel3_IRQHandler
                0x08002544                TAMP_IRQHandler
                0x08002544                EXTI12_IRQHandler
                0x08002544                USB_DRD_FS_IRQHandler
                0x08002544                EXTI3_IRQHandler
                0x08002544                GPDMA1_Channel5_IRQHandler
                0x08002544                EXTI8_IRQHandler
                0x08002544                GPDMA2_Channel5_IRQHandler
                0x08002544                LPTIM2_IRQHandler
                0x08002544                I2C3_ER_IRQHandler
                0x08002544                GPDMA2_Channel2_IRQHandler
                0x08002544                EXTI0_IRQHandler
                0x08002544                I2C2_EV_IRQHandler
                0x08002544                FPU_IRQHandler
                0x08002544                GPDMA1_Channel3_IRQHandler
                0x08002544                GPDMA1_Channel7_IRQHandler
                0x08002544                FDCAN1_IT1_IRQHandler
                0x08002544                RAMCFG_IRQHandler
                0x08002544                DCACHE1_IRQHandler
                0x08002544                SPI1_IRQHandler
                0x08002544                OCTOSPI1_IRQHandler
                0x08002544                GPDMA1_Channel2_IRQHandler
                0x08002544                TIM8_UP_IRQHandler
                0x08002544                RCC_S_IRQHandler
                0x08002544                ADC1_IRQHandler
                0x08002544                PKA_IRQHandler
                0x08002544                USART6_IRQHandler
                0x08002544                I3C2_ER_IRQHandler
                0x08002544                EXTI15_IRQHandler
                0x08002544                USART3_IRQHandler
                0x08002544                RTC_IRQHandler
                0x08002544                EXTI9_IRQHandler
                0x08002544                UART5_IRQHandler
                0x08002544                I3C2_EV_IRQHandler
                0x08002544                I2C1_EV_IRQHandler
                0x08002544                GPDMA1_Channel1_IRQHandler
                0x08002544                UART4_IRQHandler
                0x08002544                SecureFault_Handler
                0x08002544                RCC_IRQHandler
                0x08002544                TIM1_TRG_COM_IRQHandler
                0x08002544                Default_Handler
                0x08002544                CEC_IRQHandler
                0x08002544                OTFDEC1_IRQHandler
                0x08002544                GPDMA2_Channel4_IRQHandler
                0x08002544                TIM12_IRQHandler
                0x08002544                SDMMC1_IRQHandler
                0x08002544                SAES_IRQHandler
                0x08002544                TIM5_IRQHandler
                0x08002544                UCPD1_IRQHandler
                0x08002544                GPDMA1_Channel0_IRQHandler
                0x08002544                I3C1_EV_IRQHandler
                0x08002544                TIM15_IRQHandler
                0x08002544                PVD_AVD_IRQHandler
                0x08002544                I2C3_EV_IRQHandler
                0x08002544                ADC2_IRQHandler
                0x08002544                SPI2_IRQHandler
                0x08002544                EXTI14_IRQHandler
                0x08002544                EXTI11_IRQHandler
                0x08002544                CRS_IRQHandler
                0x08002544                EXTI4_IRQHandler
                0x08002544                GPDMA2_Channel0_IRQHandler
                0x08002544                RTC_S_IRQHandler
                0x08002544                RNG_IRQHandler
                0x08002544                FDCAN2_IT1_IRQHandler
                0x08002544                GPDMA2_Channel6_IRQHandler
                0x08002544                TIM1_UP_IRQHandler
                0x08002544                WWDG_IRQHandler
                0x08002544                FDCAN2_IT0_IRQHandler
                0x08002544                IWDG_IRQHandler
                0x08002544                LPUART1_IRQHandler
                0x08002544                FDCAN1_IT0_IRQHandler
                0x08002544                TIM2_IRQHandler
                0x08002544                GPDMA1_Channel4_IRQHandler
                0x08002544                EXTI7_IRQHandler
                0x08002544                TIM1_BRK_IRQHandler
                0x08002544                EXTI1_IRQHandler
                0x08002544                AES_IRQHandler
                0x08002544                DAC1_IRQHandler
                0x08002544                DTS_IRQHandler
                0x08002544                GTZC_IRQHandler
                0x08002544                USART2_IRQHandler
                0x08002544                GPDMA1_Channel6_IRQHandler
                0x08002544                GPDMA2_Channel7_IRQHandler
                0x08002544                I2C2_ER_IRQHandler
                0x08002544                TIM8_BRK_IRQHandler
                0x08002544                FLASH_IRQHandler
                0x08002544                USART1_IRQHandler
                0x08002544                EXTI10_IRQHandler
                0x08002544                SPI3_IRQHandler
                0x08002544                I2C1_ER_IRQHandler
                0x08002544                FMC_IRQHandler
                0x08002544                EXTI6_IRQHandler
                0x08002544                LPTIM1_IRQHandler
                0x08002544                DCMI_PSSI_IRQHandler
                0x08002544                ICACHE_IRQHandler
                0x08002544                HASH_IRQHandler
 .text.LL_ADC_REG_SetSequencerLength
                0x08002546       0x26 ./Drivers/STM32H5xx_HAL_Driver/Src/stm32h5xx_ll_adc.o
 .text.LL_ADC_IsEnabled
                0x0800256c       0x26 ./Drivers/STM32H5xx_HAL_Driver/Src/stm32h5xx_ll_adc.o
 *fill*         0x08002592        0x2 
 .text.LL_ADC_CommonInit
                0x08002594       0x80 ./Drivers/STM32H5xx_HAL_Driver/Src/stm32h5xx_ll_adc.o
                0x08002594                LL_ADC_CommonInit
 .text.LL_ADC_Init
                0x08002614       0x4c ./Drivers/STM32H5xx_HAL_Driver/Src/stm32h5xx_ll_adc.o
                0x08002614                LL_ADC_Init
 .text.LL_ADC_REG_Init
                0x08002660       0x94 ./Drivers/STM32H5xx_HAL_Driver/Src/stm32h5xx_ll_adc.o
                0x08002660                LL_ADC_REG_Init
 .text.LL_GPIO_SetPinMode
                0x080026f4       0x7a ./Drivers/STM32H5xx_HAL_Driver/Src/stm32h5xx_ll_gpio.o
 .text.LL_GPIO_SetPinOutputType
                0x0800276e       0x30 ./Drivers/STM32H5xx_HAL_Driver/Src/stm32h5xx_ll_gpio.o
 .text.LL_GPIO_SetPinSpeed
                0x0800279e       0x7a ./Drivers/STM32H5xx_HAL_Driver/Src/stm32h5xx_ll_gpio.o
 .text.LL_GPIO_SetPinPull
                0x08002818       0x7a ./Drivers/STM32H5xx_HAL_Driver/Src/stm32h5xx_ll_gpio.o
 .text.LL_GPIO_SetAFPin_0_7
                0x08002892       0x7a ./Drivers/STM32H5xx_HAL_Driver/Src/stm32h5xx_ll_gpio.o
 .text.LL_GPIO_SetAFPin_8_15
                0x0800290c       0x7e ./Drivers/STM32H5xx_HAL_Driver/Src/stm32h5xx_ll_gpio.o
 .text.LL_GPIO_Init
                0x0800298a       0xfc ./Drivers/STM32H5xx_HAL_Driver/Src/stm32h5xx_ll_gpio.o
                0x0800298a                LL_GPIO_Init
 .text.LL_SPI_IsEnabled
                0x08002a86       0x26 ./Drivers/STM32H5xx_HAL_Driver/Src/stm32h5xx_ll_spi.o
 .text.LL_SPI_SetInternalSSLevel
                0x08002aac       0x26 ./Drivers/STM32H5xx_HAL_Driver/Src/stm32h5xx_ll_spi.o
 .text.LL_SPI_GetNSSPolarity
                0x08002ad2       0x1c ./Drivers/STM32H5xx_HAL_Driver/Src/stm32h5xx_ll_spi.o
 .text.LL_SPI_SetCRCPolynomial
                0x08002aee       0x1c ./Drivers/STM32H5xx_HAL_Driver/Src/stm32h5xx_ll_spi.o
 *fill*         0x08002b0a        0x2 
 .text.LL_SPI_Init
                0x08002b0c       0xfc ./Drivers/STM32H5xx_HAL_Driver/Src/stm32h5xx_ll_spi.o
                0x08002b0c                LL_SPI_Init
 .text.LL_TIM_SetPrescaler
                0x08002c08       0x1c ./Drivers/STM32H5xx_HAL_Driver/Src/stm32h5xx_ll_tim.o
 .text.LL_TIM_SetAutoReload
                0x08002c24       0x1c ./Drivers/STM32H5xx_HAL_Driver/Src/stm32h5xx_ll_tim.o
 .text.LL_TIM_SetRepetitionCounter
                0x08002c40       0x1c ./Drivers/STM32H5xx_HAL_Driver/Src/stm32h5xx_ll_tim.o
 .text.LL_TIM_GenerateEvent_UPDATE
                0x08002c5c       0x20 ./Drivers/STM32H5xx_HAL_Driver/Src/stm32h5xx_ll_tim.o
 .text.LL_TIM_Init
                0x08002c7c      0x1b0 ./Drivers/STM32H5xx_HAL_Driver/Src/stm32h5xx_ll_tim.o
                0x08002c7c                LL_TIM_Init
 .text.LL_InitTick
                0x08002e2c       0x34 ./Drivers/STM32H5xx_HAL_Driver/Src/stm32h5xx_ll_utils.o
 .text.LL_Init1msTick
                0x08002e60       0x1a ./Drivers/STM32H5xx_HAL_Driver/Src/stm32h5xx_ll_utils.o
                0x08002e60                LL_Init1msTick
 *fill*         0x08002e7a        0x2 
 .text.LL_SetSystemCoreClock
                0x08002e7c       0x20 ./Drivers/STM32H5xx_HAL_Driver/Src/stm32h5xx_ll_utils.o
                0x08002e7c                LL_SetSystemCoreClock
 .text.__Custom_Exception_Set_Message
                0x08002e9c       0x38 ./External Library/Src/custom_exception.o
                0x08002e9c                __Custom_Exception_Set_Message
 .text.Custom_FileSystem_Load
                0x08002ed4       0x20 ./External Library/Src/custom_filesystem.o
                0x08002ed4                Custom_FileSystem_Load
 .text.Custom_Flash_Check_Error
                0x08002ef4       0x90 ./External Library/Src/custom_flash.o
                0x08002ef4                Custom_Flash_Check_Error
 .text.Custom_Flash_Read
                0x08002f84       0x64 ./External Library/Src/custom_flash.o
                0x08002f84                Custom_Flash_Read
 .text.LL_SPI_Enable
                0x08002fe8       0x20 ./External Library/Src/custom_oled.o
 .text.LL_SPI_StartMasterTransfer
                0x08003008       0x20 ./External Library/Src/custom_oled.o
 .text.LL_SPI_SetTransferDirection
                0x08003028       0x3e ./External Library/Src/custom_oled.o
 .text.LL_SPI_IsActiveFlag_TXP
                0x08003066       0x26 ./External Library/Src/custom_oled.o
 .text.LL_SPI_IsActiveFlag_TXC
                0x0800308c       0x28 ./External Library/Src/custom_oled.o
 .text.LL_SPI_TransmitData8
                0x080030b4       0x20 ./External Library/Src/custom_oled.o
 .text.Custom_GPIO_Set
                0x080030d4       0x3a ./External Library/Src/custom_oled.o
 *fill*         0x0800310e        0x2 
 .text.Custom_OLED_SPI_Tramsnit_Blocking
                0x08003110       0x44 ./External Library/Src/custom_oled.o
 .text.Custom_OLED_Write_Command
                0x08003154       0x5c ./External Library/Src/custom_oled.o
 .text.Custom_OLED_Write_Data
                0x080031b0       0x78 ./External Library/Src/custom_oled.o
 .text.Custom_OLED_Set_Window
                0x08003228       0x4a ./External Library/Src/custom_oled.o
 .text.Custom_OLED_Clear
                0x08003272       0x3e ./External Library/Src/custom_oled.o
                0x08003272                Custom_OLED_Clear
 .text.Custom_OLED_Init
                0x080032b0       0x4c ./External Library/Src/custom_oled.o
                0x080032b0                Custom_OLED_Init
 .text.Custom_OLED_Putchar
                0x080032fc      0x140 ./External Library/Src/custom_oled.o
                0x080032fc                Custom_OLED_Putchar
 .text.Custom_OLED_Printf
                0x0800343c      0x4c8 ./External Library/Src/custom_oled.o
                0x0800343c                Custom_OLED_Printf
 .text.LL_GPIO_ReadInputPort
                0x08003904       0x18 ./External Library/Src/custom_switch.o
 .text.Custom_Delay_Get_SysTick
                0x0800391c       0x18 ./External Library/Src/custom_switch.o
 .text.Custom_Switch_Init_ButtonState
                0x08003934       0x36 ./External Library/Src/custom_switch.o
 *fill*         0x0800396a        0x2 
 .text.Custom_Switch_State_Machine
                0x0800396c      0x130 ./External Library/Src/custom_switch.o
 .text.Custom_Switch_Read
                0x08003a9c       0xc8 ./External Library/Src/custom_switch.o
                0x08003a9c                Custom_Switch_Read
 .text.Custom_Delay_us
                0x08003b64       0x4c ./Main/Src/init.o
 .text.Custom_Delay_ms
                0x08003bb0       0x30 ./Main/Src/init.o
 .text.Custom_Delay_Init_SysTick
                0x08003be0       0x28 ./Main/Src/init.o
 .text.check_delay
                0x08003c08       0x20 ./Main/Src/init.o
                0x08003c08                check_delay
 .text.Init     0x08003c28       0xe0 ./Main/Src/init.o
                0x08003c28                Init
 .text.LL_ADC_Enable
                0x08003d08       0x28 ./Main/Src/sensor.o
 .text.LL_ADC_Disable
                0x08003d30       0x28 ./Main/Src/sensor.o
 .text.LL_ADC_REG_StartConversion
                0x08003d58       0x28 ./Main/Src/sensor.o
 .text.LL_ADC_REG_ReadConversionData12
                0x08003d80       0x1a ./Main/Src/sensor.o
 .text.LL_ADC_IsActiveFlag_EOC
                0x08003d9a       0x26 ./Main/Src/sensor.o
 .text.LL_ADC_ClearFlag_EOC
                0x08003dc0       0x1a ./Main/Src/sensor.o
 .text.LL_TIM_EnableCounter
                0x08003dda       0x20 ./Main/Src/sensor.o
 .text.LL_TIM_DisableCounter
                0x08003dfa       0x20 ./Main/Src/sensor.o
 .text.LL_TIM_EnableIT_UPDATE
                0x08003e1a       0x20 ./Main/Src/sensor.o
 .text.LL_TIM_DisableIT_UPDATE
                0x08003e3a       0x20 ./Main/Src/sensor.o
 *fill*         0x08003e5a        0x2 
 .text.Custom_Delay_us
                0x08003e5c       0x4c ./Main/Src/sensor.o
 .text.Custom_Delay_ms
                0x08003ea8       0x30 ./Main/Src/sensor.o
 .text.Sensor_Start
                0x08003ed8       0x34 ./Main/Src/sensor.o
                0x08003ed8                Sensor_Start
 .text.Sensor_Stop
                0x08003f0c       0x2c ./Main/Src/sensor.o
                0x08003f0c                Sensor_Stop
 .text.sensor_print16
                0x08003f38       0xb8 ./Main/Src/sensor.o
                0x08003f38                sensor_print16
 .text.Sensor_ADC_Read
                0x08003ff0       0x48 ./Main/Src/sensor.o
 .text.Battery_ADC_Read
                0x08004038       0x48 ./Main/Src/sensor.o
 .text.Sensor_TIM6_IRQ
                0x08004080      0x264 ./Main/Src/sensor.o
                0x08004080                Sensor_TIM6_IRQ
 .text.Sensor_Test_Raw
                0x080042e4       0x38 ./Main/Src/sensor.o
                0x080042e4                Sensor_Test_Raw
 .text.window_position
                0x0800431c      0x24c ./Main/Src/sensor.o
                0x0800431c                window_position
 .text.test_window
                0x08004568       0x84 ./Main/Src/sensor.o
                0x08004568                test_window
 .text._vsprintf_r
                0x080045ec       0x2c C:/ST/STM32CubeIDE_1.12.0/STM32CubeIDE/plugins/com.st.stm32cube.ide.mcu.externaltools.gnu-tools-for-stm32.12.3.rel1.win32_1.0.100.202403111256/tools/bin/../lib/gcc/arm-none-eabi/12.3.1/../../../../arm-none-eabi/lib/thumb/v8-m.main+fp/hard\libc_nano.a(libc_a-vsprintf.o)
                0x080045ec                _vsprintf_r
                0x080045ec                _vsiprintf_r
 .text.vsprintf
                0x08004618       0x14 C:/ST/STM32CubeIDE_1.12.0/STM32CubeIDE/plugins/com.st.stm32cube.ide.mcu.externaltools.gnu-tools-for-stm32.12.3.rel1.win32_1.0.100.202403111256/tools/bin/../lib/gcc/arm-none-eabi/12.3.1/../../../../arm-none-eabi/lib/thumb/v8-m.main+fp/hard\libc_nano.a(libc_a-vsprintf.o)
                0x08004618                vsiprintf
                0x08004618                vsprintf
 .text.memset   0x0800462c       0x10 C:/ST/STM32CubeIDE_1.12.0/STM32CubeIDE/plugins/com.st.stm32cube.ide.mcu.externaltools.gnu-tools-for-stm32.12.3.rel1.win32_1.0.100.202403111256/tools/bin/../lib/gcc/arm-none-eabi/12.3.1/../../../../arm-none-eabi/lib/thumb/v8-m.main+fp/hard\libc_nano.a(libc_a-memset.o)
                0x0800462c                memset
 .text.__errno  0x0800463c        0xc C:/ST/STM32CubeIDE_1.12.0/STM32CubeIDE/plugins/com.st.stm32cube.ide.mcu.externaltools.gnu-tools-for-stm32.12.3.rel1.win32_1.0.100.202403111256/tools/bin/../lib/gcc/arm-none-eabi/12.3.1/../../../../arm-none-eabi/lib/thumb/v8-m.main+fp/hard\libc_nano.a(libc_a-errno.o)
                0x0800463c                __errno
 .text.__libc_init_array
                0x08004648       0x48 C:/ST/STM32CubeIDE_1.12.0/STM32CubeIDE/plugins/com.st.stm32cube.ide.mcu.externaltools.gnu-tools-for-stm32.12.3.rel1.win32_1.0.100.202403111256/tools/bin/../lib/gcc/arm-none-eabi/12.3.1/../../../../arm-none-eabi/lib/thumb/v8-m.main+fp/hard\libc_nano.a(libc_a-init.o)
                0x08004648                __libc_init_array
 .text.__retarget_lock_acquire_recursive
                0x08004690        0x2 C:/ST/STM32CubeIDE_1.12.0/STM32CubeIDE/plugins/com.st.stm32cube.ide.mcu.externaltools.gnu-tools-for-stm32.12.3.rel1.win32_1.0.100.202403111256/tools/bin/../lib/gcc/arm-none-eabi/12.3.1/../../../../arm-none-eabi/lib/thumb/v8-m.main+fp/hard\libc_nano.a(libc_a-lock.o)
                0x08004690                __retarget_lock_acquire_recursive
 .text.__retarget_lock_release_recursive
                0x08004692        0x2 C:/ST/STM32CubeIDE_1.12.0/STM32CubeIDE/plugins/com.st.stm32cube.ide.mcu.externaltools.gnu-tools-for-stm32.12.3.rel1.win32_1.0.100.202403111256/tools/bin/../lib/gcc/arm-none-eabi/12.3.1/../../../../arm-none-eabi/lib/thumb/v8-m.main+fp/hard\libc_nano.a(libc_a-lock.o)
                0x08004692                __retarget_lock_release_recursive
 .text._free_r  0x08004694       0x94 C:/ST/STM32CubeIDE_1.12.0/STM32CubeIDE/plugins/com.st.stm32cube.ide.mcu.externaltools.gnu-tools-for-stm32.12.3.rel1.win32_1.0.100.202403111256/tools/bin/../lib/gcc/arm-none-eabi/12.3.1/../../../../arm-none-eabi/lib/thumb/v8-m.main+fp/hard\libc_nano.a(libc_a-freer.o)
                0x08004694                _free_r
 .text.sbrk_aligned
                0x08004728       0x44 C:/ST/STM32CubeIDE_1.12.0/STM32CubeIDE/plugins/com.st.stm32cube.ide.mcu.externaltools.gnu-tools-for-stm32.12.3.rel1.win32_1.0.100.202403111256/tools/bin/../lib/gcc/arm-none-eabi/12.3.1/../../../../arm-none-eabi/lib/thumb/v8-m.main+fp/hard\libc_nano.a(libc_a-mallocr.o)
 .text._malloc_r
                0x0800476c      0x100 C:/ST/STM32CubeIDE_1.12.0/STM32CubeIDE/plugins/com.st.stm32cube.ide.mcu.externaltools.gnu-tools-for-stm32.12.3.rel1.win32_1.0.100.202403111256/tools/bin/../lib/gcc/arm-none-eabi/12.3.1/../../../../arm-none-eabi/lib/thumb/v8-m.main+fp/hard\libc_nano.a(libc_a-mallocr.o)
                0x0800476c                _malloc_r
 .text.__malloc_lock
                0x0800486c        0xc C:/ST/STM32CubeIDE_1.12.0/STM32CubeIDE/plugins/com.st.stm32cube.ide.mcu.externaltools.gnu-tools-for-stm32.12.3.rel1.win32_1.0.100.202403111256/tools/bin/../lib/gcc/arm-none-eabi/12.3.1/../../../../arm-none-eabi/lib/thumb/v8-m.main+fp/hard\libc_nano.a(libc_a-mlock.o)
                0x0800486c                __malloc_lock
 .text.__malloc_unlock
                0x08004878        0xc C:/ST/STM32CubeIDE_1.12.0/STM32CubeIDE/plugins/com.st.stm32cube.ide.mcu.externaltools.gnu-tools-for-stm32.12.3.rel1.win32_1.0.100.202403111256/tools/bin/../lib/gcc/arm-none-eabi/12.3.1/../../../../arm-none-eabi/lib/thumb/v8-m.main+fp/hard\libc_nano.a(libc_a-mlock.o)
                0x08004878                __malloc_unlock
 .text.__ssputs_r
                0x08004884       0xb6 C:/ST/STM32CubeIDE_1.12.0/STM32CubeIDE/plugins/com.st.stm32cube.ide.mcu.externaltools.gnu-tools-for-stm32.12.3.rel1.win32_1.0.100.202403111256/tools/bin/../lib/gcc/arm-none-eabi/12.3.1/../../../../arm-none-eabi/lib/thumb/v8-m.main+fp/hard\libc_nano.a(libc_a-nano-svfprintf.o)
                0x08004884                __ssputs_r
 *fill*         0x0800493a        0x2 
 .text._svfprintf_r
                0x0800493c      0x1f8 C:/ST/STM32CubeIDE_1.12.0/STM32CubeIDE/plugins/com.st.stm32cube.ide.mcu.externaltools.gnu-tools-for-stm32.12.3.rel1.win32_1.0.100.202403111256/tools/bin/../lib/gcc/arm-none-eabi/12.3.1/../../../../arm-none-eabi/lib/thumb/v8-m.main+fp/hard\libc_nano.a(libc_a-nano-svfprintf.o)
                0x0800493c                _svfiprintf_r
                0x0800493c                _svfprintf_r
 .text._printf_common
                0x08004b34       0xe4 C:/ST/STM32CubeIDE_1.12.0/STM32CubeIDE/plugins/com.st.stm32cube.ide.mcu.externaltools.gnu-tools-for-stm32.12.3.rel1.win32_1.0.100.202403111256/tools/bin/../lib/gcc/arm-none-eabi/12.3.1/../../../../arm-none-eabi/lib/thumb/v8-m.main+fp/hard\libc_nano.a(libc_a-nano-vfprintf_i.o)
                0x08004b34                _printf_common
 .text._printf_i
                0x08004c18      0x240 C:/ST/STM32CubeIDE_1.12.0/STM32CubeIDE/plugins/com.st.stm32cube.ide.mcu.externaltools.gnu-tools-for-stm32.12.3.rel1.win32_1.0.100.202403111256/tools/bin/../lib/gcc/arm-none-eabi/12.3.1/../../../../arm-none-eabi/lib/thumb/v8-m.main+fp/hard\libc_nano.a(libc_a-nano-vfprintf_i.o)
                0x08004c18                _printf_i
 .text.memmove  0x08004e58       0x34 C:/ST/STM32CubeIDE_1.12.0/STM32CubeIDE/plugins/com.st.stm32cube.ide.mcu.externaltools.gnu-tools-for-stm32.12.3.rel1.win32_1.0.100.202403111256/tools/bin/../lib/gcc/arm-none-eabi/12.3.1/../../../../arm-none-eabi/lib/thumb/v8-m.main+fp/hard\libc_nano.a(libc_a-memmove.o)
                0x08004e58                memmove
 .text._sbrk_r  0x08004e8c       0x20 C:/ST/STM32CubeIDE_1.12.0/STM32CubeIDE/plugins/com.st.stm32cube.ide.mcu.externaltools.gnu-tools-for-stm32.12.3.rel1.win32_1.0.100.202403111256/tools/bin/../lib/gcc/arm-none-eabi/12.3.1/../../../../arm-none-eabi/lib/thumb/v8-m.main+fp/hard\libc_nano.a(libc_a-sbrkr.o)
                0x08004e8c                _sbrk_r
 .text.memchr   0x08004eac       0x1c C:/ST/STM32CubeIDE_1.12.0/STM32CubeIDE/plugins/com.st.stm32cube.ide.mcu.externaltools.gnu-tools-for-stm32.12.3.rel1.win32_1.0.100.202403111256/tools/bin/../lib/gcc/arm-none-eabi/12.3.1/../../../../arm-none-eabi/lib/thumb/v8-m.main+fp/hard\libc_nano.a(libc_a-memchr-stub.o)
                0x08004eac                memchr
 .text.memcpy   0x08004ec8       0x1a C:/ST/STM32CubeIDE_1.12.0/STM32CubeIDE/plugins/com.st.stm32cube.ide.mcu.externaltools.gnu-tools-for-stm32.12.3.rel1.win32_1.0.100.202403111256/tools/bin/../lib/gcc/arm-none-eabi/12.3.1/../../../../arm-none-eabi/lib/thumb/v8-m.main+fp/hard\libc_nano.a(libc_a-memcpy-stub.o)
                0x08004ec8                memcpy
 .text._realloc_r
                0x08004ee2       0x5c C:/ST/STM32CubeIDE_1.12.0/STM32CubeIDE/plugins/com.st.stm32cube.ide.mcu.externaltools.gnu-tools-for-stm32.12.3.rel1.win32_1.0.100.202403111256/tools/bin/../lib/gcc/arm-none-eabi/12.3.1/../../../../arm-none-eabi/lib/thumb/v8-m.main+fp/hard\libc_nano.a(libc_a-reallocr.o)
                0x08004ee2                _realloc_r
 .text._malloc_usable_size_r
                0x08004f3e       0x10 C:/ST/STM32CubeIDE_1.12.0/STM32CubeIDE/plugins/com.st.stm32cube.ide.mcu.externaltools.gnu-tools-for-stm32.12.3.rel1.win32_1.0.100.202403111256/tools/bin/../lib/gcc/arm-none-eabi/12.3.1/../../../../arm-none-eabi/lib/thumb/v8-m.main+fp/hard\libc_nano.a(libc_a-msizer.o)
                0x08004f3e                _malloc_usable_size_r
 *(.glue_7)
 .glue_7        0x08004f4e        0x0 linker stubs
 *(.glue_7t)
 .glue_7t       0x08004f4e        0x0 linker stubs
 *(.eh_frame)
 *fill*         0x08004f4e        0x2 
 .eh_frame      0x08004f50        0x0 C:/ST/STM32CubeIDE_1.12.0/STM32CubeIDE/plugins/com.st.stm32cube.ide.mcu.externaltools.gnu-tools-for-stm32.12.3.rel1.win32_1.0.100.202403111256/tools/bin/../lib/gcc/arm-none-eabi/12.3.1/thumb/v8-m.main+fp/hard/crtbegin.o
 *(.init)
 .init          0x08004f50        0x4 C:/ST/STM32CubeIDE_1.12.0/STM32CubeIDE/plugins/com.st.stm32cube.ide.mcu.externaltools.gnu-tools-for-stm32.12.3.rel1.win32_1.0.100.202403111256/tools/bin/../lib/gcc/arm-none-eabi/12.3.1/thumb/v8-m.main+fp/hard/crti.o
                0x08004f50                _init
 .init          0x08004f54        0x8 C:/ST/STM32CubeIDE_1.12.0/STM32CubeIDE/plugins/com.st.stm32cube.ide.mcu.externaltools.gnu-tools-for-stm32.12.3.rel1.win32_1.0.100.202403111256/tools/bin/../lib/gcc/arm-none-eabi/12.3.1/thumb/v8-m.main+fp/hard/crtn.o
 *(.fini)
 .fini          0x08004f5c        0x4 C:/ST/STM32CubeIDE_1.12.0/STM32CubeIDE/plugins/com.st.stm32cube.ide.mcu.externaltools.gnu-tools-for-stm32.12.3.rel1.win32_1.0.100.202403111256/tools/bin/../lib/gcc/arm-none-eabi/12.3.1/thumb/v8-m.main+fp/hard/crti.o
                0x08004f5c                _fini
 .fini          0x08004f60        0x8 C:/ST/STM32CubeIDE_1.12.0/STM32CubeIDE/plugins/com.st.stm32cube.ide.mcu.externaltools.gnu-tools-for-stm32.12.3.rel1.win32_1.0.100.202403111256/tools/bin/../lib/gcc/arm-none-eabi/12.3.1/thumb/v8-m.main+fp/hard/crtn.o
                0x08004f68                        . = ALIGN (0x4)
                0x08004f68                        _etext = .

.vfp11_veneer   0x08004f68        0x0
 .vfp11_veneer  0x08004f68        0x0 linker stubs

.v4_bx          0x08004f68        0x0
 .v4_bx         0x08004f68        0x0 linker stubs

.iplt           0x08004f68        0x0
 .iplt          0x08004f68        0x0 C:/ST/STM32CubeIDE_1.12.0/STM32CubeIDE/plugins/com.st.stm32cube.ide.mcu.externaltools.gnu-tools-for-stm32.12.3.rel1.win32_1.0.100.202403111256/tools/bin/../lib/gcc/arm-none-eabi/12.3.1/thumb/v8-m.main+fp/hard/crtbegin.o

.rodata         0x08004f68      0x4a4
                0x08004f68                        . = ALIGN (0x4)
 *(.rodata)
 .rodata        0x08004f68       0xe3 ./External Library/Src/custom_flash.o
 *fill*         0x0800504b        0x1 
 .rodata        0x0800504c       0x25 ./External Library/Src/custom_oled.o
 *fill*         0x08005071        0x3 
 .rodata        0x08005074       0x21 ./Main/Src/init.o
 *fill*         0x08005095        0x3 
 .rodata        0x08005098       0x9a ./Main/Src/sensor.o
 *(.rodata*)
 *fill*         0x08005132        0x2 
 .rodata.OFFSET_TAB_CCMRx
                0x08005134        0xa ./Core/Src/main.o
 *fill*         0x0800513e        0x2 
 .rodata.SHIFT_TAB_ICxx
                0x08005140        0xa ./Core/Src/main.o
 *fill*         0x0800514a        0x2 
 .rodata.SHIFT_TAB_CCxP
                0x0800514c        0xa ./Core/Src/main.o
 *fill*         0x08005156        0x2 
 .rodata.STARFONT_ASCII
                0x08005158      0x280 ./External Library/Src/custom_oled.o
                0x08005158                STARFONT_ASCII
 .rodata._svfprintf_r.str1.1
                0x080053d8       0x11 C:/ST/STM32CubeIDE_1.12.0/STM32CubeIDE/plugins/com.st.stm32cube.ide.mcu.externaltools.gnu-tools-for-stm32.12.3.rel1.win32_1.0.100.202403111256/tools/bin/../lib/gcc/arm-none-eabi/12.3.1/../../../../arm-none-eabi/lib/thumb/v8-m.main+fp/hard\libc_nano.a(libc_a-nano-svfprintf.o)
 .rodata._printf_i.str1.1
                0x080053e9       0x22 C:/ST/STM32CubeIDE_1.12.0/STM32CubeIDE/plugins/com.st.stm32cube.ide.mcu.externaltools.gnu-tools-for-stm32.12.3.rel1.win32_1.0.100.202403111256/tools/bin/../lib/gcc/arm-none-eabi/12.3.1/../../../../arm-none-eabi/lib/thumb/v8-m.main+fp/hard\libc_nano.a(libc_a-nano-vfprintf_i.o)
                0x0800540c                        . = ALIGN (0x4)
 *fill*         0x0800540b        0x1 

.ARM.extab      0x0800540c        0x0
                0x0800540c                        . = ALIGN (0x4)
 *(.ARM.extab* .gnu.linkonce.armextab.*)
                0x0800540c                        . = ALIGN (0x4)

.ARM            0x0800540c        0x0
                0x0800540c                        . = ALIGN (0x4)
                0x0800540c                        __exidx_start = .
 *(.ARM.exidx*)
                0x0800540c                        __exidx_end = .
                0x0800540c                        . = ALIGN (0x4)

.preinit_array  0x0800540c        0x0
                0x0800540c                        . = ALIGN (0x4)
                0x0800540c                        PROVIDE (__preinit_array_start = .)
 *(.preinit_array*)
                0x0800540c                        PROVIDE (__preinit_array_end = .)
                0x0800540c                        . = ALIGN (0x4)

.init_array     0x0800540c        0x4
                0x0800540c                        . = ALIGN (0x4)
                0x0800540c                        PROVIDE (__init_array_start = .)
 *(SORT_BY_NAME(.init_array.*))
 *(.init_array*)
 .init_array    0x0800540c        0x4 C:/ST/STM32CubeIDE_1.12.0/STM32CubeIDE/plugins/com.st.stm32cube.ide.mcu.externaltools.gnu-tools-for-stm32.12.3.rel1.win32_1.0.100.202403111256/tools/bin/../lib/gcc/arm-none-eabi/12.3.1/thumb/v8-m.main+fp/hard/crtbegin.o
                0x08005410                        PROVIDE (__init_array_end = .)
                0x08005410                        . = ALIGN (0x4)

.fini_array     0x08005410        0x4
                0x08005410                        . = ALIGN (0x4)
                [!provide]                        PROVIDE (__fini_array_start = .)
 *(SORT_BY_NAME(.fini_array.*))
 *(.fini_array*)
 .fini_array    0x08005410        0x4 C:/ST/STM32CubeIDE_1.12.0/STM32CubeIDE/plugins/com.st.stm32cube.ide.mcu.externaltools.gnu-tools-for-stm32.12.3.rel1.win32_1.0.100.202403111256/tools/bin/../lib/gcc/arm-none-eabi/12.3.1/thumb/v8-m.main+fp/hard/crtbegin.o
                [!provide]                        PROVIDE (__fini_array_end = .)
                0x08005414                        . = ALIGN (0x4)
                0x08005414                        _sidata = LOADADDR (.data)

.rel.dyn        0x08005414        0x0
 .rel.iplt      0x08005414        0x0 C:/ST/STM32CubeIDE_1.12.0/STM32CubeIDE/plugins/com.st.stm32cube.ide.mcu.externaltools.gnu-tools-for-stm32.12.3.rel1.win32_1.0.100.202403111256/tools/bin/../lib/gcc/arm-none-eabi/12.3.1/thumb/v8-m.main+fp/hard/crtbegin.o

.data           0x20000000       0x7c load address 0x08005414
                0x20000000                        . = ALIGN (0x4)
                0x20000000                        _sdata = .
 *(.data)
 *(.data*)
 .data.SystemCoreClock
                0x20000000        0x4 ./Core/Src/system_stm32h5xx.o
                0x20000000                SystemCoreClock
 .data.in_menu  0x20000004       0x24 ./Main/Src/init.o
                0x20000004                in_menu
 .data.sensorThreshold
                0x20000028        0x1 ./Main/Src/sensor.o
                0x20000028                sensorThreshold
 *fill*         0x20000029        0x3 
 .data._impure_ptr
                0x2000002c        0x4 C:/ST/STM32CubeIDE_1.12.0/STM32CubeIDE/plugins/com.st.stm32cube.ide.mcu.externaltools.gnu-tools-for-stm32.12.3.rel1.win32_1.0.100.202403111256/tools/bin/../lib/gcc/arm-none-eabi/12.3.1/../../../../arm-none-eabi/lib/thumb/v8-m.main+fp/hard\libc_nano.a(libc_a-impure.o)
                0x2000002c                _impure_ptr
 .data._impure_data
                0x20000030       0x4c C:/ST/STM32CubeIDE_1.12.0/STM32CubeIDE/plugins/com.st.stm32cube.ide.mcu.externaltools.gnu-tools-for-stm32.12.3.rel1.win32_1.0.100.202403111256/tools/bin/../lib/gcc/arm-none-eabi/12.3.1/../../../../arm-none-eabi/lib/thumb/v8-m.main+fp/hard\libc_nano.a(libc_a-impure.o)
                0x20000030                _impure_data
 *(.RamFunc)
 *(.RamFunc*)
                0x2000007c                        . = ALIGN (0x4)
                0x2000007c                        _edata = .

.igot.plt       0x2000007c        0x0 load address 0x08005490
 .igot.plt      0x2000007c        0x0 C:/ST/STM32CubeIDE_1.12.0/STM32CubeIDE/plugins/com.st.stm32cube.ide.mcu.externaltools.gnu-tools-for-stm32.12.3.rel1.win32_1.0.100.202403111256/tools/bin/../lib/gcc/arm-none-eabi/12.3.1/thumb/v8-m.main+fp/hard/crtbegin.o
                0x2000007c                        . = ALIGN (0x4)

.bss            0x2000007c     0x1404 load address 0x08005490
                0x2000007c                        _sbss = .
                0x2000007c                        __bss_start__ = _sbss
 *(.bss)
 .bss           0x2000007c       0x1c C:/ST/STM32CubeIDE_1.12.0/STM32CubeIDE/plugins/com.st.stm32cube.ide.mcu.externaltools.gnu-tools-for-stm32.12.3.rel1.win32_1.0.100.202403111256/tools/bin/../lib/gcc/arm-none-eabi/12.3.1/thumb/v8-m.main+fp/hard/crtbegin.o
 *(.bss*)
 .bss.uwTick    0x20000098        0x4 ./Core/Src/stm32h5xx_it.o
                0x20000098                uwTick
 .bss.__sbrk_heap_end
                0x2000009c        0x4 ./Core/Src/sysmem.o
 .bss._file     0x200000a0        0x4 ./External Library/Src/custom_exception.o
 .bss._line     0x200000a4        0x4 ./External Library/Src/custom_exception.o
 .bss._message  0x200000a8        0x4 ./External Library/Src/custom_exception.o
 .bss.filesystem
                0x200000ac     0x1001 ./External Library/Src/custom_filesystem.o
                0x200000ac                filesystem
 .bss.filesystemLoaded
                0x200010ad        0x1 ./External Library/Src/custom_filesystem.o
                0x200010ad                filesystemLoaded
 *fill*         0x200010ae        0x2 
 .bss.data.0    0x200010b0      0x140 ./External Library/Src/custom_oled.o
 .bss.isInitialized.2
                0x200011f0        0x1 ./External Library/Src/custom_switch.o
 *fill*         0x200011f1        0x3 
 .bss.sw1.1     0x200011f4       0x14 ./External Library/Src/custom_switch.o
 .bss.sw2.0     0x20001208       0x14 ./External Library/Src/custom_switch.o
 .bss.sensorRaw
                0x2000121c       0x40 ./Main/Src/sensor.o
                0x2000121c                sensorRaw
 .bss.batteryVolt
                0x2000125c        0x4 ./Main/Src/sensor.o
                0x2000125c                batteryVolt
 .bss.whiteMax  0x20001260       0x40 ./Main/Src/sensor.o
                0x20001260                whiteMax
 .bss.blackMax  0x200012a0       0x40 ./Main/Src/sensor.o
                0x200012a0                blackMax
 .bss.normalized
                0x200012e0       0x40 ./Main/Src/sensor.o
                0x200012e0                normalized
 .bss.sw        0x20001320        0x1 ./Main/Src/sensor.o
                0x20001320                sw
 *fill*         0x20001321        0x1 
 .bss.SensorState
                0x20001322        0x2 ./Main/Src/sensor.o
                0x20001322                SensorState
 .bss.normalized_value
                0x20001324        0x4 ./Main/Src/sensor.o
                0x20001324                normalized_value
 .bss.position_value
                0x20001328        0x2 ./Main/Src/sensor.o
                0x20001328                position_value
 *fill*         0x2000132a        0x2 
 .bss.Window    0x2000132c        0x6 ./Main/Src/sensor.o
                0x2000132c                Window
 *fill*         0x20001332        0x2 
 .bss.i.0       0x20001334        0x4 ./Main/Src/sensor.o
 .bss.__sf      0x20001338      0x138 C:/ST/STM32CubeIDE_1.12.0/STM32CubeIDE/plugins/com.st.stm32cube.ide.mcu.externaltools.gnu-tools-for-stm32.12.3.rel1.win32_1.0.100.202403111256/tools/bin/../lib/gcc/arm-none-eabi/12.3.1/../../../../arm-none-eabi/lib/thumb/v8-m.main+fp/hard\libc_nano.a(libc_a-findfp.o)
                0x20001338                __sf
 .bss.errno     0x20001470        0x4 C:/ST/STM32CubeIDE_1.12.0/STM32CubeIDE/plugins/com.st.stm32cube.ide.mcu.externaltools.gnu-tools-for-stm32.12.3.rel1.win32_1.0.100.202403111256/tools/bin/../lib/gcc/arm-none-eabi/12.3.1/../../../../arm-none-eabi/lib/thumb/v8-m.main+fp/hard\libc_nano.a(libc_a-reent.o)
                0x20001470                errno
 .bss.__lock___malloc_recursive_mutex
                0x20001474        0x1 C:/ST/STM32CubeIDE_1.12.0/STM32CubeIDE/plugins/com.st.stm32cube.ide.mcu.externaltools.gnu-tools-for-stm32.12.3.rel1.win32_1.0.100.202403111256/tools/bin/../lib/gcc/arm-none-eabi/12.3.1/../../../../arm-none-eabi/lib/thumb/v8-m.main+fp/hard\libc_nano.a(libc_a-lock.o)
                0x20001474                __lock___malloc_recursive_mutex
 *fill*         0x20001475        0x3 
 .bss.__malloc_sbrk_start
                0x20001478        0x4 C:/ST/STM32CubeIDE_1.12.0/STM32CubeIDE/plugins/com.st.stm32cube.ide.mcu.externaltools.gnu-tools-for-stm32.12.3.rel1.win32_1.0.100.202403111256/tools/bin/../lib/gcc/arm-none-eabi/12.3.1/../../../../arm-none-eabi/lib/thumb/v8-m.main+fp/hard\libc_nano.a(libc_a-mallocr.o)
                0x20001478                __malloc_sbrk_start
 .bss.__malloc_free_list
                0x2000147c        0x4 C:/ST/STM32CubeIDE_1.12.0/STM32CubeIDE/plugins/com.st.stm32cube.ide.mcu.externaltools.gnu-tools-for-stm32.12.3.rel1.win32_1.0.100.202403111256/tools/bin/../lib/gcc/arm-none-eabi/12.3.1/../../../../arm-none-eabi/lib/thumb/v8-m.main+fp/hard\libc_nano.a(libc_a-mallocr.o)
                0x2000147c                __malloc_free_list
 *(COMMON)
                0x20001480                        . = ALIGN (0x4)
                0x20001480                        _ebss = .
                0x20001480                        __bss_end__ = _ebss

._user_heap_stack
                0x20001480      0x600 load address 0x08005490
                0x20001480                        . = ALIGN (0x8)
                [!provide]                        PROVIDE (end = .)
                0x20001480                        PROVIDE (_end = .)
                0x20001680                        . = (. + _Min_Heap_Size)
 *fill*         0x20001480      0x200 
                0x20001a80                        . = (. + _Min_Stack_Size)
 *fill*         0x20001680      0x400 
                0x20001a80                        . = ALIGN (0x8)

/DISCARD/
 libc.a(*)
 libm.a(*)
 libgcc.a(*)

.ARM.attributes
                0x00000000       0x36
 *(.ARM.attributes)
 .ARM.attributes
                0x00000000       0x26 C:/ST/STM32CubeIDE_1.12.0/STM32CubeIDE/plugins/com.st.stm32cube.ide.mcu.externaltools.gnu-tools-for-stm32.12.3.rel1.win32_1.0.100.202403111256/tools/bin/../lib/gcc/arm-none-eabi/12.3.1/thumb/v8-m.main+fp/hard/crti.o
 .ARM.attributes
                0x00000026       0x38 C:/ST/STM32CubeIDE_1.12.0/STM32CubeIDE/plugins/com.st.stm32cube.ide.mcu.externaltools.gnu-tools-for-stm32.12.3.rel1.win32_1.0.100.202403111256/tools/bin/../lib/gcc/arm-none-eabi/12.3.1/thumb/v8-m.main+fp/hard/crtbegin.o
 .ARM.attributes
                0x0000005e       0x3a ./Core/Src/main.o
 .ARM.attributes
                0x00000098       0x3a ./Core/Src/stm32h5xx_it.o
 .ARM.attributes
                0x000000d2       0x3a ./Core/Src/sysmem.o
 .ARM.attributes
                0x0000010c       0x3a ./Core/Src/system_stm32h5xx.o
 .ARM.attributes
                0x00000146       0x24 ./Core/Startup/startup_stm32h533retx.o
 .ARM.attributes
                0x0000016a       0x3a ./Drivers/STM32H5xx_HAL_Driver/Src/stm32h5xx_ll_adc.o
 .ARM.attributes
                0x000001a4       0x3a ./Drivers/STM32H5xx_HAL_Driver/Src/stm32h5xx_ll_gpio.o
 .ARM.attributes
                0x000001de       0x3a ./Drivers/STM32H5xx_HAL_Driver/Src/stm32h5xx_ll_spi.o
 .ARM.attributes
                0x00000218       0x3a ./Drivers/STM32H5xx_HAL_Driver/Src/stm32h5xx_ll_tim.o
 .ARM.attributes
                0x00000252       0x3a ./Drivers/STM32H5xx_HAL_Driver/Src/stm32h5xx_ll_utils.o
 .ARM.attributes
                0x0000028c       0x3a ./External Library/Src/custom_exception.o
 .ARM.attributes
                0x000002c6       0x3a ./External Library/Src/custom_filesystem.o
 .ARM.attributes
                0x00000300       0x3a ./External Library/Src/custom_flash.o
 .ARM.attributes
                0x0000033a       0x3a ./External Library/Src/custom_oled.o
 .ARM.attributes
                0x00000374       0x3a ./External Library/Src/custom_switch.o
 .ARM.attributes
                0x000003ae       0x3a ./Main/Src/init.o
 .ARM.attributes
                0x000003e8       0x3a ./Main/Src/sensor.o
 .ARM.attributes
                0x00000422       0x38 C:/ST/STM32CubeIDE_1.12.0/STM32CubeIDE/plugins/com.st.stm32cube.ide.mcu.externaltools.gnu-tools-for-stm32.12.3.rel1.win32_1.0.100.202403111256/tools/bin/../lib/gcc/arm-none-eabi/12.3.1/../../../../arm-none-eabi/lib/thumb/v8-m.main+fp/hard\libc_nano.a(libc_a-findfp.o)
 .ARM.attributes
                0x0000045a       0x38 C:/ST/STM32CubeIDE_1.12.0/STM32CubeIDE/plugins/com.st.stm32cube.ide.mcu.externaltools.gnu-tools-for-stm32.12.3.rel1.win32_1.0.100.202403111256/tools/bin/../lib/gcc/arm-none-eabi/12.3.1/../../../../arm-none-eabi/lib/thumb/v8-m.main+fp/hard\libc_nano.a(libc_a-vsprintf.o)
 .ARM.attributes
                0x00000492       0x38 C:/ST/STM32CubeIDE_1.12.0/STM32CubeIDE/plugins/com.st.stm32cube.ide.mcu.externaltools.gnu-tools-for-stm32.12.3.rel1.win32_1.0.100.202403111256/tools/bin/../lib/gcc/arm-none-eabi/12.3.1/../../../../arm-none-eabi/lib/thumb/v8-m.main+fp/hard\libc_nano.a(libc_a-memset.o)
 .ARM.attributes
                0x000004ca       0x38 C:/ST/STM32CubeIDE_1.12.0/STM32CubeIDE/plugins/com.st.stm32cube.ide.mcu.externaltools.gnu-tools-for-stm32.12.3.rel1.win32_1.0.100.202403111256/tools/bin/../lib/gcc/arm-none-eabi/12.3.1/../../../../arm-none-eabi/lib/thumb/v8-m.main+fp/hard\libc_nano.a(libc_a-reent.o)
 .ARM.attributes
                0x00000502       0x38 C:/ST/STM32CubeIDE_1.12.0/STM32CubeIDE/plugins/com.st.stm32cube.ide.mcu.externaltools.gnu-tools-for-stm32.12.3.rel1.win32_1.0.100.202403111256/tools/bin/../lib/gcc/arm-none-eabi/12.3.1/../../../../arm-none-eabi/lib/thumb/v8-m.main+fp/hard\libc_nano.a(libc_a-impure.o)
 .ARM.attributes
                0x0000053a       0x38 C:/ST/STM32CubeIDE_1.12.0/STM32CubeIDE/plugins/com.st.stm32cube.ide.mcu.externaltools.gnu-tools-for-stm32.12.3.rel1.win32_1.0.100.202403111256/tools/bin/../lib/gcc/arm-none-eabi/12.3.1/../../../../arm-none-eabi/lib/thumb/v8-m.main+fp/hard\libc_nano.a(libc_a-errno.o)
 .ARM.attributes
                0x00000572       0x38 C:/ST/STM32CubeIDE_1.12.0/STM32CubeIDE/plugins/com.st.stm32cube.ide.mcu.externaltools.gnu-tools-for-stm32.12.3.rel1.win32_1.0.100.202403111256/tools/bin/../lib/gcc/arm-none-eabi/12.3.1/../../../../arm-none-eabi/lib/thumb/v8-m.main+fp/hard\libc_nano.a(libc_a-init.o)
 .ARM.attributes
                0x000005aa       0x38 C:/ST/STM32CubeIDE_1.12.0/STM32CubeIDE/plugins/com.st.stm32cube.ide.mcu.externaltools.gnu-tools-for-stm32.12.3.rel1.win32_1.0.100.202403111256/tools/bin/../lib/gcc/arm-none-eabi/12.3.1/../../../../arm-none-eabi/lib/thumb/v8-m.main+fp/hard\libc_nano.a(libc_a-lock.o)
 .ARM.attributes
                0x000005e2       0x38 C:/ST/STM32CubeIDE_1.12.0/STM32CubeIDE/plugins/com.st.stm32cube.ide.mcu.externaltools.gnu-tools-for-stm32.12.3.rel1.win32_1.0.100.202403111256/tools/bin/../lib/gcc/arm-none-eabi/12.3.1/../../../../arm-none-eabi/lib/thumb/v8-m.main+fp/hard\libc_nano.a(libc_a-freer.o)
 .ARM.attributes
                0x0000061a       0x38 C:/ST/STM32CubeIDE_1.12.0/STM32CubeIDE/plugins/com.st.stm32cube.ide.mcu.externaltools.gnu-tools-for-stm32.12.3.rel1.win32_1.0.100.202403111256/tools/bin/../lib/gcc/arm-none-eabi/12.3.1/../../../../arm-none-eabi/lib/thumb/v8-m.main+fp/hard\libc_nano.a(libc_a-mallocr.o)
 .ARM.attributes
                0x00000652       0x38 C:/ST/STM32CubeIDE_1.12.0/STM32CubeIDE/plugins/com.st.stm32cube.ide.mcu.externaltools.gnu-tools-for-stm32.12.3.rel1.win32_1.0.100.202403111256/tools/bin/../lib/gcc/arm-none-eabi/12.3.1/../../../../arm-none-eabi/lib/thumb/v8-m.main+fp/hard\libc_nano.a(libc_a-mlock.o)
 .ARM.attributes
                0x0000068a       0x38 C:/ST/STM32CubeIDE_1.12.0/STM32CubeIDE/plugins/com.st.stm32cube.ide.mcu.externaltools.gnu-tools-for-stm32.12.3.rel1.win32_1.0.100.202403111256/tools/bin/../lib/gcc/arm-none-eabi/12.3.1/../../../../arm-none-eabi/lib/thumb/v8-m.main+fp/hard\libc_nano.a(libc_a-nano-svfprintf.o)
 .ARM.attributes
                0x000006c2       0x38 C:/ST/STM32CubeIDE_1.12.0/STM32CubeIDE/plugins/com.st.stm32cube.ide.mcu.externaltools.gnu-tools-for-stm32.12.3.rel1.win32_1.0.100.202403111256/tools/bin/../lib/gcc/arm-none-eabi/12.3.1/../../../../arm-none-eabi/lib/thumb/v8-m.main+fp/hard\libc_nano.a(libc_a-nano-vfprintf_i.o)
 .ARM.attributes
                0x000006fa       0x38 C:/ST/STM32CubeIDE_1.12.0/STM32CubeIDE/plugins/com.st.stm32cube.ide.mcu.externaltools.gnu-tools-for-stm32.12.3.rel1.win32_1.0.100.202403111256/tools/bin/../lib/gcc/arm-none-eabi/12.3.1/../../../../arm-none-eabi/lib/thumb/v8-m.main+fp/hard\libc_nano.a(libc_a-memmove.o)
 .ARM.attributes
                0x00000732       0x38 C:/ST/STM32CubeIDE_1.12.0/STM32CubeIDE/plugins/com.st.stm32cube.ide.mcu.externaltools.gnu-tools-for-stm32.12.3.rel1.win32_1.0.100.202403111256/tools/bin/../lib/gcc/arm-none-eabi/12.3.1/../../../../arm-none-eabi/lib/thumb/v8-m.main+fp/hard\libc_nano.a(libc_a-sbrkr.o)
 .ARM.attributes
                0x0000076a       0x38 C:/ST/STM32CubeIDE_1.12.0/STM32CubeIDE/plugins/com.st.stm32cube.ide.mcu.externaltools.gnu-tools-for-stm32.12.3.rel1.win32_1.0.100.202403111256/tools/bin/../lib/gcc/arm-none-eabi/12.3.1/../../../../arm-none-eabi/lib/thumb/v8-m.main+fp/hard\libc_nano.a(libc_a-memchr-stub.o)
 .ARM.attributes
                0x000007a2       0x38 C:/ST/STM32CubeIDE_1.12.0/STM32CubeIDE/plugins/com.st.stm32cube.ide.mcu.externaltools.gnu-tools-for-stm32.12.3.rel1.win32_1.0.100.202403111256/tools/bin/../lib/gcc/arm-none-eabi/12.3.1/../../../../arm-none-eabi/lib/thumb/v8-m.main+fp/hard\libc_nano.a(libc_a-memcpy-stub.o)
 .ARM.attributes
                0x000007da       0x38 C:/ST/STM32CubeIDE_1.12.0/STM32CubeIDE/plugins/com.st.stm32cube.ide.mcu.externaltools.gnu-tools-for-stm32.12.3.rel1.win32_1.0.100.202403111256/tools/bin/../lib/gcc/arm-none-eabi/12.3.1/../../../../arm-none-eabi/lib/thumb/v8-m.main+fp/hard\libc_nano.a(libc_a-reallocr.o)
 .ARM.attributes
                0x00000812       0x38 C:/ST/STM32CubeIDE_1.12.0/STM32CubeIDE/plugins/com.st.stm32cube.ide.mcu.externaltools.gnu-tools-for-stm32.12.3.rel1.win32_1.0.100.202403111256/tools/bin/../lib/gcc/arm-none-eabi/12.3.1/../../../../arm-none-eabi/lib/thumb/v8-m.main+fp/hard\libc_nano.a(libc_a-msizer.o)
 .ARM.attributes
                0x0000084a       0x26 C:/ST/STM32CubeIDE_1.12.0/STM32CubeIDE/plugins/com.st.stm32cube.ide.mcu.externaltools.gnu-tools-for-stm32.12.3.rel1.win32_1.0.100.202403111256/tools/bin/../lib/gcc/arm-none-eabi/12.3.1/thumb/v8-m.main+fp/hard\libgcc.a(_arm_addsubdf3.o)
 .ARM.attributes
                0x00000870       0x26 C:/ST/STM32CubeIDE_1.12.0/STM32CubeIDE/plugins/com.st.stm32cube.ide.mcu.externaltools.gnu-tools-for-stm32.12.3.rel1.win32_1.0.100.202403111256/tools/bin/../lib/gcc/arm-none-eabi/12.3.1/thumb/v8-m.main+fp/hard\libgcc.a(_arm_muldivdf3.o)
 .ARM.attributes
                0x00000896       0x26 C:/ST/STM32CubeIDE_1.12.0/STM32CubeIDE/plugins/com.st.stm32cube.ide.mcu.externaltools.gnu-tools-for-stm32.12.3.rel1.win32_1.0.100.202403111256/tools/bin/../lib/gcc/arm-none-eabi/12.3.1/thumb/v8-m.main+fp/hard\libgcc.a(_arm_truncdfsf2.o)
 .ARM.attributes
                0x000008bc       0x26 C:/ST/STM32CubeIDE_1.12.0/STM32CubeIDE/plugins/com.st.stm32cube.ide.mcu.externaltools.gnu-tools-for-stm32.12.3.rel1.win32_1.0.100.202403111256/tools/bin/../lib/gcc/arm-none-eabi/12.3.1/thumb/v8-m.main+fp/hard/crtn.o
OUTPUT(533.elf elf32-littlearm)
LOAD linker stubs
LOAD C:/ST/STM32CubeIDE_1.12.0/STM32CubeIDE/plugins/com.st.stm32cube.ide.mcu.externaltools.gnu-tools-for-stm32.12.3.rel1.win32_1.0.100.202403111256/tools/bin/../lib/gcc/arm-none-eabi/12.3.1/../../../../arm-none-eabi/lib/thumb/v8-m.main+fp/hard\libc.a
LOAD C:/ST/STM32CubeIDE_1.12.0/STM32CubeIDE/plugins/com.st.stm32cube.ide.mcu.externaltools.gnu-tools-for-stm32.12.3.rel1.win32_1.0.100.202403111256/tools/bin/../lib/gcc/arm-none-eabi/12.3.1/../../../../arm-none-eabi/lib/thumb/v8-m.main+fp/hard\libm.a
LOAD C:/ST/STM32CubeIDE_1.12.0/STM32CubeIDE/plugins/com.st.stm32cube.ide.mcu.externaltools.gnu-tools-for-stm32.12.3.rel1.win32_1.0.100.202403111256/tools/bin/../lib/gcc/arm-none-eabi/12.3.1/thumb/v8-m.main+fp/hard\libgcc.a

.debug_info     0x00000000     0xb347
 .debug_info    0x00000000     0x2a19 ./Core/Src/main.o
 .debug_info    0x00002a19      0x41f ./Core/Src/stm32h5xx_it.o
 .debug_info    0x00002e38      0x168 ./Core/Src/sysmem.o
 .debug_info    0x00002fa0      0xce0 ./Core/Src/system_stm32h5xx.o
 .debug_info    0x00003c80       0x30 ./Core/Startup/startup_stm32h533retx.o
 .debug_info    0x00003cb0      0xce9 ./Drivers/STM32H5xx_HAL_Driver/Src/stm32h5xx_ll_adc.o
 .debug_info    0x00004999      0xb0f ./Drivers/STM32H5xx_HAL_Driver/Src/stm32h5xx_ll_gpio.o
 .debug_info    0x000054a8      0x9fc ./Drivers/STM32H5xx_HAL_Driver/Src/stm32h5xx_ll_spi.o
 .debug_info    0x00005ea4     0x1345 ./Drivers/STM32H5xx_HAL_Driver/Src/stm32h5xx_ll_tim.o
 .debug_info    0x000071e9     0x1174 ./Drivers/STM32H5xx_HAL_Driver/Src/stm32h5xx_ll_utils.o
 .debug_info    0x0000835d      0x57d ./External Library/Src/custom_exception.o
 .debug_info    0x000088da      0x5ad ./External Library/Src/custom_filesystem.o
 .debug_info    0x00008e87      0x610 ./External Library/Src/custom_flash.o
 .debug_info    0x00009497      0x9f3 ./External Library/Src/custom_oled.o
 .debug_info    0x00009e8a      0x3c1 ./External Library/Src/custom_switch.o
 .debug_info    0x0000a24b      0x567 ./Main/Src/init.o
 .debug_info    0x0000a7b2      0xb95 ./Main/Src/sensor.o

.debug_abbrev   0x00000000     0x2071
 .debug_abbrev  0x00000000      0x302 ./Core/Src/main.o
 .debug_abbrev  0x00000302      0x171 ./Core/Src/stm32h5xx_it.o
 .debug_abbrev  0x00000473       0xbc ./Core/Src/sysmem.o
 .debug_abbrev  0x0000052f      0x13a ./Core/Src/system_stm32h5xx.o
 .debug_abbrev  0x00000669       0x24 ./Core/Startup/startup_stm32h533retx.o
 .debug_abbrev  0x0000068d      0x194 ./Drivers/STM32H5xx_HAL_Driver/Src/stm32h5xx_ll_adc.o
 .debug_abbrev  0x00000821      0x25d ./Drivers/STM32H5xx_HAL_Driver/Src/stm32h5xx_ll_gpio.o
 .debug_abbrev  0x00000a7e      0x235 ./Drivers/STM32H5xx_HAL_Driver/Src/stm32h5xx_ll_spi.o
 .debug_abbrev  0x00000cb3      0x243 ./Drivers/STM32H5xx_HAL_Driver/Src/stm32h5xx_ll_tim.o
 .debug_abbrev  0x00000ef6      0x28c ./Drivers/STM32H5xx_HAL_Driver/Src/stm32h5xx_ll_utils.o
 .debug_abbrev  0x00001182      0x1ff ./External Library/Src/custom_exception.o
 .debug_abbrev  0x00001381      0x1d4 ./External Library/Src/custom_filesystem.o
 .debug_abbrev  0x00001555      0x192 ./External Library/Src/custom_flash.o
 .debug_abbrev  0x000016e7      0x292 ./External Library/Src/custom_oled.o
 .debug_abbrev  0x00001979      0x1a6 ./External Library/Src/custom_switch.o
 .debug_abbrev  0x00001b1f      0x226 ./Main/Src/init.o
 .debug_abbrev  0x00001d45      0x32c ./Main/Src/sensor.o

.debug_aranges  0x00000000      0xad8
 .debug_aranges
                0x00000000      0x270 ./Core/Src/main.o
 .debug_aranges
                0x00000270       0x88 ./Core/Src/stm32h5xx_it.o
 .debug_aranges
                0x000002f8       0x20 ./Core/Src/sysmem.o
 .debug_aranges
                0x00000318       0x28 ./Core/Src/system_stm32h5xx.o
 .debug_aranges
                0x00000340       0x28 ./Core/Startup/startup_stm32h533retx.o
 .debug_aranges
                0x00000368       0xd0 ./Drivers/STM32H5xx_HAL_Driver/Src/stm32h5xx_ll_adc.o
 .debug_aranges
                0x00000438       0x70 ./Drivers/STM32H5xx_HAL_Driver/Src/stm32h5xx_ll_gpio.o
 .debug_aranges
                0x000004a8       0x90 ./Drivers/STM32H5xx_HAL_Driver/Src/stm32h5xx_ll_spi.o
 .debug_aranges
                0x00000538      0x148 ./Drivers/STM32H5xx_HAL_Driver/Src/stm32h5xx_ll_tim.o
 .debug_aranges
                0x00000680      0x168 ./Drivers/STM32H5xx_HAL_Driver/Src/stm32h5xx_ll_utils.o
 .debug_aranges
                0x000007e8       0x50 ./External Library/Src/custom_exception.o
 .debug_aranges
                0x00000838       0x68 ./External Library/Src/custom_filesystem.o
 .debug_aranges
                0x000008a0       0x50 ./External Library/Src/custom_flash.o
 .debug_aranges
                0x000008f0       0x90 ./External Library/Src/custom_oled.o
 .debug_aranges
                0x00000980       0x40 ./External Library/Src/custom_switch.o
 .debug_aranges
                0x000009c0       0x40 ./Main/Src/init.o
 .debug_aranges
                0x00000a00       0xd8 ./Main/Src/sensor.o

.debug_rnglists
                0x00000000      0x80a
 .debug_rnglists
                0x00000000      0x1dd ./Core/Src/main.o
 .debug_rnglists
                0x000001dd       0x61 ./Core/Src/stm32h5xx_it.o
 .debug_rnglists
                0x0000023e       0x13 ./Core/Src/sysmem.o
 .debug_rnglists
                0x00000251       0x1b ./Core/Src/system_stm32h5xx.o
 .debug_rnglists
                0x0000026c       0x19 ./Core/Startup/startup_stm32h533retx.o
 .debug_rnglists
                0x00000285       0x9a ./Drivers/STM32H5xx_HAL_Driver/Src/stm32h5xx_ll_adc.o
 .debug_rnglists
                0x0000031f       0x51 ./Drivers/STM32H5xx_HAL_Driver/Src/stm32h5xx_ll_gpio.o
 .debug_rnglists
                0x00000370       0x6a ./Drivers/STM32H5xx_HAL_Driver/Src/stm32h5xx_ll_spi.o
 .debug_rnglists
                0x000003da       0xfe ./Drivers/STM32H5xx_HAL_Driver/Src/stm32h5xx_ll_tim.o
 .debug_rnglists
                0x000004d8      0x10e ./Drivers/STM32H5xx_HAL_Driver/Src/stm32h5xx_ll_utils.o
 .debug_rnglists
                0x000005e6       0x39 ./External Library/Src/custom_exception.o
 .debug_rnglists
                0x0000061f       0x4c ./External Library/Src/custom_filesystem.o
 .debug_rnglists
                0x0000066b       0x39 ./External Library/Src/custom_flash.o
 .debug_rnglists
                0x000006a4       0x69 ./External Library/Src/custom_oled.o
 .debug_rnglists
                0x0000070d       0x2d ./External Library/Src/custom_switch.o
 .debug_rnglists
                0x0000073a       0x2c ./Main/Src/init.o
 .debug_rnglists
                0x00000766       0xa4 ./Main/Src/sensor.o

.debug_macro    0x00000000    0x277ce
 .debug_macro   0x00000000      0x21a ./Core/Src/main.o
 .debug_macro   0x0000021a      0xaf6 ./Core/Src/main.o
 .debug_macro   0x00000d10       0x22 ./Core/Src/main.o
 .debug_macro   0x00000d32       0x5b ./Core/Src/main.o
 .debug_macro   0x00000d8d       0x2a ./Core/Src/main.o
 .debug_macro   0x00000db7       0x94 ./Core/Src/main.o
 .debug_macro   0x00000e4b       0x43 ./Core/Src/main.o
 .debug_macro   0x00000e8e       0x34 ./Core/Src/main.o
 .debug_macro   0x00000ec2      0x189 ./Core/Src/main.o
 .debug_macro   0x0000104b       0x16 ./Core/Src/main.o
 .debug_macro   0x00001061       0x43 ./Core/Src/main.o
 .debug_macro   0x000010a4       0x57 ./Core/Src/main.o
 .debug_macro   0x000010fb       0x34 ./Core/Src/main.o
 .debug_macro   0x0000112f       0x10 ./Core/Src/main.o
 .debug_macro   0x0000113f       0x58 ./Core/Src/main.o
 .debug_macro   0x00001197       0x8e ./Core/Src/main.o
 .debug_macro   0x00001225       0x1c ./Core/Src/main.o
 .debug_macro   0x00001241      0x177 ./Core/Src/main.o
 .debug_macro   0x000013b8      0x369 ./Core/Src/main.o
 .debug_macro   0x00001721      0x19b ./Core/Src/main.o
 .debug_macro   0x000018bc       0x28 ./Core/Src/main.o
 .debug_macro   0x000018e4       0x42 ./Core/Src/main.o
 .debug_macro   0x00001926      0x103 ./Core/Src/main.o
 .debug_macro   0x00001a29       0x6a ./Core/Src/main.o
 .debug_macro   0x00001a93      0x1df ./Core/Src/main.o
 .debug_macro   0x00001c72       0x1c ./Core/Src/main.o
 .debug_macro   0x00001c8e       0x29 ./Core/Src/main.o
 .debug_macro   0x00001cb7       0xfb ./Core/Src/main.o
 .debug_macro   0x00001db2     0x1685 ./Core/Src/main.o
 .debug_macro   0x00003437       0x5e ./Core/Src/main.o
 .debug_macro   0x00003495    0x1c059 ./Core/Src/main.o
 .debug_macro   0x0001f4ee       0x6d ./Core/Src/main.o
 .debug_macro   0x0001f55b      0xf7c ./Core/Src/main.o
 .debug_macro   0x000204d7       0xc9 ./Core/Src/main.o
 .debug_macro   0x000205a0      0x296 ./Core/Src/main.o
 .debug_macro   0x00020836       0xe4 ./Core/Src/main.o
 .debug_macro   0x0002091a      0xbdf ./Core/Src/main.o
 .debug_macro   0x000214f9      0x23e ./Core/Src/main.o
 .debug_macro   0x00021737      0x235 ./Core/Src/main.o
 .debug_macro   0x0002196c      0x230 ./Core/Src/main.o
 .debug_macro   0x00021b9c      0x164 ./Core/Src/main.o
 .debug_macro   0x00021d00       0xbc ./Core/Src/main.o
 .debug_macro   0x00021dbc      0xa43 ./Core/Src/main.o
 .debug_macro   0x000227ff      0x60e ./Core/Src/main.o
 .debug_macro   0x00022e0d      0xbb0 ./Core/Src/main.o
 .debug_macro   0x000239bd      0x167 ./Core/Src/main.o
 .debug_macro   0x00023b24      0x106 ./Core/Src/main.o
 .debug_macro   0x00023c2a      0x224 ./Core/Src/stm32h5xx_it.o
 .debug_macro   0x00023e4e       0xff ./Core/Src/sysmem.o
 .debug_macro   0x00023f4d      0x23c ./Core/Src/sysmem.o
 .debug_macro   0x00024189      0x18b ./Core/Src/system_stm32h5xx.o
 .debug_macro   0x00024314      0x22d ./Drivers/STM32H5xx_HAL_Driver/Src/stm32h5xx_ll_adc.o
 .debug_macro   0x00024541      0x1bf ./Drivers/STM32H5xx_HAL_Driver/Src/stm32h5xx_ll_gpio.o
 .debug_macro   0x00024700      0x161 ./Drivers/STM32H5xx_HAL_Driver/Src/stm32h5xx_ll_gpio.o
 .debug_macro   0x00024861      0x276 ./Drivers/STM32H5xx_HAL_Driver/Src/stm32h5xx_ll_spi.o
 .debug_macro   0x00024ad7      0x608 ./Drivers/STM32H5xx_HAL_Driver/Src/stm32h5xx_ll_spi.o
 .debug_macro   0x000250df      0x238 ./Drivers/STM32H5xx_HAL_Driver/Src/stm32h5xx_ll_tim.o
 .debug_macro   0x00025317      0xbaa ./Drivers/STM32H5xx_HAL_Driver/Src/stm32h5xx_ll_tim.o
 .debug_macro   0x00025ec1      0x2fb ./Drivers/STM32H5xx_HAL_Driver/Src/stm32h5xx_ll_utils.o
 .debug_macro   0x000261bc       0xb6 ./Drivers/STM32H5xx_HAL_Driver/Src/stm32h5xx_ll_utils.o
 .debug_macro   0x00026272      0x239 ./External Library/Src/custom_exception.o
 .debug_macro   0x000264ab       0x28 ./External Library/Src/custom_exception.o
 .debug_macro   0x000264d3       0x8e ./External Library/Src/custom_exception.o
 .debug_macro   0x00026561       0x51 ./External Library/Src/custom_exception.o
 .debug_macro   0x000265b2       0x22 ./External Library/Src/custom_exception.o
 .debug_macro   0x000265d4       0x61 ./External Library/Src/custom_exception.o
 .debug_macro   0x00026635       0x22 ./External Library/Src/custom_exception.o
 .debug_macro   0x00026657       0x1c ./External Library/Src/custom_exception.o
 .debug_macro   0x00026673       0x1c ./External Library/Src/custom_exception.o
 .debug_macro   0x0002668f       0x16 ./External Library/Src/custom_exception.o
 .debug_macro   0x000266a5       0x20 ./External Library/Src/custom_exception.o
 .debug_macro   0x000266c5      0x2a0 ./External Library/Src/custom_filesystem.o
 .debug_macro   0x00026965       0x16 ./External Library/Src/custom_filesystem.o
 .debug_macro   0x0002697b       0x1c ./External Library/Src/custom_filesystem.o
 .debug_macro   0x00026997      0x231 ./External Library/Src/custom_flash.o
 .debug_macro   0x00026bc8      0x2a4 ./External Library/Src/custom_oled.o
 .debug_macro   0x00026e6c       0x16 ./External Library/Src/custom_oled.o
 .debug_macro   0x00026e82       0x9e ./External Library/Src/custom_oled.o
 .debug_macro   0x00026f20      0x10b ./External Library/Src/custom_oled.o
 .debug_macro   0x0002702b       0x16 ./External Library/Src/custom_oled.o
 .debug_macro   0x00027041       0x4c ./External Library/Src/custom_oled.o
 .debug_macro   0x0002708d       0x16 ./External Library/Src/custom_oled.o
 .debug_macro   0x000270a3      0x1e0 ./External Library/Src/custom_switch.o
 .debug_macro   0x00027283      0x2c9 ./Main/Src/init.o
 .debug_macro   0x0002754c       0x1c ./Main/Src/init.o
 .debug_macro   0x00027568      0x266 ./Main/Src/sensor.o

.debug_line     0x00000000     0xb2b6
 .debug_line    0x00000000     0x15cc ./Core/Src/main.o
 .debug_line    0x000015cc      0x8fe ./Core/Src/stm32h5xx_it.o
 .debug_line    0x00001eca      0x583 ./Core/Src/sysmem.o
 .debug_line    0x0000244d      0x7c8 ./Core/Src/system_stm32h5xx.o
 .debug_line    0x00002c15       0x7b ./Core/Startup/startup_stm32h533retx.o
 .debug_line    0x00002c90      0xa65 ./Drivers/STM32H5xx_HAL_Driver/Src/stm32h5xx_ll_adc.o
 .debug_line    0x000036f5      0x9a6 ./Drivers/STM32H5xx_HAL_Driver/Src/stm32h5xx_ll_gpio.o
 .debug_line    0x0000409b      0x942 ./Drivers/STM32H5xx_HAL_Driver/Src/stm32h5xx_ll_spi.o
 .debug_line    0x000049dd      0xe6b ./Drivers/STM32H5xx_HAL_Driver/Src/stm32h5xx_ll_tim.o
 .debug_line    0x00005848      0xd9c ./Drivers/STM32H5xx_HAL_Driver/Src/stm32h5xx_ll_utils.o
 .debug_line    0x000065e4      0x90e ./External Library/Src/custom_exception.o
 .debug_line    0x00006ef2      0xbaa ./External Library/Src/custom_filesystem.o
 .debug_line    0x00007a9c      0x9cd ./External Library/Src/custom_flash.o
 .debug_line    0x00008469      0xcf8 ./External Library/Src/custom_oled.o
 .debug_line    0x00009161      0x84c ./External Library/Src/custom_switch.o
 .debug_line    0x000099ad      0x9b1 ./Main/Src/init.o
 .debug_line    0x0000a35e      0xf58 ./Main/Src/sensor.o

.debug_str      0x00000000    0xe7e19
 .debug_str     0x00000000    0xdd4ea ./Core/Src/main.o
                              0xdd922 (size before relaxing)
 .debug_str     0x000dd4ea      0x139 ./Core/Src/stm32h5xx_it.o
                              0xdc18b (size before relaxing)
 .debug_str     0x000dd623      0x4dc ./Core/Src/sysmem.o
                               0x6199 (size before relaxing)
 .debug_str     0x000ddaff       0xce ./Core/Src/system_stm32h5xx.o
                              0xb7575 (size before relaxing)
 .debug_str     0x000ddbcd       0x44 ./Core/Startup/startup_stm32h533retx.o
                                 0x57 (size before relaxing)
 .debug_str     0x000ddc11     0x2640 ./Drivers/STM32H5xx_HAL_Driver/Src/stm32h5xx_ll_adc.o
                              0xc4f30 (size before relaxing)
 .debug_str     0x000e0251      0x632 ./Drivers/STM32H5xx_HAL_Driver/Src/stm32h5xx_ll_gpio.o
                              0xb8f3e (size before relaxing)
 .debug_str     0x000e0883     0x26c0 ./Drivers/STM32H5xx_HAL_Driver/Src/stm32h5xx_ll_spi.o
                              0xc5ab2 (size before relaxing)
 .debug_str     0x000e2f43     0x1e5f ./Drivers/STM32H5xx_HAL_Driver/Src/stm32h5xx_ll_tim.o
                              0xbfd70 (size before relaxing)
 .debug_str     0x000e4da2     0x1651 ./Drivers/STM32H5xx_HAL_Driver/Src/stm32h5xx_ll_utils.o
                              0xc3066 (size before relaxing)
 .debug_str     0x000e63f3      0xa6e ./External Library/Src/custom_exception.o
                              0xbdf61 (size before relaxing)
 .debug_str     0x000e6e61      0x3ec ./External Library/Src/custom_filesystem.o
                              0xdc607 (size before relaxing)
 .debug_str     0x000e724d       0x80 ./External Library/Src/custom_flash.o
                              0xdc526 (size before relaxing)
 .debug_str     0x000e72cd      0x6eb ./External Library/Src/custom_oled.o
                              0xdce99 (size before relaxing)
 .debug_str     0x000e79b8      0x16f ./External Library/Src/custom_switch.o
                              0xbd755 (size before relaxing)
 .debug_str     0x000e7b27       0xc9 ./Main/Src/init.o
                              0xdcb8c (size before relaxing)
 .debug_str     0x000e7bf0      0x229 ./Main/Src/sensor.o
                              0xdc62e (size before relaxing)

.comment        0x00000000       0x43
 .comment       0x00000000       0x43 ./Core/Src/main.o
                                 0x44 (size before relaxing)
 .comment       0x00000043       0x44 ./Core/Src/stm32h5xx_it.o
 .comment       0x00000043       0x44 ./Core/Src/sysmem.o
 .comment       0x00000043       0x44 ./Core/Src/system_stm32h5xx.o
 .comment       0x00000043       0x44 ./Drivers/STM32H5xx_HAL_Driver/Src/stm32h5xx_ll_adc.o
 .comment       0x00000043       0x44 ./Drivers/STM32H5xx_HAL_Driver/Src/stm32h5xx_ll_gpio.o
 .comment       0x00000043       0x44 ./Drivers/STM32H5xx_HAL_Driver/Src/stm32h5xx_ll_spi.o
 .comment       0x00000043       0x44 ./Drivers/STM32H5xx_HAL_Driver/Src/stm32h5xx_ll_tim.o
 .comment       0x00000043       0x44 ./Drivers/STM32H5xx_HAL_Driver/Src/stm32h5xx_ll_utils.o
 .comment       0x00000043       0x44 ./External Library/Src/custom_exception.o
 .comment       0x00000043       0x44 ./External Library/Src/custom_filesystem.o
 .comment       0x00000043       0x44 ./External Library/Src/custom_flash.o
 .comment       0x00000043       0x44 ./External Library/Src/custom_oled.o
 .comment       0x00000043       0x44 ./External Library/Src/custom_switch.o
 .comment       0x00000043       0x44 ./Main/Src/init.o
 .comment       0x00000043       0x44 ./Main/Src/sensor.o

.debug_frame    0x00000000     0x3234
 .debug_frame   0x00000000      0xaf0 ./Core/Src/main.o
 .debug_frame   0x00000af0      0x1ac ./Core/Src/stm32h5xx_it.o
 .debug_frame   0x00000c9c       0x34 ./Core/Src/sysmem.o
 .debug_frame   0x00000cd0       0x60 ./Core/Src/system_stm32h5xx.o
 .debug_frame   0x00000d30      0x398 ./Drivers/STM32H5xx_HAL_Driver/Src/stm32h5xx_ll_adc.o
 .debug_frame   0x000010c8      0x1c0 ./Drivers/STM32H5xx_HAL_Driver/Src/stm32h5xx_ll_gpio.o
 .debug_frame   0x00001288      0x258 ./Drivers/STM32H5xx_HAL_Driver/Src/stm32h5xx_ll_spi.o
 .debug_frame   0x000014e0      0x5d0 ./Drivers/STM32H5xx_HAL_Driver/Src/stm32h5xx_ll_tim.o
 .debug_frame   0x00001ab0      0x5ec ./Drivers/STM32H5xx_HAL_Driver/Src/stm32h5xx_ll_utils.o
 .debug_frame   0x0000209c      0x114 ./External Library/Src/custom_exception.o
 .debug_frame   0x000021b0      0x170 ./External Library/Src/custom_filesystem.o
 .debug_frame   0x00002320       0xf4 ./External Library/Src/custom_flash.o
 .debug_frame   0x00002414      0x274 ./External Library/Src/custom_oled.o
 .debug_frame   0x00002688       0xc4 ./External Library/Src/custom_switch.o
 .debug_frame   0x0000274c       0xb8 ./Main/Src/init.o
 .debug_frame   0x00002804      0x394 ./Main/Src/sensor.o
 .debug_frame   0x00002b98      0x144 C:/ST/STM32CubeIDE_1.12.0/STM32CubeIDE/plugins/com.st.stm32cube.ide.mcu.externaltools.gnu-tools-for-stm32.12.3.rel1.win32_1.0.100.202403111256/tools/bin/../lib/gcc/arm-none-eabi/12.3.1/../../../../arm-none-eabi/lib/thumb/v8-m.main+fp/hard\libc_nano.a(libc_a-findfp.o)
 .debug_frame   0x00002cdc       0x3c C:/ST/STM32CubeIDE_1.12.0/STM32CubeIDE/plugins/com.st.stm32cube.ide.mcu.externaltools.gnu-tools-for-stm32.12.3.rel1.win32_1.0.100.202403111256/tools/bin/../lib/gcc/arm-none-eabi/12.3.1/../../../../arm-none-eabi/lib/thumb/v8-m.main+fp/hard\libc_nano.a(libc_a-vsprintf.o)
 .debug_frame   0x00002d18       0x20 C:/ST/STM32CubeIDE_1.12.0/STM32CubeIDE/plugins/com.st.stm32cube.ide.mcu.externaltools.gnu-tools-for-stm32.12.3.rel1.win32_1.0.100.202403111256/tools/bin/../lib/gcc/arm-none-eabi/12.3.1/../../../../arm-none-eabi/lib/thumb/v8-m.main+fp/hard\libc_nano.a(libc_a-memset.o)
 .debug_frame   0x00002d38       0x38 C:/ST/STM32CubeIDE_1.12.0/STM32CubeIDE/plugins/com.st.stm32cube.ide.mcu.externaltools.gnu-tools-for-stm32.12.3.rel1.win32_1.0.100.202403111256/tools/bin/../lib/gcc/arm-none-eabi/12.3.1/../../../../arm-none-eabi/lib/thumb/v8-m.main+fp/hard\libc_nano.a(libc_a-reent.o)
 .debug_frame   0x00002d70       0x20 C:/ST/STM32CubeIDE_1.12.0/STM32CubeIDE/plugins/com.st.stm32cube.ide.mcu.externaltools.gnu-tools-for-stm32.12.3.rel1.win32_1.0.100.202403111256/tools/bin/../lib/gcc/arm-none-eabi/12.3.1/../../../../arm-none-eabi/lib/thumb/v8-m.main+fp/hard\libc_nano.a(libc_a-errno.o)
 .debug_frame   0x00002d90       0x2c C:/ST/STM32CubeIDE_1.12.0/STM32CubeIDE/plugins/com.st.stm32cube.ide.mcu.externaltools.gnu-tools-for-stm32.12.3.rel1.win32_1.0.100.202403111256/tools/bin/../lib/gcc/arm-none-eabi/12.3.1/../../../../arm-none-eabi/lib/thumb/v8-m.main+fp/hard\libc_nano.a(libc_a-init.o)
 .debug_frame   0x00002dbc       0xb0 C:/ST/STM32CubeIDE_1.12.0/STM32CubeIDE/plugins/com.st.stm32cube.ide.mcu.externaltools.gnu-tools-for-stm32.12.3.rel1.win32_1.0.100.202403111256/tools/bin/../lib/gcc/arm-none-eabi/12.3.1/../../../../arm-none-eabi/lib/thumb/v8-m.main+fp/hard\libc_nano.a(libc_a-lock.o)
 .debug_frame   0x00002e6c       0x38 C:/ST/STM32CubeIDE_1.12.0/STM32CubeIDE/plugins/com.st.stm32cube.ide.mcu.externaltools.gnu-tools-for-stm32.12.3.rel1.win32_1.0.100.202403111256/tools/bin/../lib/gcc/arm-none-eabi/12.3.1/../../../../arm-none-eabi/lib/thumb/v8-m.main+fp/hard\libc_nano.a(libc_a-freer.o)
 .debug_frame   0x00002ea4       0x50 C:/ST/STM32CubeIDE_1.12.0/STM32CubeIDE/plugins/com.st.stm32cube.ide.mcu.externaltools.gnu-tools-for-stm32.12.3.rel1.win32_1.0.100.202403111256/tools/bin/../lib/gcc/arm-none-eabi/12.3.1/../../../../arm-none-eabi/lib/thumb/v8-m.main+fp/hard\libc_nano.a(libc_a-mallocr.o)
 .debug_frame   0x00002ef4       0x30 C:/ST/STM32CubeIDE_1.12.0/STM32CubeIDE/plugins/com.st.stm32cube.ide.mcu.externaltools.gnu-tools-for-stm32.12.3.rel1.win32_1.0.100.202403111256/tools/bin/../lib/gcc/arm-none-eabi/12.3.1/../../../../arm-none-eabi/lib/thumb/v8-m.main+fp/hard\libc_nano.a(libc_a-mlock.o)
 .debug_frame   0x00002f24       0x90 C:/ST/STM32CubeIDE_1.12.0/STM32CubeIDE/plugins/com.st.stm32cube.ide.mcu.externaltools.gnu-tools-for-stm32.12.3.rel1.win32_1.0.100.202403111256/tools/bin/../lib/gcc/arm-none-eabi/12.3.1/../../../../arm-none-eabi/lib/thumb/v8-m.main+fp/hard\libc_nano.a(libc_a-nano-svfprintf.o)
 .debug_frame   0x00002fb4       0x60 C:/ST/STM32CubeIDE_1.12.0/STM32CubeIDE/plugins/com.st.stm32cube.ide.mcu.externaltools.gnu-tools-for-stm32.12.3.rel1.win32_1.0.100.202403111256/tools/bin/../lib/gcc/arm-none-eabi/12.3.1/../../../../arm-none-eabi/lib/thumb/v8-m.main+fp/hard\libc_nano.a(libc_a-nano-vfprintf_i.o)
 .debug_frame   0x00003014       0x28 C:/ST/STM32CubeIDE_1.12.0/STM32CubeIDE/plugins/com.st.stm32cube.ide.mcu.externaltools.gnu-tools-for-stm32.12.3.rel1.win32_1.0.100.202403111256/tools/bin/../lib/gcc/arm-none-eabi/12.3.1/../../../../arm-none-eabi/lib/thumb/v8-m.main+fp/hard\libc_nano.a(libc_a-memmove.o)
 .debug_frame   0x0000303c       0x2c C:/ST/STM32CubeIDE_1.12.0/STM32CubeIDE/plugins/com.st.stm32cube.ide.mcu.externaltools.gnu-tools-for-stm32.12.3.rel1.win32_1.0.100.202403111256/tools/bin/../lib/gcc/arm-none-eabi/12.3.1/../../../../arm-none-eabi/lib/thumb/v8-m.main+fp/hard\libc_nano.a(libc_a-sbrkr.o)
 .debug_frame   0x00003068       0x28 C:/ST/STM32CubeIDE_1.12.0/STM32CubeIDE/plugins/com.st.stm32cube.ide.mcu.externaltools.gnu-tools-for-stm32.12.3.rel1.win32_1.0.100.202403111256/tools/bin/../lib/gcc/arm-none-eabi/12.3.1/../../../../arm-none-eabi/lib/thumb/v8-m.main+fp/hard\libc_nano.a(libc_a-memchr-stub.o)
 .debug_frame   0x00003090       0x28 C:/ST/STM32CubeIDE_1.12.0/STM32CubeIDE/plugins/com.st.stm32cube.ide.mcu.externaltools.gnu-tools-for-stm32.12.3.rel1.win32_1.0.100.202403111256/tools/bin/../lib/gcc/arm-none-eabi/12.3.1/../../../../arm-none-eabi/lib/thumb/v8-m.main+fp/hard\libc_nano.a(libc_a-memcpy-stub.o)
 .debug_frame   0x000030b8       0x3c C:/ST/STM32CubeIDE_1.12.0/STM32CubeIDE/plugins/com.st.stm32cube.ide.mcu.externaltools.gnu-tools-for-stm32.12.3.rel1.win32_1.0.100.202403111256/tools/bin/../lib/gcc/arm-none-eabi/12.3.1/../../../../arm-none-eabi/lib/thumb/v8-m.main+fp/hard\libc_nano.a(libc_a-reallocr.o)
 .debug_frame   0x000030f4       0x20 C:/ST/STM32CubeIDE_1.12.0/STM32CubeIDE/plugins/com.st.stm32cube.ide.mcu.externaltools.gnu-tools-for-stm32.12.3.rel1.win32_1.0.100.202403111256/tools/bin/../lib/gcc/arm-none-eabi/12.3.1/../../../../arm-none-eabi/lib/thumb/v8-m.main+fp/hard\libc_nano.a(libc_a-msizer.o)
 .debug_frame   0x00003114       0xac C:/ST/STM32CubeIDE_1.12.0/STM32CubeIDE/plugins/com.st.stm32cube.ide.mcu.externaltools.gnu-tools-for-stm32.12.3.rel1.win32_1.0.100.202403111256/tools/bin/../lib/gcc/arm-none-eabi/12.3.1/thumb/v8-m.main+fp/hard\libgcc.a(_arm_addsubdf3.o)
 .debug_frame   0x000031c0       0x50 C:/ST/STM32CubeIDE_1.12.0/STM32CubeIDE/plugins/com.st.stm32cube.ide.mcu.externaltools.gnu-tools-for-stm32.12.3.rel1.win32_1.0.100.202403111256/tools/bin/../lib/gcc/arm-none-eabi/12.3.1/thumb/v8-m.main+fp/hard\libgcc.a(_arm_muldivdf3.o)
 .debug_frame   0x00003210       0x24 C:/ST/STM32CubeIDE_1.12.0/STM32CubeIDE/plugins/com.st.stm32cube.ide.mcu.externaltools.gnu-tools-for-stm32.12.3.rel1.win32_1.0.100.202403111256/tools/bin/../lib/gcc/arm-none-eabi/12.3.1/thumb/v8-m.main+fp/hard\libgcc.a(_arm_truncdfsf2.o)

.debug_line_str
                0x00000000       0x3b
 .debug_line_str
                0x00000000       0x3b ./Core/Startup/startup_stm32h533retx.o
