Archive member included to satisfy reference by file (symbol)

C:/ST/STM32CubeIDE_1.12.0/STM32CubeIDE/plugins/com.st.stm32cube.ide.mcu.externaltools.gnu-tools-for-stm32.12.3.rel1.win32_1.0.100.202403111256/tools/bin/../lib/gcc/arm-none-eabi/12.3.1/../../../../arm-none-eabi/lib/thumb/v8-m.main+fp/hard\libc_nano.a(libc_a-exit.o)
                              C:/ST/STM32CubeIDE_1.12.0/STM32CubeIDE/plugins/com.st.stm32cube.ide.mcu.externaltools.gnu-tools-for-stm32.12.3.rel1.win32_1.0.100.202403111256/tools/bin/../lib/gcc/arm-none-eabi/12.3.1/../../../../arm-none-eabi/lib/thumb/v8-m.main+fp/hard/crt0.o (exit)
C:/ST/STM32CubeIDE_1.12.0/STM32CubeIDE/plugins/com.st.stm32cube.ide.mcu.externaltools.gnu-tools-for-stm32.12.3.rel1.win32_1.0.100.202403111256/tools/bin/../lib/gcc/arm-none-eabi/12.3.1/../../../../arm-none-eabi/lib/thumb/v8-m.main+fp/hard\libc_nano.a(libc_a-nano-vfprintf_float.o)
                              (_printf_float)
C:/ST/STM32CubeIDE_1.12.0/STM32CubeIDE/plugins/com.st.stm32cube.ide.mcu.externaltools.gnu-tools-for-stm32.12.3.rel1.win32_1.0.100.202403111256/tools/bin/../lib/gcc/arm-none-eabi/12.3.1/../../../../arm-none-eabi/lib/thumb/v8-m.main+fp/hard\libc_nano.a(libc_a-nano-vfprintf_i.o)
                              C:/ST/STM32CubeIDE_1.12.0/STM32CubeIDE/plugins/com.st.stm32cube.ide.mcu.externaltools.gnu-tools-for-stm32.12.3.rel1.win32_1.0.100.202403111256/tools/bin/../lib/gcc/arm-none-eabi/12.3.1/../../../../arm-none-eabi/lib/thumb/v8-m.main+fp/hard\libc_nano.a(libc_a-nano-vfprintf_float.o) (_printf_common)
C:/ST/STM32CubeIDE_1.12.0/STM32CubeIDE/plugins/com.st.stm32cube.ide.mcu.externaltools.gnu-tools-for-stm32.12.3.rel1.win32_1.0.100.202403111256/tools/bin/../lib/gcc/arm-none-eabi/12.3.1/../../../../arm-none-eabi/lib/thumb/v8-m.main+fp/hard\libc_nano.a(libc_a-findfp.o)
                              C:/ST/STM32CubeIDE_1.12.0/STM32CubeIDE/plugins/com.st.stm32cube.ide.mcu.externaltools.gnu-tools-for-stm32.12.3.rel1.win32_1.0.100.202403111256/tools/bin/../lib/gcc/arm-none-eabi/12.3.1/../../../../arm-none-eabi/lib/thumb/v8-m.main+fp/hard\libc_nano.a(libc_a-exit.o) (__stdio_exit_handler)
C:/ST/STM32CubeIDE_1.12.0/STM32CubeIDE/plugins/com.st.stm32cube.ide.mcu.externaltools.gnu-tools-for-stm32.12.3.rel1.win32_1.0.100.202403111256/tools/bin/../lib/gcc/arm-none-eabi/12.3.1/../../../../arm-none-eabi/lib/thumb/v8-m.main+fp/hard\libc_nano.a(libc_a-fwalk.o)
                              C:/ST/STM32CubeIDE_1.12.0/STM32CubeIDE/plugins/com.st.stm32cube.ide.mcu.externaltools.gnu-tools-for-stm32.12.3.rel1.win32_1.0.100.202403111256/tools/bin/../lib/gcc/arm-none-eabi/12.3.1/../../../../arm-none-eabi/lib/thumb/v8-m.main+fp/hard\libc_nano.a(libc_a-findfp.o) (_fwalk_sglue)
C:/ST/STM32CubeIDE_1.12.0/STM32CubeIDE/plugins/com.st.stm32cube.ide.mcu.externaltools.gnu-tools-for-stm32.12.3.rel1.win32_1.0.100.202403111256/tools/bin/../lib/gcc/arm-none-eabi/12.3.1/../../../../arm-none-eabi/lib/thumb/v8-m.main+fp/hard\libc_nano.a(libc_a-sprintf.o)
                              ./External Library/Src/custom_exception.o (sprintf)
C:/ST/STM32CubeIDE_1.12.0/STM32CubeIDE/plugins/com.st.stm32cube.ide.mcu.externaltools.gnu-tools-for-stm32.12.3.rel1.win32_1.0.100.202403111256/tools/bin/../lib/gcc/arm-none-eabi/12.3.1/../../../../arm-none-eabi/lib/thumb/v8-m.main+fp/hard\libc_nano.a(libc_a-stdio.o)
                              C:/ST/STM32CubeIDE_1.12.0/STM32CubeIDE/plugins/com.st.stm32cube.ide.mcu.externaltools.gnu-tools-for-stm32.12.3.rel1.win32_1.0.100.202403111256/tools/bin/../lib/gcc/arm-none-eabi/12.3.1/../../../../arm-none-eabi/lib/thumb/v8-m.main+fp/hard\libc_nano.a(libc_a-findfp.o) (__sread)
C:/ST/STM32CubeIDE_1.12.0/STM32CubeIDE/plugins/com.st.stm32cube.ide.mcu.externaltools.gnu-tools-for-stm32.12.3.rel1.win32_1.0.100.202403111256/tools/bin/../lib/gcc/arm-none-eabi/12.3.1/../../../../arm-none-eabi/lib/thumb/v8-m.main+fp/hard\libc_nano.a(libc_a-vsprintf.o)
                              ./External Library/Src/custom_oled.o (vsprintf)
C:/ST/STM32CubeIDE_1.12.0/STM32CubeIDE/plugins/com.st.stm32cube.ide.mcu.externaltools.gnu-tools-for-stm32.12.3.rel1.win32_1.0.100.202403111256/tools/bin/../lib/gcc/arm-none-eabi/12.3.1/../../../../arm-none-eabi/lib/thumb/v8-m.main+fp/hard\libc_nano.a(libc_a-memset.o)
                              C:/ST/STM32CubeIDE_1.12.0/STM32CubeIDE/plugins/com.st.stm32cube.ide.mcu.externaltools.gnu-tools-for-stm32.12.3.rel1.win32_1.0.100.202403111256/tools/bin/../lib/gcc/arm-none-eabi/12.3.1/../../../../arm-none-eabi/lib/thumb/v8-m.main+fp/hard/crt0.o (memset)
C:/ST/STM32CubeIDE_1.12.0/STM32CubeIDE/plugins/com.st.stm32cube.ide.mcu.externaltools.gnu-tools-for-stm32.12.3.rel1.win32_1.0.100.202403111256/tools/bin/../lib/gcc/arm-none-eabi/12.3.1/../../../../arm-none-eabi/lib/thumb/v8-m.main+fp/hard\libc_nano.a(libc_a-localeconv.o)
[...]
Memory Configuration

Name             Origin             Length             Attributes
RAM              0x20000000         0x00044000         xrw
FLASH            0x08000000         0x00080000         xr
*default*        0x00000000         0xffffffff

Linker script and memory map

LOAD C:/ST/STM32CubeIDE_1.12.0/STM32CubeIDE/plugins/com.st.stm32cube.ide.mcu.externaltools.gnu-tools-for-stm32.12.3.rel1.win32_1.0.100.202403111256/tools/bin/../lib/gcc/arm-none-eabi/12.3.1/thumb/v8-m.main+fp/hard/crti.o
LOAD C:/ST/STM32CubeIDE_1.12.0/STM32CubeIDE/plugins/com.st.stm32cube.ide.mcu.externaltools.gnu-tools-for-stm32.12.3.rel1.win32_1.0.100.202403111256/tools/bin/../lib/gcc/arm-none-eabi/12.3.1/thumb/v8-m.main+fp/hard/crtbegin.o
LOAD C:/ST/STM32CubeIDE_1.12.0/STM32CubeIDE/plugins/com.st.stm32cube.ide.mcu.externaltools.gnu-tools-for-stm32.12.3.rel1.win32_1.0.100.202403111256/tools/bin/../lib/gcc/arm-none-eabi/12.3.1/../../../../arm-none-eabi/lib/thumb/v8-m.main+fp/hard/crt0.o
LOAD ./Core/Src/main.o
LOAD ./Core/Src/stm32h5xx_it.o
LOAD ./Core/Src/syscalls.o
LOAD ./Core/Src/sysmem.o
LOAD ./Core/Src/system_stm32h5xx.o
LOAD ./Core/Startup/startup_stm32h533retx.o
LOAD ./Drivers/STM32H5xx_HAL_Driver/Src/stm32h5xx_ll_adc.o
LOAD ./Drivers/STM32H5xx_HAL_Driver/Src/stm32h5xx_ll_dma.o
LOAD ./Drivers/STM32H5xx_HAL_Driver/Src/stm32h5xx_ll_exti.o
LOAD ./Drivers/STM32H5xx_HAL_Driver/Src/stm32h5xx_ll_gpio.o
LOAD ./Drivers/STM32H5xx_HAL_Driver/Src/stm32h5xx_ll_icache.o
LOAD ./Drivers/STM32H5xx_HAL_Driver/Src/stm32h5xx_ll_pwr.o
LOAD ./Drivers/STM32H5xx_HAL_Driver/Src/stm32h5xx_ll_rcc.o
LOAD ./Drivers/STM32H5xx_HAL_Driver/Src/stm32h5xx_ll_spi.o
LOAD ./Drivers/STM32H5xx_HAL_Driver/Src/stm32h5xx_ll_tim.o
LOAD ./Drivers/STM32H5xx_HAL_Driver/Src/stm32h5xx_ll_utils.o
LOAD ./External Library/Src/custom_exception.o
LOAD ./External Library/Src/custom_filesystem.o
LOAD ./External Library/Src/custom_flash.o
LOAD ./External Library/Src/custom_oled.o
LOAD ./External Library/Src/custom_switch.o
LOAD ./Main/Src/drive.o
LOAD ./Main/Src/init.o
LOAD ./Main/Src/motor.o
LOAD ./Main/Src/sensor.o
START GROUP
LOAD C:/ST/STM32CubeIDE_1.12.0/STM32CubeIDE/plugins/com.st.stm32cube.ide.mcu.externaltools.gnu-tools-for-stm32.12.3.rel1.win32_1.0.100.202403111256/tools/bin/../lib/gcc/arm-none-eabi/12.3.1/../../../../arm-none-eabi/lib/thumb/v8-m.main+fp/hard\libc_nano.a
LOAD C:/ST/STM32CubeIDE_1.12.0/STM32CubeIDE/plugins/com.st.stm32cube.ide.mcu.externaltools.gnu-tools-for-stm32.12.3.rel1.win32_1.0.100.202403111256/tools/bin/../lib/gcc/arm-none-eabi/12.3.1/../../../../arm-none-eabi/lib/thumb/v8-m.main+fp/hard\libm.a
END GROUP
START GROUP
LOAD C:/ST/STM32CubeIDE_1.12.0/STM32CubeIDE/plugins/com.st.stm32cube.ide.mcu.externaltools.gnu-tools-for-stm32.12.3.rel1.win32_1.0.100.202403111256/tools/bin/../lib/gcc/arm-none-eabi/12.3.1/thumb/v8-m.main+fp/hard\libgcc.a
LOAD C:/ST/STM32CubeIDE_1.12.0/STM32CubeIDE/plugins/com.st.stm32cube.ide.mcu.externaltools.gnu-tools-for-stm32.12.3.rel1.win32_1.0.100.202403111256/tools/bin/../lib/gcc/arm-none-eabi/12.3.1/../../../../arm-none-eabi/lib/thumb/v8-m.main+fp/hard\libc_nano.a
END GROUP
START GROUP
LOAD C:/ST/STM32CubeIDE_1.12.0/STM32CubeIDE/plugins/com.st.stm32cube.ide.mcu.externaltools.gnu-tools-for-stm32.12.3.rel1.win32_1.0.100.202403111256/tools/bin/../lib/gcc/arm-none-eabi/12.3.1/thumb/v8-m.main+fp/hard\libgcc.a
LOAD C:/ST/STM32CubeIDE_1.12.0/STM32CubeIDE/plugins/com.st.stm32cube.ide.mcu.externaltools.gnu-tools-for-stm32.12.3.rel1.win32_1.0.100.202403111256/tools/bin/../lib/gcc/arm-none-eabi/12.3.1/../../../../arm-none-eabi/lib/thumb/v8-m.main+fp/hard\libc_nano.a
LOAD C:/ST/STM32CubeIDE_1.12.0/STM32CubeIDE/plugins/com.st.stm32cube.ide.mcu.externaltools.gnu-tools-for-stm32.12.3.rel1.win32_1.0.100.202403111256/tools/bin/../lib/gcc/arm-none-eabi/12.3.1/../../../../arm-none-eabi/lib/thumb/v8-m.main+fp/hard\libnosys.a
END GROUP
START GROUP
LOAD C:/ST/STM32CubeIDE_1.12.0/STM32CubeIDE/plugins/com.st.stm32cube.ide.mcu.externaltools.gnu-tools-for-stm32.12.3.rel1.win32_1.0.100.202403111256/tools/bin/../lib/gcc/arm-none-eabi/12.3.1/thumb/v8-m.main+fp/hard\libgcc.a
LOAD C:/ST/STM32CubeIDE_1.12.0/STM32CubeIDE/plugins/com.st.stm32cube.ide.mcu.externaltools.gnu-tools-for-stm32.12.3.rel1.win32_1.0.100.202403111256/tools/bin/../lib/gcc/arm-none-eabi/12.3.1/../../../../arm-none-eabi/lib/thumb/v8-m.main+fp/hard\libc_nano.a
LOAD C:/ST/STM32CubeIDE_1.12.0/STM32CubeIDE/plugins/com.st.stm32cube.ide.mcu.externaltools.gnu-tools-for-stm32.12.3.rel1.win32_1.0.100.202403111256/tools/bin/../lib/gcc/arm-none-eabi/12.3.1/../../../../arm-none-eabi/lib/thumb/v8-m.main+fp/hard\libnosys.a
END GROUP
LOAD C:/ST/STM32CubeIDE_1.12.0/STM32CubeIDE/plugins/com.st.stm32cube.ide.mcu.externaltools.gnu-tools-for-stm32.12.3.rel1.win32_1.0.100.202403111256/tools/bin/../lib/gcc/arm-none-eabi/12.3.1/thumb/v8-m.main+fp/hard/crtend.o
LOAD C:/ST/STM32CubeIDE_1.12.0/STM32CubeIDE/plugins/com.st.stm32cube.ide.mcu.externaltools.gnu-tools-for-stm32.12.3.rel1.win32_1.0.100.202403111256/tools/bin/../lib/gcc/arm-none-eabi/12.3.1/thumb/v8-m.main+fp/hard/crtn.o
                0x20044000                        _estack = (ORIGIN (RAM) + LENGTH (RAM))
                0x00000200                        _Min_Heap_Size = 0x200
                0x00000400                        _Min_Stack_Size = 0x400

.isr_vector     0x08000000      0x254
                0x08000000                        . = ALIGN (0x4)
 *(.isr_vector)
 .isr_vector    0x08000000      0x254 ./Core/Startup/startup_stm32h533retx.o
                0x08000000                g_pfnVectors
                0x08000254                        . = ALIGN (0x4)

.text           0x08000258     0x8bfc
                0x08000258                        . = ALIGN (0x4)
 *(.text)
 .text          0x08000258       0x40 C:/ST/STM32CubeIDE_1.12.0/STM32CubeIDE/plugins/com.st.stm32cube.ide.mcu.externaltools.gnu-tools-for-stm32.12.3.rel1.win32_1.0.100.202403111256/tools/bin/../lib/gcc/arm-none-eabi/12.3.1/thumb/v8-m.main+fp/hard/crtbegin.o
 .text          0x08000298       0x10 C:/ST/STM32CubeIDE_1.12.0/STM32CubeIDE/plugins/com.st.stm32cube.ide.mcu.externaltools.gnu-tools-for-stm32.12.3.rel1.win32_1.0.100.202403111256/tools/bin/../lib/gcc/arm-none-eabi/12.3.1/../../../../arm-none-eabi/lib/thumb/v8-m.main+fp/hard\libc_nano.a(libc_a-strlen.o)
                0x08000298                strlen
 .text          0x080002a8      0x378 C:/ST/STM32CubeIDE_1.12.0/STM32CubeIDE/plugins/com.st.stm32cube.ide.mcu.externaltools.gnu-tools-for-stm32.12.3.rel1.win32_1.0.100.202403111256/tools/bin/../lib/gcc/arm-none-eabi/12.3.1/thumb/v8-m.main+fp/hard\libgcc.a(_arm_addsubdf3.o)
                0x080002a8                __aeabi_drsub
                0x080002b0                __aeabi_dsub
                0x080002b0                __subdf3
                0x080002b4                __aeabi_dadd
                0x080002b4                __adddf3
                0x0800052c                __floatunsidf
                0x0800052c                __aeabi_ui2d
                0x0800054c                __floatsidf
                0x0800054c                __aeabi_i2d
                0x08000570                __aeabi_f2d
                0x08000570                __extendsfdf2
                0x080005b4                __floatundidf
                0x080005b4                __aeabi_ul2d
                0x080005c4                __floatdidf
                0x080005c4                __aeabi_l2d
 .text          0x08000620      0x424 C:/ST/STM32CubeIDE_1.12.0/STM32CubeIDE/plugins/com.st.stm32cube.ide.mcu.externaltools.gnu-tools-for-stm32.12.3.rel1.win32_1.0.100.202403111256/tools/bin/../lib/gcc/arm-none-eabi/12.3.1/thumb/v8-m.main+fp/hard\libgcc.a(_arm_muldivdf3.o)
                0x08000620                __aeabi_dmul
                0x08000620                __muldf3
                0x08000874                __divdf3
                0x08000874                __aeabi_ddiv
 .text          0x08000a44      0x110 C:/ST/STM32CubeIDE_1.12.0/STM32CubeIDE/plugins/com.st.stm32cube.ide.mcu.externaltools.gnu-tools-for-stm32.12.3.rel1.win32_1.0.100.202403111256/tools/bin/../lib/gcc/arm-none-eabi/12.3.1/thumb/v8-m.main+fp/hard\libgcc.a(_arm_cmpdf2.o)
                0x08000a44                __gtdf2
                0x08000a44                __gedf2
                0x08000a4c                __ltdf2
                0x08000a4c                __ledf2
                0x08000a54                __nedf2
                0x08000a54                __eqdf2
                0x08000a54                __cmpdf2
                0x08000ad0                __aeabi_cdrcmple
                0x08000ae0                __aeabi_cdcmpeq
                0x08000ae0                __aeabi_cdcmple
                0x08000af0                __aeabi_dcmpeq
                0x08000b04                __aeabi_dcmplt
                0x08000b18                __aeabi_dcmple
                0x08000b2c                __aeabi_dcmpge
                0x08000b40                __aeabi_dcmpgt
 .text          0x08000b54       0x2c C:/ST/STM32CubeIDE_1.12.0/STM32CubeIDE/plugins/com.st.stm32cube.ide.mcu.externaltools.gnu-tools-for-stm32.12.3.rel1.win32_1.0.100.202403111256/tools/bin/../lib/gcc/arm-none-eabi/12.3.1/thumb/v8-m.main+fp/hard\libgcc.a(_arm_unorddf2.o)
                0x08000b54                __unorddf2
                0x08000b54                __aeabi_dcmpun
 .text          0x08000b80       0x50 C:/ST/STM32CubeIDE_1.12.0/STM32CubeIDE/plugins/com.st.stm32cube.ide.mcu.externaltools.gnu-tools-for-stm32.12.3.rel1.win32_1.0.100.202403111256/tools/bin/../lib/gcc/arm-none-eabi/12.3.1/thumb/v8-m.main+fp/hard\libgcc.a(_arm_fixdfsi.o)
                0x08000b80                __aeabi_d2iz
                0x08000b80                __fixdfsi
 .text          0x08000bd0       0xa0 C:/ST/STM32CubeIDE_1.12.0/STM32CubeIDE/plugins/com.st.stm32cube.ide.mcu.externaltools.gnu-tools-for-stm32.12.3.rel1.win32_1.0.100.202403111256/tools/bin/../lib/gcc/arm-none-eabi/12.3.1/thumb/v8-m.main+fp/hard\libgcc.a(_arm_truncdfsf2.o)
                0x08000bd0                __truncdfsf2
                0x08000bd0                __aeabi_d2f
 .text          0x08000c70       0x28 C:/ST/STM32CubeIDE_1.12.0/STM32CubeIDE/plugins/com.st.stm32cube.ide.mcu.externaltools.gnu-tools-for-stm32.12.3.rel1.win32_1.0.100.202403111256/tools/bin/../lib/gcc/arm-none-eabi/12.3.1/thumb/v8-m.main+fp/hard\libgcc.a(_popcountsi2.o)
                0x08000c70                __popcountsi2
 *(.text*)
 .text.__NVIC_SetPriorityGrouping
                0x08000c98       0x48 ./Core/Src/main.o
 .text.__NVIC_GetPriorityGrouping
                0x08000ce0       0x1c ./Core/Src/main.o
 .text.__NVIC_EnableIRQ
                0x08000cfc       0x3c ./Core/Src/main.o
 .text.__NVIC_SetPriority
                0x08000d38       0x54 ./Core/Src/main.o
 .text.NVIC_EncodePriority
                0x08000d8c       0x66 ./Core/Src/main.o
 .text.LL_ADC_REG_SetSamplingMode
                0x08000df2       0x26 ./Core/Src/main.o
 .text.LL_ADC_REG_SetSequencerRanks
                0x08000e18       0x58 ./Core/Src/main.o
 .text.LL_ADC_SetChannelSamplingTime
                0x08000e70       0x56 ./Core/Src/main.o
 *fill*         0x08000ec6        0x2 
 .text.LL_ADC_SetChannelSingleDiff
                0x08000ec8       0x48 ./Core/Src/main.o
 .text.LL_ADC_DisableDeepPowerDown
                0x08000f10       0x24 ./Core/Src/main.o
 .text.LL_ADC_EnableInternalRegulator
                0x08000f34       0x28 ./Core/Src/main.o
 .text.LL_ICACHE_Enable
                0x08000f5c       0x20 ./Core/Src/main.o
 .text.LL_PWR_SetRegulVoltageScaling
                0x08000f7c       0x28 ./Core/Src/main.o
 .text.LL_PWR_DisableUCPDDeadBattery
                0x08000fa4       0x20 ./Core/Src/main.o
 .text.LL_PWR_IsActiveFlag_VOS
                0x08000fc4       0x24 ./Core/Src/main.o
 .text.LL_RCC_HSE_Enable
                0x08000fe8       0x20 ./Core/Src/main.o
 .text.LL_RCC_HSE_IsReady
                0x08001008       0x28 ./Core/Src/main.o
 .text.LL_RCC_CSI_Enable
                0x08001030       0x20 ./Core/Src/main.o
 .text.LL_RCC_CSI_IsReady
                0x08001050       0x28 ./Core/Src/main.o
 .text.LL_RCC_CSI_SetCalibTrimming
                0x08001078       0x2c ./Core/Src/main.o
 .text.LL_RCC_SetSysClkSource
                0x080010a4       0x28 ./Core/Src/main.o
 .text.LL_RCC_GetSysClkSource
                0x080010cc       0x1c ./Core/Src/main.o
 .text.LL_RCC_SetAHBPrescaler
                0x080010e8       0x28 ./Core/Src/main.o
 .text.LL_RCC_SetAPB1Prescaler
                0x08001110       0x28 ./Core/Src/main.o
 .text.LL_RCC_SetAPB2Prescaler
                0x08001138       0x28 ./Core/Src/main.o
 .text.LL_RCC_SetAPB3Prescaler
                0x08001160       0x28 ./Core/Src/main.o
 .text.LL_RCC_SetClockSource
                0x08001188       0x54 ./Core/Src/main.o
 .text.LL_RCC_SetSPIClockSource
                0x080011dc       0x16 ./Core/Src/main.o
 *fill*         0x080011f2        0x2 
 .text.LL_RCC_SetADCDACClockSource
                0x080011f4       0x2c ./Core/Src/main.o
 .text.LL_RCC_PLL1_Enable
                0x08001220       0x20 ./Core/Src/main.o
 .text.LL_RCC_PLL1_IsReady
                0x08001240       0x28 ./Core/Src/main.o
 .text.LL_RCC_PLL1P_Enable
                0x08001268       0x20 ./Core/Src/main.o
 .text.LL_RCC_PLL1Q_Enable
                0x08001288       0x20 ./Core/Src/main.o
 .text.LL_RCC_PLL1_SetSource
                0x080012a8       0x28 ./Core/Src/main.o
 .text.LL_RCC_PLL1_SetN
                0x080012d0       0x30 ./Core/Src/main.o
 .text.LL_RCC_PLL1_SetP
                0x08001300       0x2c ./Core/Src/main.o
 .text.LL_RCC_PLL1_SetQ
                0x0800132c       0x2c ./Core/Src/main.o
 .text.LL_RCC_PLL1_SetR
                0x08001358       0x2c ./Core/Src/main.o
 .text.LL_RCC_PLL1_SetM
                0x08001384       0x2c ./Core/Src/main.o
 .text.LL_RCC_PLL1_SetVCOInputRange
                0x080013b0       0x2c ./Core/Src/main.o
 .text.LL_RCC_PLL1_SetVCOOutputRange
                0x080013dc       0x2c ./Core/Src/main.o
 .text.LL_AHB2_GRP1_EnableClock
                0x08001408       0x38 ./Core/Src/main.o
 .text.LL_APB1_GRP1_EnableClock
                0x08001440       0x38 ./Core/Src/main.o
 .text.LL_APB2_GRP1_EnableClock
                0x08001478       0x38 ./Core/Src/main.o
 .text.LL_FLASH_SetLatency
                0x080014b0       0x28 ./Core/Src/main.o
 .text.LL_FLASH_GetLatency
                0x080014d8       0x1c ./Core/Src/main.o
 .text.LL_SPI_SetStandard
                0x080014f4       0x26 ./Core/Src/main.o
 .text.LL_SPI_EnableNSSPulseMgt
                0x0800151a       0x20 ./Core/Src/main.o
 .text.LL_TIM_DisableARRPreload
                0x0800153a       0x20 ./Core/Src/main.o
 *fill*         0x0800155a        0x2 
 .text.LL_TIM_OC_DisableFast
                0x0800155c       0xb0 ./Core/Src/main.o
 .text.LL_TIM_OC_EnablePreload
                0x0800160c       0xac ./Core/Src/main.o
 .text.LL_TIM_IC_SetActiveInput
                0x080016b8       0xc0 ./Core/Src/main.o
 .text.LL_TIM_IC_SetPrescaler
                0x08001778       0xc0 ./Core/Src/main.o
 .text.LL_TIM_IC_SetFilter
                0x08001838       0xc0 ./Core/Src/main.o
 .text.LL_TIM_IC_SetPolarity
                0x080018f8       0xac ./Core/Src/main.o
 .text.LL_TIM_SetClockSource
                0x080019a4       0x2a ./Core/Src/main.o
 .text.LL_TIM_SetEncoderMode
                0x080019ce       0x2a ./Core/Src/main.o
 .text.LL_TIM_SetTriggerOutput
                0x080019f8       0x2a ./Core/Src/main.o
 .text.LL_TIM_SetTriggerOutput2
                0x08001a22       0x26 ./Core/Src/main.o
 .text.LL_TIM_DisableMasterSlaveMode
                0x08001a48       0x20 ./Core/Src/main.o
 .text.LL_GPIO_ResetOutputPin
                0x08001a68       0x1c ./Core/Src/main.o
 .text.main     0x08001a84       0x64 ./Core/Src/main.o
                0x08001a84                main
 .text.SystemClock_Config
                0x08001ae8       0xd4 ./Core/Src/main.o
                0x08001ae8                SystemClock_Config
 .text.MX_ADC1_Init
                0x08001bbc      0x1a4 ./Core/Src/main.o
 .text.MX_ADC2_Init
                0x08001d60      0x140 ./Core/Src/main.o
 .text.MX_ICACHE_Init
                0x08001ea0        0xc ./Core/Src/main.o
 .text.MX_SPI2_Init
                0x08001eac       0xbc ./Core/Src/main.o
 .text.MX_TIM1_Init
                0x08001f68       0x6c ./Core/Src/main.o
 .text.MX_TIM2_Init
                0x08001fd4      0x138 ./Core/Src/main.o
 .text.MX_TIM3_Init
                0x0800210c      0x144 ./Core/Src/main.o
 .text.MX_TIM4_Init
                0x08002250      0x144 ./Core/Src/main.o
 .text.MX_TIM5_Init
                0x08002394       0xf4 ./Core/Src/main.o
 .text.MX_TIM6_Init
                0x08002488       0x74 ./Core/Src/main.o
 .text.MX_TIM7_Init
                0x080024fc       0x74 ./Core/Src/main.o
 .text.MX_GPIO_Init
                0x08002570      0x108 ./Core/Src/main.o
 .text.LL_TIM_ClearFlag_UPDATE
                0x08002678       0x1c ./Core/Src/stm32h5xx_it.o
 .text.NMI_Handler
                0x08002694        0x8 ./Core/Src/stm32h5xx_it.o
                0x08002694                NMI_Handler
 .text.HardFault_Handler
                0x0800269c        0x8 ./Core/Src/stm32h5xx_it.o
                0x0800269c                HardFault_Handler
 .text.MemManage_Handler
                0x080026a4        0x8 ./Core/Src/stm32h5xx_it.o
                0x080026a4                MemManage_Handler
 .text.BusFault_Handler
                0x080026ac        0x8 ./Core/Src/stm32h5xx_it.o
                0x080026ac                BusFault_Handler
 .text.UsageFault_Handler
                0x080026b4        0x8 ./Core/Src/stm32h5xx_it.o
                0x080026b4                UsageFault_Handler
 .text.SVC_Handler
                0x080026bc        0xe ./Core/Src/stm32h5xx_it.o
                0x080026bc                SVC_Handler
 .text.DebugMon_Handler
                0x080026ca        0xe ./Core/Src/stm32h5xx_it.o
                0x080026ca                DebugMon_Handler
 .text.PendSV_Handler
                0x080026d8        0xe ./Core/Src/stm32h5xx_it.o
                0x080026d8                PendSV_Handler
 *fill*         0x080026e6        0x2 
 .text.SysTick_Handler
                0x080026e8       0x1c ./Core/Src/stm32h5xx_it.o
                0x080026e8                SysTick_Handler
 .text.TIM3_IRQHandler
                0x08002704       0x18 ./Core/Src/stm32h5xx_it.o
                0x08002704                TIM3_IRQHandler
 .text.TIM4_IRQHandler
                0x0800271c       0x18 ./Core/Src/stm32h5xx_it.o
                0x0800271c                TIM4_IRQHandler
 .text.TIM6_IRQHandler
                0x08002734       0x18 ./Core/Src/stm32h5xx_it.o
                0x08002734                TIM6_IRQHandler
 .text.TIM7_IRQHandler
                0x0800274c        0xe ./Core/Src/stm32h5xx_it.o
                0x0800274c                TIM7_IRQHandler
 .text._getpid  0x0800275a       0x10 ./Core/Src/syscalls.o
                0x0800275a                _getpid
 .text._kill    0x0800276a       0x20 ./Core/Src/syscalls.o
                0x0800276a                _kill
 .text._exit    0x0800278a       0x16 ./Core/Src/syscalls.o
                0x0800278a                _exit
 .text._read    0x080027a0       0x3a ./Core/Src/syscalls.o
                0x080027a0                _read
 .text._write   0x080027da       0x38 ./Core/Src/syscalls.o
                0x080027da                _write
 .text._close   0x08002812       0x18 ./Core/Src/syscalls.o
                0x08002812                _close
 .text._fstat   0x0800282a       0x20 ./Core/Src/syscalls.o
                0x0800282a                _fstat
 .text._isatty  0x0800284a       0x16 ./Core/Src/syscalls.o
                0x0800284a                _isatty
 .text._lseek   0x08002860       0x1a ./Core/Src/syscalls.o
                0x08002860                _lseek
 *fill*         0x0800287a        0x2 
 .text._sbrk    0x0800287c       0x6c ./Core/Src/sysmem.o
                0x0800287c                _sbrk
 .text.SystemInit
                0x080028e8       0xf8 ./Core/Src/system_stm32h5xx.o
                0x080028e8                SystemInit
 .text.Reset_Handler
                0x080029e0       0x50 ./Core/Startup/startup_stm32h533retx.o
                0x080029e0                Reset_Handler
 .text.Default_Handler
                0x08002a30        0x2 ./Core/Startup/startup_stm32h533retx.o
                0x08002a30                EXTI2_IRQHandler
                0x08002a30                TIM8_TRG_COM_IRQHandler
                0x08002a30                TIM8_CC_IRQHandler
                0x08002a30                EXTI5_IRQHandler
                0x08002a30                I3C1_ER_IRQHandler
                0x08002a30                SPI4_IRQHandler
                0x08002a30                GPDMA2_Channel1_IRQHandler
                0x08002a30                FLASH_S_IRQHandler
                0x08002a30                EXTI13_IRQHandler
                0x08002a30                TIM1_CC_IRQHandler
                0x08002a30                GPDMA2_Channel3_IRQHandler
                0x08002a30                TAMP_IRQHandler
                0x08002a30                EXTI12_IRQHandler
                0x08002a30                USB_DRD_FS_IRQHandler
                0x08002a30                EXTI3_IRQHandler
                0x08002a30                GPDMA1_Channel5_IRQHandler
                0x08002a30                EXTI8_IRQHandler
                0x08002a30                GPDMA2_Channel5_IRQHandler
                0x08002a30                LPTIM2_IRQHandler
                0x08002a30                I2C3_ER_IRQHandler
                0x08002a30                GPDMA2_Channel2_IRQHandler
                0x08002a30                EXTI0_IRQHandler
                0x08002a30                I2C2_EV_IRQHandler
                0x08002a30                FPU_IRQHandler
                0x08002a30                GPDMA1_Channel3_IRQHandler
                0x08002a30                GPDMA1_Channel7_IRQHandler
                0x08002a30                FDCAN1_IT1_IRQHandler
                0x08002a30                RAMCFG_IRQHandler
                0x08002a30                DCACHE1_IRQHandler
                0x08002a30                SPI1_IRQHandler
                0x08002a30                OCTOSPI1_IRQHandler
                0x08002a30                GPDMA1_Channel2_IRQHandler
                0x08002a30                TIM8_UP_IRQHandler
                0x08002a30                RCC_S_IRQHandler
                0x08002a30                ADC1_IRQHandler
                0x08002a30                PKA_IRQHandler
                0x08002a30                USART6_IRQHandler
                0x08002a30                I3C2_ER_IRQHandler
                0x08002a30                EXTI15_IRQHandler
                0x08002a30                USART3_IRQHandler
                0x08002a30                RTC_IRQHandler
                0x08002a30                EXTI9_IRQHandler
                0x08002a30                UART5_IRQHandler
                0x08002a30                I3C2_EV_IRQHandler
                0x08002a30                I2C1_EV_IRQHandler
                0x08002a30                GPDMA1_Channel1_IRQHandler
                0x08002a30                UART4_IRQHandler
                0x08002a30                SecureFault_Handler
                0x08002a30                RCC_IRQHandler
                0x08002a30                TIM1_TRG_COM_IRQHandler
                0x08002a30                Default_Handler
                0x08002a30                CEC_IRQHandler
                0x08002a30                OTFDEC1_IRQHandler
                0x08002a30                GPDMA2_Channel4_IRQHandler
                0x08002a30                TIM12_IRQHandler
                0x08002a30                SDMMC1_IRQHandler
                0x08002a30                SAES_IRQHandler
                0x08002a30                TIM5_IRQHandler
                0x08002a30                UCPD1_IRQHandler
                0x08002a30                GPDMA1_Channel0_IRQHandler
                0x08002a30                I3C1_EV_IRQHandler
                0x08002a30                TIM15_IRQHandler
                0x08002a30                PVD_AVD_IRQHandler
                0x08002a30                I2C3_EV_IRQHandler
                0x08002a30                ADC2_IRQHandler
                0x08002a30                SPI2_IRQHandler
                0x08002a30                EXTI14_IRQHandler
                0x08002a30                EXTI11_IRQHandler
                0x08002a30                CRS_IRQHandler
                0x08002a30                EXTI4_IRQHandler
                0x08002a30                GPDMA2_Channel0_IRQHandler
                0x08002a30                RTC_S_IRQHandler
                0x08002a30                RNG_IRQHandler
                0x08002a30                FDCAN2_IT1_IRQHandler
                0x08002a30                GPDMA2_Channel6_IRQHandler
                0x08002a30                TIM1_UP_IRQHandler
                0x08002a30                WWDG_IRQHandler
                0x08002a30                FDCAN2_IT0_IRQHandler
                0x08002a30                IWDG_IRQHandler
                0x08002a30                LPUART1_IRQHandler
                0x08002a30                FDCAN1_IT0_IRQHandler
                0x08002a30                TIM2_IRQHandler
                0x08002a30                GPDMA1_Channel4_IRQHandler
                0x08002a30                EXTI7_IRQHandler
                0x08002a30                TIM1_BRK_IRQHandler
                0x08002a30                EXTI1_IRQHandler
                0x08002a30                AES_IRQHandler
                0x08002a30                DAC1_IRQHandler
                0x08002a30                DTS_IRQHandler
                0x08002a30                GTZC_IRQHandler
                0x08002a30                USART2_IRQHandler
                0x08002a30                GPDMA1_Channel6_IRQHandler
                0x08002a30                GPDMA2_Channel7_IRQHandler
                0x08002a30                I2C2_ER_IRQHandler
                0x08002a30                TIM8_BRK_IRQHandler
                0x08002a30                FLASH_IRQHandler
                0x08002a30                USART1_IRQHandler
                0x08002a30                EXTI10_IRQHandler
                0x08002a30                SPI3_IRQHandler
                0x08002a30                I2C1_ER_IRQHandler
                0x08002a30                FMC_IRQHandler
                0x08002a30                EXTI6_IRQHandler
                0x08002a30                LPTIM1_IRQHandler
                0x08002a30                DCMI_PSSI_IRQHandler
                0x08002a30                ICACHE_IRQHandler
                0x08002a30                HASH_IRQHandler
 .text.LL_ADC_REG_SetSequencerLength
                0x08002a32       0x26 ./Drivers/STM32H5xx_HAL_Driver/Src/stm32h5xx_ll_adc.o
 .text.LL_ADC_IsEnabled
                0x08002a58       0x26 ./Drivers/STM32H5xx_HAL_Driver/Src/stm32h5xx_ll_adc.o
 *fill*         0x08002a7e        0x2 
 .text.LL_ADC_CommonInit
                0x08002a80       0x80 ./Drivers/STM32H5xx_HAL_Driver/Src/stm32h5xx_ll_adc.o
                0x08002a80                LL_ADC_CommonInit
 .text.LL_ADC_Init
                0x08002b00       0x4c ./Drivers/STM32H5xx_HAL_Driver/Src/stm32h5xx_ll_adc.o
                0x08002b00                LL_ADC_Init
 .text.LL_ADC_REG_Init
                0x08002b4c       0x94 ./Drivers/STM32H5xx_HAL_Driver/Src/stm32h5xx_ll_adc.o
                0x08002b4c                LL_ADC_REG_Init
 .text.LL_GPIO_SetPinMode
                0x08002be0       0x7a ./Drivers/STM32H5xx_HAL_Driver/Src/stm32h5xx_ll_gpio.o
 .text.LL_GPIO_SetPinOutputType
                0x08002c5a       0x30 ./Drivers/STM32H5xx_HAL_Driver/Src/stm32h5xx_ll_gpio.o
 .text.LL_GPIO_SetPinSpeed
                0x08002c8a       0x7a ./Drivers/STM32H5xx_HAL_Driver/Src/stm32h5xx_ll_gpio.o
 .text.LL_GPIO_SetPinPull
                0x08002d04       0x7a ./Drivers/STM32H5xx_HAL_Driver/Src/stm32h5xx_ll_gpio.o
 .text.LL_GPIO_SetAFPin_0_7
                0x08002d7e       0x7a ./Drivers/STM32H5xx_HAL_Driver/Src/stm32h5xx_ll_gpio.o
 .text.LL_GPIO_SetAFPin_8_15
                0x08002df8       0x7e ./Drivers/STM32H5xx_HAL_Driver/Src/stm32h5xx_ll_gpio.o
 .text.LL_GPIO_Init
                0x08002e76       0xfc ./Drivers/STM32H5xx_HAL_Driver/Src/stm32h5xx_ll_gpio.o
                0x08002e76                LL_GPIO_Init
 .text.LL_SPI_IsEnabled
                0x08002f72       0x26 ./Drivers/STM32H5xx_HAL_Driver/Src/stm32h5xx_ll_spi.o
 .text.LL_SPI_SetInternalSSLevel
                0x08002f98       0x26 ./Drivers/STM32H5xx_HAL_Driver/Src/stm32h5xx_ll_spi.o
 .text.LL_SPI_GetNSSPolarity
                0x08002fbe       0x1c ./Drivers/STM32H5xx_HAL_Driver/Src/stm32h5xx_ll_spi.o
 .text.LL_SPI_SetCRCPolynomial
                0x08002fda       0x1c ./Drivers/STM32H5xx_HAL_Driver/Src/stm32h5xx_ll_spi.o
 *fill*         0x08002ff6        0x2 
 .text.LL_SPI_Init
                0x08002ff8       0xfc ./Drivers/STM32H5xx_HAL_Driver/Src/stm32h5xx_ll_spi.o
                0x08002ff8                LL_SPI_Init
 .text.LL_TIM_SetPrescaler
                0x080030f4       0x1c ./Drivers/STM32H5xx_HAL_Driver/Src/stm32h5xx_ll_tim.o
 .text.LL_TIM_SetAutoReload
                0x08003110       0x1c ./Drivers/STM32H5xx_HAL_Driver/Src/stm32h5xx_ll_tim.o
 .text.LL_TIM_SetRepetitionCounter
                0x0800312c       0x1c ./Drivers/STM32H5xx_HAL_Driver/Src/stm32h5xx_ll_tim.o
 .text.LL_TIM_OC_SetCompareCH1
                0x08003148       0x1c ./Drivers/STM32H5xx_HAL_Driver/Src/stm32h5xx_ll_tim.o
 .text.LL_TIM_OC_SetCompareCH2
                0x08003164       0x1c ./Drivers/STM32H5xx_HAL_Driver/Src/stm32h5xx_ll_tim.o
 .text.LL_TIM_OC_SetCompareCH3
                0x08003180       0x1c ./Drivers/STM32H5xx_HAL_Driver/Src/stm32h5xx_ll_tim.o
 .text.LL_TIM_OC_SetCompareCH4
                0x0800319c       0x1c ./Drivers/STM32H5xx_HAL_Driver/Src/stm32h5xx_ll_tim.o
 .text.LL_TIM_OC_SetCompareCH5
                0x080031b8       0x26 ./Drivers/STM32H5xx_HAL_Driver/Src/stm32h5xx_ll_tim.o
 .text.LL_TIM_OC_SetCompareCH6
                0x080031de       0x1c ./Drivers/STM32H5xx_HAL_Driver/Src/stm32h5xx_ll_tim.o
 .text.LL_TIM_GenerateEvent_UPDATE
                0x080031fa       0x20 ./Drivers/STM32H5xx_HAL_Driver/Src/stm32h5xx_ll_tim.o
 *fill*         0x0800321a        0x2 
 .text.LL_TIM_Init
                0x0800321c      0x1b0 ./Drivers/STM32H5xx_HAL_Driver/Src/stm32h5xx_ll_tim.o
                0x0800321c                LL_TIM_Init
 .text.LL_TIM_OC_Init
                0x080033cc       0xbe ./Drivers/STM32H5xx_HAL_Driver/Src/stm32h5xx_ll_tim.o
                0x080033cc                LL_TIM_OC_Init
 *fill*         0x0800348a        0x2 
 .text.OC1Config
                0x0800348c      0x10c ./Drivers/STM32H5xx_HAL_Driver/Src/stm32h5xx_ll_tim.o
 .text.OC2Config
                0x08003598      0x114 ./Drivers/STM32H5xx_HAL_Driver/Src/stm32h5xx_ll_tim.o
 .text.OC3Config
                0x080036ac      0x114 ./Drivers/STM32H5xx_HAL_Driver/Src/stm32h5xx_ll_tim.o
 .text.OC4Config
                0x080037c0      0x114 ./Drivers/STM32H5xx_HAL_Driver/Src/stm32h5xx_ll_tim.o
 .text.OC5Config
                0x080038d4       0xd4 ./Drivers/STM32H5xx_HAL_Driver/Src/stm32h5xx_ll_tim.o
 .text.OC6Config
                0x080039a8       0xd4 ./Drivers/STM32H5xx_HAL_Driver/Src/stm32h5xx_ll_tim.o
 .text.LL_InitTick
                0x08003a7c       0x34 ./Drivers/STM32H5xx_HAL_Driver/Src/stm32h5xx_ll_utils.o
 .text.LL_Init1msTick
                0x08003ab0       0x1a ./Drivers/STM32H5xx_HAL_Driver/Src/stm32h5xx_ll_utils.o
                0x08003ab0                LL_Init1msTick
 *fill*         0x08003aca        0x2 
 .text.LL_SetSystemCoreClock
                0x08003acc       0x20 ./Drivers/STM32H5xx_HAL_Driver/Src/stm32h5xx_ll_utils.o
                0x08003acc                LL_SetSystemCoreClock
 .text.__Custom_Exception_Set_Message
                0x08003aec       0x38 ./External Library/Src/custom_exception.o
                0x08003aec                __Custom_Exception_Set_Message
 .text.Custom_FileSystem_Load
                0x08003b24       0x20 ./External Library/Src/custom_filesystem.o
                0x08003b24                Custom_FileSystem_Load
 .text.Custom_Flash_Check_Error
                0x08003b44       0x90 ./External Library/Src/custom_flash.o
                0x08003b44                Custom_Flash_Check_Error
 .text.Custom_Flash_Read
                0x08003bd4       0x64 ./External Library/Src/custom_flash.o
                0x08003bd4                Custom_Flash_Read
 .text.LL_SPI_Enable
                0x08003c38       0x20 ./External Library/Src/custom_oled.o
 .text.LL_SPI_StartMasterTransfer
                0x08003c58       0x20 ./External Library/Src/custom_oled.o
 .text.LL_SPI_SetTransferDirection
                0x08003c78       0x3e ./External Library/Src/custom_oled.o
 .text.LL_SPI_IsActiveFlag_TXP
                0x08003cb6       0x26 ./External Library/Src/custom_oled.o
 .text.LL_SPI_IsActiveFlag_TXC
                0x08003cdc       0x28 ./External Library/Src/custom_oled.o
 .text.LL_SPI_TransmitData8
                0x08003d04       0x20 ./External Library/Src/custom_oled.o
 .text.Custom_GPIO_Set
                0x08003d24       0x3a ./External Library/Src/custom_oled.o
 *fill*         0x08003d5e        0x2 
 .text.Custom_OLED_SPI_Tramsnit_Blocking
                0x08003d60       0x44 ./External Library/Src/custom_oled.o
 .text.Custom_OLED_Write_Command
                0x08003da4       0x5c ./External Library/Src/custom_oled.o
 .text.Custom_OLED_Write_Data
                0x08003e00       0x78 ./External Library/Src/custom_oled.o
 .text.Custom_OLED_Set_Window
                0x08003e78       0x4a ./External Library/Src/custom_oled.o
 .text.Custom_OLED_Clear
                0x08003ec2       0x3e ./External Library/Src/custom_oled.o
                0x08003ec2                Custom_OLED_Clear
 .text.Custom_OLED_Init
                0x08003f00       0x4c ./External Library/Src/custom_oled.o
                0x08003f00                Custom_OLED_Init
 .text.Custom_OLED_Putchar
                0x08003f4c      0x140 ./External Library/Src/custom_oled.o
                0x08003f4c                Custom_OLED_Putchar
 .text.Custom_OLED_Printf
                0x0800408c      0x4c8 ./External Library/Src/custom_oled.o
                0x0800408c                Custom_OLED_Printf
 .text.LL_GPIO_ReadInputPort
                0x08004554       0x18 ./External Library/Src/custom_switch.o
 .text.Custom_Delay_Get_SysTick
                0x0800456c       0x18 ./External Library/Src/custom_switch.o
 .text.Custom_Switch_Init_ButtonState
                0x08004584       0x36 ./External Library/Src/custom_switch.o
 *fill*         0x080045ba        0x2 
 .text.Custom_Switch_State_Machine
                0x080045bc      0x130 ./External Library/Src/custom_switch.o
 .text.Custom_Switch_Read
                0x080046ec       0xc8 ./External Library/Src/custom_switch.o
                0x080046ec                Custom_Switch_Read
 .text.LL_TIM_EnableCounter
                0x080047b4       0x20 ./Main/Src/drive.o
 .text.LL_TIM_DisableCounter
                0x080047d4       0x20 ./Main/Src/drive.o
 .text.LL_TIM_EnableIT_UPDATE
                0x080047f4       0x20 ./Main/Src/drive.o
 .text.LL_TIM_DisableIT_UPDATE
                0x08004814       0x20 ./Main/Src/drive.o
 .text.Custom_Delay_us
                0x08004834       0x4c ./Main/Src/drive.o
 .text.Custom_Delay_ms
                0x08004880       0x30 ./Main/Src/drive.o
 .text.Drive_Start
                0x080048b0       0x18 ./Main/Src/drive.o
                0x080048b0                Drive_Start
 .text.Drive_Stop
                0x080048c8       0x18 ./Main/Src/drive.o
                0x080048c8                Drive_Stop
 .text.state_machine
                0x080048e0      0x188 ./Main/Src/drive.o
 .text.Drive_First
                0x08004a68      0x2d0 ./Main/Src/drive.o
                0x08004a68                Drive_First
 .text.state_debug
                0x08004d38       0xac ./Main/Src/drive.o
                0x08004d38                state_debug
 .text.mark_check
                0x08004de4       0x6c ./Main/Src/drive.o
                0x08004de4                mark_check
 .text.Custom_Delay_us
                0x08004e50       0x4c ./Main/Src/init.o
 .text.Custom_Delay_ms
                0x08004e9c       0x30 ./Main/Src/init.o
 .text.Custom_Delay_Init_SysTick
                0x08004ecc       0x28 ./Main/Src/init.o
 .text.check_delay
                0x08004ef4       0x20 ./Main/Src/init.o
                0x08004ef4                check_delay
 .text.Init     0x08004f14       0xd8 ./Main/Src/init.o
                0x08004f14                Init
 .text.LL_TIM_EnableCounter
                0x08004fec       0x20 ./Main/Src/motor.o
 .text.LL_TIM_DisableCounter
                0x0800500c       0x20 ./Main/Src/motor.o
 .text.LL_TIM_CC_EnableChannel
                0x0800502c       0x22 ./Main/Src/motor.o
 .text.LL_TIM_CC_DisableChannel
                0x0800504e       0x24 ./Main/Src/motor.o
 .text.LL_TIM_OC_SetCompareCH1
                0x08005072       0x1c ./Main/Src/motor.o
 .text.LL_TIM_OC_SetCompareCH2
                0x0800508e       0x1c ./Main/Src/motor.o
 .text.LL_TIM_OC_SetCompareCH4
                0x080050aa       0x1c ./Main/Src/motor.o
 .text.LL_TIM_EnableIT_UPDATE
                0x080050c6       0x20 ./Main/Src/motor.o
 .text.LL_TIM_DisableIT_UPDATE
                0x080050e6       0x20 ./Main/Src/motor.o
 *fill*         0x08005106        0x2 
 .text.Motor_Start
                0x08005108       0xb0 ./Main/Src/motor.o
                0x08005108                Motor_Start
 .text.Motor_Stop
                0x080051b8       0x64 ./Main/Src/motor.o
                0x080051b8                Motor_Stop
 *fill*         0x0800521c        0x4 
 .text.Motor_L_TIM3_IRQ
                0x08005220      0x250 ./Main/Src/motor.o
                0x08005220                Motor_L_TIM3_IRQ
 .text.Motor_R_TIM4_IRQ
                0x08005470      0x254 ./Main/Src/motor.o
                0x08005470                Motor_R_TIM4_IRQ
 .text.LL_ADC_Enable
                0x080056c4       0x28 ./Main/Src/sensor.o
 .text.LL_ADC_Disable
                0x080056ec       0x28 ./Main/Src/sensor.o
 .text.LL_ADC_REG_StartConversion
                0x08005714       0x28 ./Main/Src/sensor.o
 .text.LL_ADC_REG_ReadConversionData12
                0x0800573c       0x1a ./Main/Src/sensor.o
 .text.LL_ADC_IsActiveFlag_EOC
                0x08005756       0x26 ./Main/Src/sensor.o
 .text.LL_ADC_ClearFlag_EOC
                0x0800577c       0x1a ./Main/Src/sensor.o
 .text.LL_TIM_EnableCounter
                0x08005796       0x20 ./Main/Src/sensor.o
 .text.LL_TIM_DisableCounter
                0x080057b6       0x20 ./Main/Src/sensor.o
 .text.LL_TIM_EnableIT_UPDATE
                0x080057d6       0x20 ./Main/Src/sensor.o
 .text.LL_TIM_DisableIT_UPDATE
                0x080057f6       0x20 ./Main/Src/sensor.o
 *fill*         0x08005816        0x2 
 .text.Custom_Delay_us
                0x08005818       0x4c ./Main/Src/sensor.o
 .text.Custom_Delay_ms
                0x08005864       0x30 ./Main/Src/sensor.o
 .text.Sensor_Start
                0x08005894       0x34 ./Main/Src/sensor.o
                0x08005894                Sensor_Start
 .text.Sensor_Stop
                0x080058c8       0x2c ./Main/Src/sensor.o
                0x080058c8                Sensor_Stop
 .text.sensor_print16
                0x080058f4       0xb8 ./Main/Src/sensor.o
                0x080058f4                sensor_print16
 .text.Sensor_ADC_Read
                0x080059ac       0x48 ./Main/Src/sensor.o
 .text.Battery_ADC_Read
                0x080059f4       0x48 ./Main/Src/sensor.o
 *fill*         0x08005a3c        0x4 
 .text.Sensor_TIM6_IRQ
                0x08005a40      0x34c ./Main/Src/sensor.o
                0x08005a40                Sensor_TIM6_IRQ
 .text.Sensor_Test_Raw
                0x08005d8c       0x38 ./Main/Src/sensor.o
                0x08005d8c                Sensor_Test_Raw
 .text.Sensor_Calibration
                0x08005dc4       0xec ./Main/Src/sensor.o
                0x08005dc4                Sensor_Calibration
 .text.window_position
                0x08005eb0      0x24c ./Main/Src/sensor.o
                0x08005eb0                window_position
 .text.test_window
                0x080060fc       0x7c ./Main/Src/sensor.o
                0x080060fc                test_window
 .text.__cvt    0x08006178       0xca C:/ST/STM32CubeIDE_1.12.0/STM32CubeIDE/plugins/com.st.stm32cube.ide.mcu.externaltools.gnu-tools-for-stm32.12.3.rel1.win32_1.0.100.202403111256/tools/bin/../lib/gcc/arm-none-eabi/12.3.1/../../../../arm-none-eabi/lib/thumb/v8-m.main+fp/hard\libc_nano.a(libc_a-nano-vfprintf_float.o)
                0x08006178                __cvt
 .text.__exponent
                0x08006242       0x72 C:/ST/STM32CubeIDE_1.12.0/STM32CubeIDE/plugins/com.st.stm32cube.ide.mcu.externaltools.gnu-tools-for-stm32.12.3.rel1.win32_1.0.100.202403111256/tools/bin/../lib/gcc/arm-none-eabi/12.3.1/../../../../arm-none-eabi/lib/thumb/v8-m.main+fp/hard\libc_nano.a(libc_a-nano-vfprintf_float.o)
                0x08006242                __exponent
 .text._printf_float
                0x080062b4      0x454 C:/ST/STM32CubeIDE_1.12.0/STM32CubeIDE/plugins/com.st.stm32cube.ide.mcu.externaltools.gnu-tools-for-stm32.12.3.rel1.win32_1.0.100.202403111256/tools/bin/../lib/gcc/arm-none-eabi/12.3.1/../../../../arm-none-eabi/lib/thumb/v8-m.main+fp/hard\libc_nano.a(libc_a-nano-vfprintf_float.o)
                0x080062b4                _printf_float
 .text._printf_common
                0x08006708       0xe4 C:/ST/STM32CubeIDE_1.12.0/STM32CubeIDE/plugins/com.st.stm32cube.ide.mcu.externaltools.gnu-tools-for-stm32.12.3.rel1.win32_1.0.100.202403111256/tools/bin/../lib/gcc/arm-none-eabi/12.3.1/../../../../arm-none-eabi/lib/thumb/v8-m.main+fp/hard\libc_nano.a(libc_a-nano-vfprintf_i.o)
                0x08006708                _printf_common
 .text._printf_i
                0x080067ec      0x240 C:/ST/STM32CubeIDE_1.12.0/STM32CubeIDE/plugins/com.st.stm32cube.ide.mcu.externaltools.gnu-tools-for-stm32.12.3.rel1.win32_1.0.100.202403111256/tools/bin/../lib/gcc/arm-none-eabi/12.3.1/../../../../arm-none-eabi/lib/thumb/v8-m.main+fp/hard\libc_nano.a(libc_a-nano-vfprintf_i.o)
                0x080067ec                _printf_i
 .text.std      0x08006a2c       0x6c C:/ST/STM32CubeIDE_1.12.0/STM32CubeIDE/plugins/com.st.stm32cube.ide.mcu.externaltools.gnu-tools-for-stm32.12.3.rel1.win32_1.0.100.202403111256/tools/bin/../lib/gcc/arm-none-eabi/12.3.1/../../../../arm-none-eabi/lib/thumb/v8-m.main+fp/hard\libc_nano.a(libc_a-findfp.o)
 .text.stdio_exit_handler
                0x08006a98       0x18 C:/ST/STM32CubeIDE_1.12.0/STM32CubeIDE/plugins/com.st.stm32cube.ide.mcu.externaltools.gnu-tools-for-stm32.12.3.rel1.win32_1.0.100.202403111256/tools/bin/../lib/gcc/arm-none-eabi/12.3.1/../../../../arm-none-eabi/lib/thumb/v8-m.main+fp/hard\libc_nano.a(libc_a-findfp.o)
 .text.cleanup_stdio
                0x08006ab0       0x40 C:/ST/STM32CubeIDE_1.12.0/STM32CubeIDE/plugins/com.st.stm32cube.ide.mcu.externaltools.gnu-tools-for-stm32.12.3.rel1.win32_1.0.100.202403111256/tools/bin/../lib/gcc/arm-none-eabi/12.3.1/../../../../arm-none-eabi/lib/thumb/v8-m.main+fp/hard\libc_nano.a(libc_a-findfp.o)
 .text.global_stdio_init.part.0
                0x08006af0       0x3c C:/ST/STM32CubeIDE_1.12.0/STM32CubeIDE/plugins/com.st.stm32cube.ide.mcu.externaltools.gnu-tools-for-stm32.12.3.rel1.win32_1.0.100.202403111256/tools/bin/../lib/gcc/arm-none-eabi/12.3.1/../../../../arm-none-eabi/lib/thumb/v8-m.main+fp/hard\libc_nano.a(libc_a-findfp.o)
 .text.__sfp_lock_acquire
                0x08006b2c        0xc C:/ST/STM32CubeIDE_1.12.0/STM32CubeIDE/plugins/com.st.stm32cube.ide.mcu.externaltools.gnu-tools-for-stm32.12.3.rel1.win32_1.0.100.202403111256/tools/bin/../lib/gcc/arm-none-eabi/12.3.1/../../../../arm-none-eabi/lib/thumb/v8-m.main+fp/hard\libc_nano.a(libc_a-findfp.o)
                0x08006b2c                __sfp_lock_acquire
 .text.__sfp_lock_release
                0x08006b38        0xc C:/ST/STM32CubeIDE_1.12.0/STM32CubeIDE/plugins/com.st.stm32cube.ide.mcu.externaltools.gnu-tools-for-stm32.12.3.rel1.win32_1.0.100.202403111256/tools/bin/../lib/gcc/arm-none-eabi/12.3.1/../../../../arm-none-eabi/lib/thumb/v8-m.main+fp/hard\libc_nano.a(libc_a-findfp.o)
                0x08006b38                __sfp_lock_release
 .text.__sinit  0x08006b44       0x30 C:/ST/STM32CubeIDE_1.12.0/STM32CubeIDE/plugins/com.st.stm32cube.ide.mcu.externaltools.gnu-tools-for-stm32.12.3.rel1.win32_1.0.100.202403111256/tools/bin/../lib/gcc/arm-none-eabi/12.3.1/../../../../arm-none-eabi/lib/thumb/v8-m.main+fp/hard\libc_nano.a(libc_a-findfp.o)
                0x08006b44                __sinit
 .text._fwalk_sglue
                0x08006b74       0x3c C:/ST/STM32CubeIDE_1.12.0/STM32CubeIDE/plugins/com.st.stm32cube.ide.mcu.externaltools.gnu-tools-for-stm32.12.3.rel1.win32_1.0.100.202403111256/tools/bin/../lib/gcc/arm-none-eabi/12.3.1/../../../../arm-none-eabi/lib/thumb/v8-m.main+fp/hard\libc_nano.a(libc_a-fwalk.o)
                0x08006b74                _fwalk_sglue
 .text.__sread  0x08006bb0       0x22 C:/ST/STM32CubeIDE_1.12.0/STM32CubeIDE/plugins/com.st.stm32cube.ide.mcu.externaltools.gnu-tools-for-stm32.12.3.rel1.win32_1.0.100.202403111256/tools/bin/../lib/gcc/arm-none-eabi/12.3.1/../../../../arm-none-eabi/lib/thumb/v8-m.main+fp/hard\libc_nano.a(libc_a-stdio.o)
                0x08006bb0                __sread
 .text.__swrite
                0x08006bd2       0x38 C:/ST/STM32CubeIDE_1.12.0/STM32CubeIDE/plugins/com.st.stm32cube.ide.mcu.externaltools.gnu-tools-for-stm32.12.3.rel1.win32_1.0.100.202403111256/tools/bin/../lib/gcc/arm-none-eabi/12.3.1/../../../../arm-none-eabi/lib/thumb/v8-m.main+fp/hard\libc_nano.a(libc_a-stdio.o)
                0x08006bd2                __swrite
 .text.__sseek  0x08006c0a       0x24 C:/ST/STM32CubeIDE_1.12.0/STM32CubeIDE/plugins/com.st.stm32cube.ide.mcu.externaltools.gnu-tools-for-stm32.12.3.rel1.win32_1.0.100.202403111256/tools/bin/../lib/gcc/arm-none-eabi/12.3.1/../../../../arm-none-eabi/lib/thumb/v8-m.main+fp/hard\libc_nano.a(libc_a-stdio.o)
                0x08006c0a                __sseek
 .text.__sclose
                0x08006c2e        0x8 C:/ST/STM32CubeIDE_1.12.0/STM32CubeIDE/plugins/com.st.stm32cube.ide.mcu.externaltools.gnu-tools-for-stm32.12.3.rel1.win32_1.0.100.202403111256/tools/bin/../lib/gcc/arm-none-eabi/12.3.1/../../../../arm-none-eabi/lib/thumb/v8-m.main+fp/hard\libc_nano.a(libc_a-stdio.o)
                0x08006c2e                __sclose
 *fill*         0x08006c36        0x2 
 .text._vsprintf_r
                0x08006c38       0x2c C:/ST/STM32CubeIDE_1.12.0/STM32CubeIDE/plugins/com.st.stm32cube.ide.mcu.externaltools.gnu-tools-for-stm32.12.3.rel1.win32_1.0.100.202403111256/tools/bin/../lib/gcc/arm-none-eabi/12.3.1/../../../../arm-none-eabi/lib/thumb/v8-m.main+fp/hard\libc_nano.a(libc_a-vsprintf.o)
                0x08006c38                _vsprintf_r
                0x08006c38                _vsiprintf_r
 .text.vsprintf
                0x08006c64       0x14 C:/ST/STM32CubeIDE_1.12.0/STM32CubeIDE/plugins/com.st.stm32cube.ide.mcu.externaltools.gnu-tools-for-stm32.12.3.rel1.win32_1.0.100.202403111256/tools/bin/../lib/gcc/arm-none-eabi/12.3.1/../../../../arm-none-eabi/lib/thumb/v8-m.main+fp/hard\libc_nano.a(libc_a-vsprintf.o)
                0x08006c64                vsiprintf
                0x08006c64                vsprintf
 .text.memset   0x08006c78       0x10 C:/ST/STM32CubeIDE_1.12.0/STM32CubeIDE/plugins/com.st.stm32cube.ide.mcu.externaltools.gnu-tools-for-stm32.12.3.rel1.win32_1.0.100.202403111256/tools/bin/../lib/gcc/arm-none-eabi/12.3.1/../../../../arm-none-eabi/lib/thumb/v8-m.main+fp/hard\libc_nano.a(libc_a-memset.o)
                0x08006c78                memset
 .text._localeconv_r
                0x08006c88        0x8 C:/ST/STM32CubeIDE_1.12.0/STM32CubeIDE/plugins/com.st.stm32cube.ide.mcu.externaltools.gnu-tools-for-stm32.12.3.rel1.win32_1.0.100.202403111256/tools/bin/../lib/gcc/arm-none-eabi/12.3.1/../../../../arm-none-eabi/lib/thumb/v8-m.main+fp/hard\libc_nano.a(libc_a-localeconv.o)
                0x08006c88                _localeconv_r
 .text._close_r
                0x08006c90       0x20 C:/ST/STM32CubeIDE_1.12.0/STM32CubeIDE/plugins/com.st.stm32cube.ide.mcu.externaltools.gnu-tools-for-stm32.12.3.rel1.win32_1.0.100.202403111256/tools/bin/../lib/gcc/arm-none-eabi/12.3.1/../../../../arm-none-eabi/lib/thumb/v8-m.main+fp/hard\libc_nano.a(libc_a-closer.o)
                0x08006c90                _close_r
 .text._lseek_r
                0x08006cb0       0x24 C:/ST/STM32CubeIDE_1.12.0/STM32CubeIDE/plugins/com.st.stm32cube.ide.mcu.externaltools.gnu-tools-for-stm32.12.3.rel1.win32_1.0.100.202403111256/tools/bin/../lib/gcc/arm-none-eabi/12.3.1/../../../../arm-none-eabi/lib/thumb/v8-m.main+fp/hard\libc_nano.a(libc_a-lseekr.o)
                0x08006cb0                _lseek_r
 .text._read_r  0x08006cd4       0x24 C:/ST/STM32CubeIDE_1.12.0/STM32CubeIDE/plugins/com.st.stm32cube.ide.mcu.externaltools.gnu-tools-for-stm32.12.3.rel1.win32_1.0.100.202403111256/tools/bin/../lib/gcc/arm-none-eabi/12.3.1/../../../../arm-none-eabi/lib/thumb/v8-m.main+fp/hard\libc_nano.a(libc_a-readr.o)
                0x08006cd4                _read_r
 .text._write_r
                0x08006cf8       0x24 C:/ST/STM32CubeIDE_1.12.0/STM32CubeIDE/plugins/com.st.stm32cube.ide.mcu.externaltools.gnu-tools-for-stm32.12.3.rel1.win32_1.0.100.202403111256/tools/bin/../lib/gcc/arm-none-eabi/12.3.1/../../../../arm-none-eabi/lib/thumb/v8-m.main+fp/hard\libc_nano.a(libc_a-writer.o)
                0x08006cf8                _write_r
 .text.__errno  0x08006d1c        0xc C:/ST/STM32CubeIDE_1.12.0/STM32CubeIDE/plugins/com.st.stm32cube.ide.mcu.externaltools.gnu-tools-for-stm32.12.3.rel1.win32_1.0.100.202403111256/tools/bin/../lib/gcc/arm-none-eabi/12.3.1/../../../../arm-none-eabi/lib/thumb/v8-m.main+fp/hard\libc_nano.a(libc_a-errno.o)
                0x08006d1c                __errno
 .text.__libc_init_array
                0x08006d28       0x48 C:/ST/STM32CubeIDE_1.12.0/STM32CubeIDE/plugins/com.st.stm32cube.ide.mcu.externaltools.gnu-tools-for-stm32.12.3.rel1.win32_1.0.100.202403111256/tools/bin/../lib/gcc/arm-none-eabi/12.3.1/../../../../arm-none-eabi/lib/thumb/v8-m.main+fp/hard\libc_nano.a(libc_a-init.o)
                0x08006d28                __libc_init_array
 .text.__retarget_lock_init_recursive
                0x08006d70        0x2 C:/ST/STM32CubeIDE_1.12.0/STM32CubeIDE/plugins/com.st.stm32cube.ide.mcu.externaltools.gnu-tools-for-stm32.12.3.rel1.win32_1.0.100.202403111256/tools/bin/../lib/gcc/arm-none-eabi/12.3.1/../../../../arm-none-eabi/lib/thumb/v8-m.main+fp/hard\libc_nano.a(libc_a-lock.o)
                0x08006d70                __retarget_lock_init_recursive
 .text.__retarget_lock_acquire_recursive
                0x08006d72        0x2 C:/ST/STM32CubeIDE_1.12.0/STM32CubeIDE/plugins/com.st.stm32cube.ide.mcu.externaltools.gnu-tools-for-stm32.12.3.rel1.win32_1.0.100.202403111256/tools/bin/../lib/gcc/arm-none-eabi/12.3.1/../../../../arm-none-eabi/lib/thumb/v8-m.main+fp/hard\libc_nano.a(libc_a-lock.o)
                0x08006d72                __retarget_lock_acquire_recursive
 .text.__retarget_lock_release_recursive
                0x08006d74        0x2 C:/ST/STM32CubeIDE_1.12.0/STM32CubeIDE/plugins/com.st.stm32cube.ide.mcu.externaltools.gnu-tools-for-stm32.12.3.rel1.win32_1.0.100.202403111256/tools/bin/../lib/gcc/arm-none-eabi/12.3.1/../../../../arm-none-eabi/lib/thumb/v8-m.main+fp/hard\libc_nano.a(libc_a-lock.o)
                0x08006d74                __retarget_lock_release_recursive
 .text.memchr   0x08006d76       0x1c C:/ST/STM32CubeIDE_1.12.0/STM32CubeIDE/plugins/com.st.stm32cube.ide.mcu.externaltools.gnu-tools-for-stm32.12.3.rel1.win32_1.0.100.202403111256/tools/bin/../lib/gcc/arm-none-eabi/12.3.1/../../../../arm-none-eabi/lib/thumb/v8-m.main+fp/hard\libc_nano.a(libc_a-memchr-stub.o)
                0x08006d76                memchr
 .text.quorem   0x08006d92      0x11a C:/ST/STM32CubeIDE_1.12.0/STM32CubeIDE/plugins/com.st.stm32cube.ide.mcu.externaltools.gnu-tools-for-stm32.12.3.rel1.win32_1.0.100.202403111256/tools/bin/../lib/gcc/arm-none-eabi/12.3.1/../../../../arm-none-eabi/lib/thumb/v8-m.main+fp/hard\libc_nano.a(libc_a-dtoa.o)
 *fill*         0x08006eac        0x4 
 .text._dtoa_r  0x08006eb0      0xb88 C:/ST/STM32CubeIDE_1.12.0/STM32CubeIDE/plugins/com.st.stm32cube.ide.mcu.externaltools.gnu-tools-for-stm32.12.3.rel1.win32_1.0.100.202403111256/tools/bin/../lib/gcc/arm-none-eabi/12.3.1/../../../../arm-none-eabi/lib/thumb/v8-m.main+fp/hard\libc_nano.a(libc_a-dtoa.o)
                0x08006eb0                _dtoa_r
 .text._free_r  0x08007a38       0x94 C:/ST/STM32CubeIDE_1.12.0/STM32CubeIDE/plugins/com.st.stm32cube.ide.mcu.externaltools.gnu-tools-for-stm32.12.3.rel1.win32_1.0.100.202403111256/tools/bin/../lib/gcc/arm-none-eabi/12.3.1/../../../../arm-none-eabi/lib/thumb/v8-m.main+fp/hard\libc_nano.a(libc_a-freer.o)
                0x08007a38                _free_r
 .text.malloc   0x08007acc       0x10 C:/ST/STM32CubeIDE_1.12.0/STM32CubeIDE/plugins/com.st.stm32cube.ide.mcu.externaltools.gnu-tools-for-stm32.12.3.rel1.win32_1.0.100.202403111256/tools/bin/../lib/gcc/arm-none-eabi/12.3.1/../../../../arm-none-eabi/lib/thumb/v8-m.main+fp/hard\libc_nano.a(libc_a-malloc.o)
                0x08007acc                malloc
 .text.sbrk_aligned
                0x08007adc       0x44 C:/ST/STM32CubeIDE_1.12.0/STM32CubeIDE/plugins/com.st.stm32cube.ide.mcu.externaltools.gnu-tools-for-stm32.12.3.rel1.win32_1.0.100.202403111256/tools/bin/../lib/gcc/arm-none-eabi/12.3.1/../../../../arm-none-eabi/lib/thumb/v8-m.main+fp/hard\libc_nano.a(libc_a-mallocr.o)
 .text._malloc_r
                0x08007b20      0x100 C:/ST/STM32CubeIDE_1.12.0/STM32CubeIDE/plugins/com.st.stm32cube.ide.mcu.externaltools.gnu-tools-for-stm32.12.3.rel1.win32_1.0.100.202403111256/tools/bin/../lib/gcc/arm-none-eabi/12.3.1/../../../../arm-none-eabi/lib/thumb/v8-m.main+fp/hard\libc_nano.a(libc_a-mallocr.o)
                0x08007b20                _malloc_r
 .text.__malloc_lock
                0x08007c20        0xc C:/ST/STM32CubeIDE_1.12.0/STM32CubeIDE/plugins/com.st.stm32cube.ide.mcu.externaltools.gnu-tools-for-stm32.12.3.rel1.win32_1.0.100.202403111256/tools/bin/../lib/gcc/arm-none-eabi/12.3.1/../../../../arm-none-eabi/lib/thumb/v8-m.main+fp/hard\libc_nano.a(libc_a-mlock.o)
                0x08007c20                __malloc_lock
 .text.__malloc_unlock
                0x08007c2c        0xc C:/ST/STM32CubeIDE_1.12.0/STM32CubeIDE/plugins/com.st.stm32cube.ide.mcu.externaltools.gnu-tools-for-stm32.12.3.rel1.win32_1.0.100.202403111256/tools/bin/../lib/gcc/arm-none-eabi/12.3.1/../../../../arm-none-eabi/lib/thumb/v8-m.main+fp/hard\libc_nano.a(libc_a-mlock.o)
                0x08007c2c                __malloc_unlock
 .text._Balloc  0x08007c38       0x80 C:/ST/STM32CubeIDE_1.12.0/STM32CubeIDE/plugins/com.st.stm32cube.ide.mcu.externaltools.gnu-tools-for-stm32.12.3.rel1.win32_1.0.100.202403111256/tools/bin/../lib/gcc/arm-none-eabi/12.3.1/../../../../arm-none-eabi/lib/thumb/v8-m.main+fp/hard\libc_nano.a(libc_a-mprec.o)
                0x08007c38                _Balloc
 .text._Bfree   0x08007cb8       0x44 C:/ST/STM32CubeIDE_1.12.0/STM32CubeIDE/plugins/com.st.stm32cube.ide.mcu.externaltools.gnu-tools-for-stm32.12.3.rel1.win32_1.0.100.202403111256/tools/bin/../lib/gcc/arm-none-eabi/12.3.1/../../../../arm-none-eabi/lib/thumb/v8-m.main+fp/hard\libc_nano.a(libc_a-mprec.o)
                0x08007cb8                _Bfree
 .text.__multadd
                0x08007cfc       0x90 C:/ST/STM32CubeIDE_1.12.0/STM32CubeIDE/plugins/com.st.stm32cube.ide.mcu.externaltools.gnu-tools-for-stm32.12.3.rel1.win32_1.0.100.202403111256/tools/bin/../lib/gcc/arm-none-eabi/12.3.1/../../../../arm-none-eabi/lib/thumb/v8-m.main+fp/hard\libc_nano.a(libc_a-mprec.o)
                0x08007cfc                __multadd
 .text.__hi0bits
                0x08007d8c       0x3e C:/ST/STM32CubeIDE_1.12.0/STM32CubeIDE/plugins/com.st.stm32cube.ide.mcu.externaltools.gnu-tools-for-stm32.12.3.rel1.win32_1.0.100.202403111256/tools/bin/../lib/gcc/arm-none-eabi/12.3.1/../../../../arm-none-eabi/lib/thumb/v8-m.main+fp/hard\libc_nano.a(libc_a-mprec.o)
                0x08007d8c                __hi0bits
 .text.__lo0bits
                0x08007dca       0x5a C:/ST/STM32CubeIDE_1.12.0/STM32CubeIDE/plugins/com.st.stm32cube.ide.mcu.externaltools.gnu-tools-for-stm32.12.3.rel1.win32_1.0.100.202403111256/tools/bin/../lib/gcc/arm-none-eabi/12.3.1/../../../../arm-none-eabi/lib/thumb/v8-m.main+fp/hard\libc_nano.a(libc_a-mprec.o)
                0x08007dca                __lo0bits
 .text.__i2b    0x08007e24       0x2c C:/ST/STM32CubeIDE_1.12.0/STM32CubeIDE/plugins/com.st.stm32cube.ide.mcu.externaltools.gnu-tools-for-stm32.12.3.rel1.win32_1.0.100.202403111256/tools/bin/../lib/gcc/arm-none-eabi/12.3.1/../../../../arm-none-eabi/lib/thumb/v8-m.main+fp/hard\libc_nano.a(libc_a-mprec.o)
                0x08007e24                __i2b
 .text.__multiply
                0x08007e50      0x154 C:/ST/STM32CubeIDE_1.12.0/STM32CubeIDE/plugins/com.st.stm32cube.ide.mcu.externaltools.gnu-tools-for-stm32.12.3.rel1.win32_1.0.100.202403111256/tools/bin/../lib/gcc/arm-none-eabi/12.3.1/../../../../arm-none-eabi/lib/thumb/v8-m.main+fp/hard\libc_nano.a(libc_a-mprec.o)
                0x08007e50                __multiply
 .text.__pow5mult
                0x08007fa4       0xb4 C:/ST/STM32CubeIDE_1.12.0/STM32CubeIDE/plugins/com.st.stm32cube.ide.mcu.externaltools.gnu-tools-for-stm32.12.3.rel1.win32_1.0.100.202403111256/tools/bin/../lib/gcc/arm-none-eabi/12.3.1/../../../../arm-none-eabi/lib/thumb/v8-m.main+fp/hard\libc_nano.a(libc_a-mprec.o)
                0x08007fa4                __pow5mult
 .text.__lshift
                0x08008058       0xd8 C:/ST/STM32CubeIDE_1.12.0/STM32CubeIDE/plugins/com.st.stm32cube.ide.mcu.externaltools.gnu-tools-for-stm32.12.3.rel1.win32_1.0.100.202403111256/tools/bin/../lib/gcc/arm-none-eabi/12.3.1/../../../../arm-none-eabi/lib/thumb/v8-m.main+fp/hard\libc_nano.a(libc_a-mprec.o)
                0x08008058                __lshift
 .text.__mcmp   0x08008130       0x36 C:/ST/STM32CubeIDE_1.12.0/STM32CubeIDE/plugins/com.st.stm32cube.ide.mcu.externaltools.gnu-tools-for-stm32.12.3.rel1.win32_1.0.100.202403111256/tools/bin/../lib/gcc/arm-none-eabi/12.3.1/../../../../arm-none-eabi/lib/thumb/v8-m.main+fp/hard\libc_nano.a(libc_a-mprec.o)
                0x08008130                __mcmp
 *fill*         0x08008166        0x2 
 .text.__mdiff  0x08008168      0x130 C:/ST/STM32CubeIDE_1.12.0/STM32CubeIDE/plugins/com.st.stm32cube.ide.mcu.externaltools.gnu-tools-for-stm32.12.3.rel1.win32_1.0.100.202403111256/tools/bin/../lib/gcc/arm-none-eabi/12.3.1/../../../../arm-none-eabi/lib/thumb/v8-m.main+fp/hard\libc_nano.a(libc_a-mprec.o)
                0x08008168                __mdiff
 .text.__d2b    0x08008298       0xb0 C:/ST/STM32CubeIDE_1.12.0/STM32CubeIDE/plugins/com.st.stm32cube.ide.mcu.externaltools.gnu-tools-for-stm32.12.3.rel1.win32_1.0.100.202403111256/tools/bin/../lib/gcc/arm-none-eabi/12.3.1/../../../../arm-none-eabi/lib/thumb/v8-m.main+fp/hard\libc_nano.a(libc_a-mprec.o)
                0x08008298                __d2b
 .text.__ssputs_r
                0x08008348       0xb6 C:/ST/STM32CubeIDE_1.12.0/STM32CubeIDE/plugins/com.st.stm32cube.ide.mcu.externaltools.gnu-tools-for-stm32.12.3.rel1.win32_1.0.100.202403111256/tools/bin/../lib/gcc/arm-none-eabi/12.3.1/../../../../arm-none-eabi/lib/thumb/v8-m.main+fp/hard\libc_nano.a(libc_a-nano-svfprintf.o)
                0x08008348                __ssputs_r
 *fill*         0x080083fe        0x2 
 .text._svfprintf_r
                0x08008400      0x1f8 C:/ST/STM32CubeIDE_1.12.0/STM32CubeIDE/plugins/com.st.stm32cube.ide.mcu.externaltools.gnu-tools-for-stm32.12.3.rel1.win32_1.0.100.202403111256/tools/bin/../lib/gcc/arm-none-eabi/12.3.1/../../../../arm-none-eabi/lib/thumb/v8-m.main+fp/hard\libc_nano.a(libc_a-nano-svfprintf.o)
                0x08008400                _svfiprintf_r
                0x08008400                _svfprintf_r
 .text.__sflush_r
                0x080085f8      0x108 C:/ST/STM32CubeIDE_1.12.0/STM32CubeIDE/plugins/com.st.stm32cube.ide.mcu.externaltools.gnu-tools-for-stm32.12.3.rel1.win32_1.0.100.202403111256/tools/bin/../lib/gcc/arm-none-eabi/12.3.1/../../../../arm-none-eabi/lib/thumb/v8-m.main+fp/hard\libc_nano.a(libc_a-fflush.o)
                0x080085f8                __sflush_r
 .text._fflush_r
                0x08008700       0x50 C:/ST/STM32CubeIDE_1.12.0/STM32CubeIDE/plugins/com.st.stm32cube.ide.mcu.externaltools.gnu-tools-for-stm32.12.3.rel1.win32_1.0.100.202403111256/tools/bin/../lib/gcc/arm-none-eabi/12.3.1/../../../../arm-none-eabi/lib/thumb/v8-m.main+fp/hard\libc_nano.a(libc_a-fflush.o)
                0x08008700                _fflush_r
 .text.memmove  0x08008750       0x34 C:/ST/STM32CubeIDE_1.12.0/STM32CubeIDE/plugins/com.st.stm32cube.ide.mcu.externaltools.gnu-tools-for-stm32.12.3.rel1.win32_1.0.100.202403111256/tools/bin/../lib/gcc/arm-none-eabi/12.3.1/../../../../arm-none-eabi/lib/thumb/v8-m.main+fp/hard\libc_nano.a(libc_a-memmove.o)
                0x08008750                memmove
 .text._sbrk_r  0x08008784       0x20 C:/ST/STM32CubeIDE_1.12.0/STM32CubeIDE/plugins/com.st.stm32cube.ide.mcu.externaltools.gnu-tools-for-stm32.12.3.rel1.win32_1.0.100.202403111256/tools/bin/../lib/gcc/arm-none-eabi/12.3.1/../../../../arm-none-eabi/lib/thumb/v8-m.main+fp/hard\libc_nano.a(libc_a-sbrkr.o)
                0x08008784                _sbrk_r
 .text.memcpy   0x080087a4       0x1a C:/ST/STM32CubeIDE_1.12.0/STM32CubeIDE/plugins/com.st.stm32cube.ide.mcu.externaltools.gnu-tools-for-stm32.12.3.rel1.win32_1.0.100.202403111256/tools/bin/../lib/gcc/arm-none-eabi/12.3.1/../../../../arm-none-eabi/lib/thumb/v8-m.main+fp/hard\libc_nano.a(libc_a-memcpy-stub.o)
                0x080087a4                memcpy
 *fill*         0x080087be        0x2 
 .text.__assert_func
                0x080087c0       0x3c C:/ST/STM32CubeIDE_1.12.0/STM32CubeIDE/plugins/com.st.stm32cube.ide.mcu.externaltools.gnu-tools-for-stm32.12.3.rel1.win32_1.0.100.202403111256/tools/bin/../lib/gcc/arm-none-eabi/12.3.1/../../../../arm-none-eabi/lib/thumb/v8-m.main+fp/hard\libc_nano.a(libc_a-assert.o)
                0x080087c0                __assert_func
 .text._calloc_r
                0x080087fc       0x28 C:/ST/STM32CubeIDE_1.12.0/STM32CubeIDE/plugins/com.st.stm32cube.ide.mcu.externaltools.gnu-tools-for-stm32.12.3.rel1.win32_1.0.100.202403111256/tools/bin/../lib/gcc/arm-none-eabi/12.3.1/../../../../arm-none-eabi/lib/thumb/v8-m.main+fp/hard\libc_nano.a(libc_a-callocr.o)
                0x080087fc                _calloc_r
 .text.__ascii_mbtowc
                0x08008824       0x24 C:/ST/STM32CubeIDE_1.12.0/STM32CubeIDE/plugins/com.st.stm32cube.ide.mcu.externaltools.gnu-tools-for-stm32.12.3.rel1.win32_1.0.100.202403111256/tools/bin/../lib/gcc/arm-none-eabi/12.3.1/../../../../arm-none-eabi/lib/thumb/v8-m.main+fp/hard\libc_nano.a(libc_a-mbtowc_r.o)
                0x08008824                __ascii_mbtowc
 .text._realloc_r
                0x08008848       0x5c C:/ST/STM32CubeIDE_1.12.0/STM32CubeIDE/plugins/com.st.stm32cube.ide.mcu.externaltools.gnu-tools-for-stm32.12.3.rel1.win32_1.0.100.202403111256/tools/bin/../lib/gcc/arm-none-eabi/12.3.1/../../../../arm-none-eabi/lib/thumb/v8-m.main+fp/hard\libc_nano.a(libc_a-reallocr.o)
                0x08008848                _realloc_r
 .text.__ascii_wctomb
                0x080088a4       0x1a C:/ST/STM32CubeIDE_1.12.0/STM32CubeIDE/plugins/com.st.stm32cube.ide.mcu.externaltools.gnu-tools-for-stm32.12.3.rel1.win32_1.0.100.202403111256/tools/bin/../lib/gcc/arm-none-eabi/12.3.1/../../../../arm-none-eabi/lib/thumb/v8-m.main+fp/hard\libc_nano.a(libc_a-wctomb_r.o)
                0x080088a4                __ascii_wctomb
 *fill*         0x080088be        0x2 
 .text.fprintf  0x080088c0       0x24 C:/ST/STM32CubeIDE_1.12.0/STM32CubeIDE/plugins/com.st.stm32cube.ide.mcu.externaltools.gnu-tools-for-stm32.12.3.rel1.win32_1.0.100.202403111256/tools/bin/../lib/gcc/arm-none-eabi/12.3.1/../../../../arm-none-eabi/lib/thumb/v8-m.main+fp/hard\libc_nano.a(libc_a-fprintf.o)
                0x080088c0                fiprintf
                0x080088c0                fprintf
 .text.abort    0x080088e4        0xe C:/ST/STM32CubeIDE_1.12.0/STM32CubeIDE/plugins/com.st.stm32cube.ide.mcu.externaltools.gnu-tools-for-stm32.12.3.rel1.win32_1.0.100.202403111256/tools/bin/../lib/gcc/arm-none-eabi/12.3.1/../../../../arm-none-eabi/lib/thumb/v8-m.main+fp/hard\libc_nano.a(libc_a-abort.o)
                0x080088e4                abort
 .text._malloc_usable_size_r
                0x080088f2       0x10 C:/ST/STM32CubeIDE_1.12.0/STM32CubeIDE/plugins/com.st.stm32cube.ide.mcu.externaltools.gnu-tools-for-stm32.12.3.rel1.win32_1.0.100.202403111256/tools/bin/../lib/gcc/arm-none-eabi/12.3.1/../../../../arm-none-eabi/lib/thumb/v8-m.main+fp/hard\libc_nano.a(libc_a-msizer.o)
                0x080088f2                _malloc_usable_size_r
 .text.__sfputc_r
                0x08008902       0x2e C:/ST/STM32CubeIDE_1.12.0/STM32CubeIDE/plugins/com.st.stm32cube.ide.mcu.externaltools.gnu-tools-for-stm32.12.3.rel1.win32_1.0.100.202403111256/tools/bin/../lib/gcc/arm-none-eabi/12.3.1/../../../../arm-none-eabi/lib/thumb/v8-m.main+fp/hard\libc_nano.a(libc_a-nano-vfprintf.o)
 .text.__sfputs_r
                0x08008930       0x24 C:/ST/STM32CubeIDE_1.12.0/STM32CubeIDE/plugins/com.st.stm32cube.ide.mcu.externaltools.gnu-tools-for-stm32.12.3.rel1.win32_1.0.100.202403111256/tools/bin/../lib/gcc/arm-none-eabi/12.3.1/../../../../arm-none-eabi/lib/thumb/v8-m.main+fp/hard\libc_nano.a(libc_a-nano-vfprintf.o)
                0x08008930                __sfputs_r
 .text._vfprintf_r
                0x08008954      0x230 C:/ST/STM32CubeIDE_1.12.0/STM32CubeIDE/plugins/com.st.stm32cube.ide.mcu.externaltools.gnu-tools-for-stm32.12.3.rel1.win32_1.0.100.202403111256/tools/bin/../lib/gcc/arm-none-eabi/12.3.1/../../../../arm-none-eabi/lib/thumb/v8-m.main+fp/hard\libc_nano.a(libc_a-nano-vfprintf.o)
                0x08008954                _vfprintf_r
                0x08008954                _vfiprintf_r
 .text.__swbuf_r
                0x08008b84       0x7c C:/ST/STM32CubeIDE_1.12.0/STM32CubeIDE/plugins/com.st.stm32cube.ide.mcu.externaltools.gnu-tools-for-stm32.12.3.rel1.win32_1.0.100.202403111256/tools/bin/../lib/gcc/arm-none-eabi/12.3.1/../../../../arm-none-eabi/lib/thumb/v8-m.main+fp/hard\libc_nano.a(libc_a-wbuf.o)
                0x08008b84                __swbuf_r
 .text.__swsetup_r
                0x08008c00       0xac C:/ST/STM32CubeIDE_1.12.0/STM32CubeIDE/plugins/com.st.stm32cube.ide.mcu.externaltools.gnu-tools-for-stm32.12.3.rel1.win32_1.0.100.202403111256/tools/bin/../lib/gcc/arm-none-eabi/12.3.1/../../../../arm-none-eabi/lib/thumb/v8-m.main+fp/hard\libc_nano.a(libc_a-wsetup.o)
                0x08008c00                __swsetup_r
 .text._raise_r
                0x08008cac       0x50 C:/ST/STM32CubeIDE_1.12.0/STM32CubeIDE/plugins/com.st.stm32cube.ide.mcu.externaltools.gnu-tools-for-stm32.12.3.rel1.win32_1.0.100.202403111256/tools/bin/../lib/gcc/arm-none-eabi/12.3.1/../../../../arm-none-eabi/lib/thumb/v8-m.main+fp/hard\libc_nano.a(libc_a-signal.o)
                0x08008cac                _raise_r
 .text.raise    0x08008cfc       0x10 C:/ST/STM32CubeIDE_1.12.0/STM32CubeIDE/plugins/com.st.stm32cube.ide.mcu.externaltools.gnu-tools-for-stm32.12.3.rel1.win32_1.0.100.202403111256/tools/bin/../lib/gcc/arm-none-eabi/12.3.1/../../../../arm-none-eabi/lib/thumb/v8-m.main+fp/hard\libc_nano.a(libc_a-signal.o)
                0x08008cfc                raise
 .text._kill_r  0x08008d0c       0x24 C:/ST/STM32CubeIDE_1.12.0/STM32CubeIDE/plugins/com.st.stm32cube.ide.mcu.externaltools.gnu-tools-for-stm32.12.3.rel1.win32_1.0.100.202403111256/tools/bin/../lib/gcc/arm-none-eabi/12.3.1/../../../../arm-none-eabi/lib/thumb/v8-m.main+fp/hard\libc_nano.a(libc_a-signalr.o)
                0x08008d0c                _kill_r
 .text._getpid_r
                0x08008d30        0x4 C:/ST/STM32CubeIDE_1.12.0/STM32CubeIDE/plugins/com.st.stm32cube.ide.mcu.externaltools.gnu-tools-for-stm32.12.3.rel1.win32_1.0.100.202403111256/tools/bin/../lib/gcc/arm-none-eabi/12.3.1/../../../../arm-none-eabi/lib/thumb/v8-m.main+fp/hard\libc_nano.a(libc_a-signalr.o)
                0x08008d30                _getpid_r
 .text.__swhatbuf_r
                0x08008d34       0x4a C:/ST/STM32CubeIDE_1.12.0/STM32CubeIDE/plugins/com.st.stm32cube.ide.mcu.externaltools.gnu-tools-for-stm32.12.3.rel1.win32_1.0.100.202403111256/tools/bin/../lib/gcc/arm-none-eabi/12.3.1/../../../../arm-none-eabi/lib/thumb/v8-m.main+fp/hard\libc_nano.a(libc_a-makebuf.o)
                0x08008d34                __swhatbuf_r
 .text.__smakebuf_r
                0x08008d7e       0x78 C:/ST/STM32CubeIDE_1.12.0/STM32CubeIDE/plugins/com.st.stm32cube.ide.mcu.externaltools.gnu-tools-for-stm32.12.3.rel1.win32_1.0.100.202403111256/tools/bin/../lib/gcc/arm-none-eabi/12.3.1/../../../../arm-none-eabi/lib/thumb/v8-m.main+fp/hard\libc_nano.a(libc_a-makebuf.o)
                0x08008d7e                __smakebuf_r
 *fill*         0x08008df6        0x2 
 .text._fstat_r
                0x08008df8       0x24 C:/ST/STM32CubeIDE_1.12.0/STM32CubeIDE/plugins/com.st.stm32cube.ide.mcu.externaltools.gnu-tools-for-stm32.12.3.rel1.win32_1.0.100.202403111256/tools/bin/../lib/gcc/arm-none-eabi/12.3.1/../../../../arm-none-eabi/lib/thumb/v8-m.main+fp/hard\libc_nano.a(libc_a-fstatr.o)
                0x08008df8                _fstat_r
 .text._isatty_r
                0x08008e1c       0x20 C:/ST/STM32CubeIDE_1.12.0/STM32CubeIDE/plugins/com.st.stm32cube.ide.mcu.externaltools.gnu-tools-for-stm32.12.3.rel1.win32_1.0.100.202403111256/tools/bin/../lib/gcc/arm-none-eabi/12.3.1/../../../../arm-none-eabi/lib/thumb/v8-m.main+fp/hard\libc_nano.a(libc_a-isattyr.o)
                0x08008e1c                _isatty_r
 *(.glue_7)
 .glue_7        0x08008e3c        0x0 linker stubs
 *(.glue_7t)
 .glue_7t       0x08008e3c        0x0 linker stubs
 *(.eh_frame)
 .eh_frame      0x08008e3c        0x0 C:/ST/STM32CubeIDE_1.12.0/STM32CubeIDE/plugins/com.st.stm32cube.ide.mcu.externaltools.gnu-tools-for-stm32.12.3.rel1.win32_1.0.100.202403111256/tools/bin/../lib/gcc/arm-none-eabi/12.3.1/thumb/v8-m.main+fp/hard/crtbegin.o
 *(.init)
 .init          0x08008e3c        0x4 C:/ST/STM32CubeIDE_1.12.0/STM32CubeIDE/plugins/com.st.stm32cube.ide.mcu.externaltools.gnu-tools-for-stm32.12.3.rel1.win32_1.0.100.202403111256/tools/bin/../lib/gcc/arm-none-eabi/12.3.1/thumb/v8-m.main+fp/hard/crti.o
                0x08008e3c                _init
 .init          0x08008e40        0x8 C:/ST/STM32CubeIDE_1.12.0/STM32CubeIDE/plugins/com.st.stm32cube.ide.mcu.externaltools.gnu-tools-for-stm32.12.3.rel1.win32_1.0.100.202403111256/tools/bin/../lib/gcc/arm-none-eabi/12.3.1/thumb/v8-m.main+fp/hard/crtn.o
 *(.fini)
 .fini          0x08008e48        0x4 C:/ST/STM32CubeIDE_1.12.0/STM32CubeIDE/plugins/com.st.stm32cube.ide.mcu.externaltools.gnu-tools-for-stm32.12.3.rel1.win32_1.0.100.202403111256/tools/bin/../lib/gcc/arm-none-eabi/12.3.1/thumb/v8-m.main+fp/hard/crti.o
                0x08008e48                _fini
 .fini          0x08008e4c        0x8 C:/ST/STM32CubeIDE_1.12.0/STM32CubeIDE/plugins/com.st.stm32cube.ide.mcu.externaltools.gnu-tools-for-stm32.12.3.rel1.win32_1.0.100.202403111256/tools/bin/../lib/gcc/arm-none-eabi/12.3.1/thumb/v8-m.main+fp/hard/crtn.o
                0x08008e54                        . = ALIGN (0x4)
                0x08008e54                        _etext = .

.vfp11_veneer   0x08008e54        0x0
 .vfp11_veneer  0x08008e54        0x0 linker stubs

.v4_bx          0x08008e54        0x0
 .v4_bx         0x08008e54        0x0 linker stubs

.iplt           0x08008e54        0x0
 .iplt          0x08008e54        0x0 C:/ST/STM32CubeIDE_1.12.0/STM32CubeIDE/plugins/com.st.stm32cube.ide.mcu.externaltools.gnu-tools-for-stm32.12.3.rel1.win32_1.0.100.202403111256/tools/bin/../lib/gcc/arm-none-eabi/12.3.1/thumb/v8-m.main+fp/hard/crtbegin.o

.rodata         0x08008e58      0x878
                0x08008e58                        . = ALIGN (0x4)
 *(.rodata)
 .rodata        0x08008e58       0xe3 ./External Library/Src/custom_flash.o
 *fill*         0x08008f3b        0x1 
 .rodata        0x08008f3c       0x25 ./External Library/Src/custom_oled.o
 *fill*         0x08008f61        0x3 
 .rodata        0x08008f64       0x8c ./Main/Src/drive.o
 .rodata        0x08008ff0       0x21 ./Main/Src/init.o
 *fill*         0x08009011        0x3 
 .rodata        0x08009014       0x9a ./Main/Src/sensor.o
 *(.rodata*)
 *fill*         0x080090ae        0x2 
 .rodata.OFFSET_TAB_CCMRx
                0x080090b0        0xa ./Core/Src/main.o
 *fill*         0x080090ba        0x2 
 .rodata.SHIFT_TAB_OCxx
                0x080090bc        0xa ./Core/Src/main.o
 *fill*         0x080090c6        0x2 
 .rodata.SHIFT_TAB_ICxx
                0x080090c8        0xa ./Core/Src/main.o
 *fill*         0x080090d2        0x2 
 .rodata.SHIFT_TAB_CCxP
                0x080090d4        0xa ./Core/Src/main.o
 *fill*         0x080090de        0x2 
 .rodata.STARFONT_ASCII
                0x080090e0      0x280 ./External Library/Src/custom_oled.o
                0x080090e0                STARFONT_ASCII
 .rodata._printf_float.str1.1
                0x08009360       0x12 C:/ST/STM32CubeIDE_1.12.0/STM32CubeIDE/plugins/com.st.stm32cube.ide.mcu.externaltools.gnu-tools-for-stm32.12.3.rel1.win32_1.0.100.202403111256/tools/bin/../lib/gcc/arm-none-eabi/12.3.1/../../../../arm-none-eabi/lib/thumb/v8-m.main+fp/hard\libc_nano.a(libc_a-nano-vfprintf_float.o)
 .rodata._printf_i.str1.1
                0x08009372       0x22 C:/ST/STM32CubeIDE_1.12.0/STM32CubeIDE/plugins/com.st.stm32cube.ide.mcu.externaltools.gnu-tools-for-stm32.12.3.rel1.win32_1.0.100.202403111256/tools/bin/../lib/gcc/arm-none-eabi/12.3.1/../../../../arm-none-eabi/lib/thumb/v8-m.main+fp/hard\libc_nano.a(libc_a-nano-vfprintf_i.o)
 .rodata._dtoa_r.str1.1
                0x08009394       0x8d C:/ST/STM32CubeIDE_1.12.0/STM32CubeIDE/plugins/com.st.stm32cube.ide.mcu.externaltools.gnu-tools-for-stm32.12.3.rel1.win32_1.0.100.202403111256/tools/bin/../lib/gcc/arm-none-eabi/12.3.1/../../../../arm-none-eabi/lib/thumb/v8-m.main+fp/hard\libc_nano.a(libc_a-dtoa.o)
                                 0x8f (size before relaxing)
 .rodata._Balloc.str1.1
                0x08009421       0x59 C:/ST/STM32CubeIDE_1.12.0/STM32CubeIDE/plugins/com.st.stm32cube.ide.mcu.externaltools.gnu-tools-for-stm32.12.3.rel1.win32_1.0.100.202403111256/tools/bin/../lib/gcc/arm-none-eabi/12.3.1/../../../../arm-none-eabi/lib/thumb/v8-m.main+fp/hard\libc_nano.a(libc_a-mprec.o)
                                 0x70 (size before relaxing)
 .rodata.__multadd.str1.1
                0x0800947a       0x11 C:/ST/STM32CubeIDE_1.12.0/STM32CubeIDE/plugins/com.st.stm32cube.ide.mcu.externaltools.gnu-tools-for-stm32.12.3.rel1.win32_1.0.100.202403111256/tools/bin/../lib/gcc/arm-none-eabi/12.3.1/../../../../arm-none-eabi/lib/thumb/v8-m.main+fp/hard\libc_nano.a(libc_a-mprec.o)
 *fill*         0x0800947a        0x2 
 .rodata.p05.0  0x0800947c        0xc C:/ST/STM32CubeIDE_1.12.0/STM32CubeIDE/plugins/com.st.stm32cube.ide.mcu.externaltools.gnu-tools-for-stm32.12.3.rel1.win32_1.0.100.202403111256/tools/bin/../lib/gcc/arm-none-eabi/12.3.1/../../../../arm-none-eabi/lib/thumb/v8-m.main+fp/hard\libc_nano.a(libc_a-mprec.o)
 .rodata.__mprec_bigtens
                0x08009488       0x28 C:/ST/STM32CubeIDE_1.12.0/STM32CubeIDE/plugins/com.st.stm32cube.ide.mcu.externaltools.gnu-tools-for-stm32.12.3.rel1.win32_1.0.100.202403111256/tools/bin/../lib/gcc/arm-none-eabi/12.3.1/../../../../arm-none-eabi/lib/thumb/v8-m.main+fp/hard\libc_nano.a(libc_a-mprec.o)
                0x08009488                __mprec_bigtens
 .rodata.__mprec_tens
                0x080094b0       0xc8 C:/ST/STM32CubeIDE_1.12.0/STM32CubeIDE/plugins/com.st.stm32cube.ide.mcu.externaltools.gnu-tools-for-stm32.12.3.rel1.win32_1.0.100.202403111256/tools/bin/../lib/gcc/arm-none-eabi/12.3.1/../../../../arm-none-eabi/lib/thumb/v8-m.main+fp/hard\libc_nano.a(libc_a-mprec.o)
                0x080094b0                __mprec_tens
 .rodata._svfprintf_r.str1.1
                0x08009578       0x11 C:/ST/STM32CubeIDE_1.12.0/STM32CubeIDE/plugins/com.st.stm32cube.ide.mcu.externaltools.gnu-tools-for-stm32.12.3.rel1.win32_1.0.100.202403111256/tools/bin/../lib/gcc/arm-none-eabi/12.3.1/../../../../arm-none-eabi/lib/thumb/v8-m.main+fp/hard\libc_nano.a(libc_a-nano-svfprintf.o)
 .rodata._setlocale_r.str1.1
                0x08009589        0x8 C:/ST/STM32CubeIDE_1.12.0/STM32CubeIDE/plugins/com.st.stm32cube.ide.mcu.externaltools.gnu-tools-for-stm32.12.3.rel1.win32_1.0.100.202403111256/tools/bin/../lib/gcc/arm-none-eabi/12.3.1/../../../../arm-none-eabi/lib/thumb/v8-m.main+fp/hard\libc_nano.a(libc_a-locale.o)
                                  0x9 (size before relaxing)
 .rodata.str1.1
                0x08009591        0x2 C:/ST/STM32CubeIDE_1.12.0/STM32CubeIDE/plugins/com.st.stm32cube.ide.mcu.externaltools.gnu-tools-for-stm32.12.3.rel1.win32_1.0.100.202403111256/tools/bin/../lib/gcc/arm-none-eabi/12.3.1/../../../../arm-none-eabi/lib/thumb/v8-m.main+fp/hard\libc_nano.a(libc_a-locale.o)
 .rodata.__assert_func.str1.1
                0x08009593       0x3c C:/ST/STM32CubeIDE_1.12.0/STM32CubeIDE/plugins/com.st.stm32cube.ide.mcu.externaltools.gnu-tools-for-stm32.12.3.rel1.win32_1.0.100.202403111256/tools/bin/../lib/gcc/arm-none-eabi/12.3.1/../../../../arm-none-eabi/lib/thumb/v8-m.main+fp/hard\libc_nano.a(libc_a-assert.o)
                                 0x3d (size before relaxing)
 .rodata._ctype_
                0x080095cf      0x101 C:/ST/STM32CubeIDE_1.12.0/STM32CubeIDE/plugins/com.st.stm32cube.ide.mcu.externaltools.gnu-tools-for-stm32.12.3.rel1.win32_1.0.100.202403111256/tools/bin/../lib/gcc/arm-none-eabi/12.3.1/../../../../arm-none-eabi/lib/thumb/v8-m.main+fp/hard\libc_nano.a(libc_a-ctype_.o)
                0x080095cf                _ctype_
 .rodata._vfprintf_r.str1.1
                0x080096d0       0x11 C:/ST/STM32CubeIDE_1.12.0/STM32CubeIDE/plugins/com.st.stm32cube.ide.mcu.externaltools.gnu-tools-for-stm32.12.3.rel1.win32_1.0.100.202403111256/tools/bin/../lib/gcc/arm-none-eabi/12.3.1/../../../../arm-none-eabi/lib/thumb/v8-m.main+fp/hard\libc_nano.a(libc_a-nano-vfprintf.o)
                0x080096e4                        . = ALIGN (0x4)

.ARM.extab      0x080096d0        0x0
                0x080096d0                        . = ALIGN (0x4)
 *(.ARM.extab* .gnu.linkonce.armextab.*)
                0x080096d0                        . = ALIGN (0x4)

.ARM            0x080096d0        0x8
                0x080096d0                        . = ALIGN (0x4)
                0x080096d0                        __exidx_start = .
 *(.ARM.exidx*)
 .ARM.exidx     0x080096d0        0x8 C:/ST/STM32CubeIDE_1.12.0/STM32CubeIDE/plugins/com.st.stm32cube.ide.mcu.externaltools.gnu-tools-for-stm32.12.3.rel1.win32_1.0.100.202403111256/tools/bin/../lib/gcc/arm-none-eabi/12.3.1/../../../../arm-none-eabi/lib/thumb/v8-m.main+fp/hard\libc_nano.a(libc_a-strlen.o)
                0x080096d8                        __exidx_end = .
                0x080096d8                        . = ALIGN (0x4)

.preinit_array  0x080096d8        0x0
                0x080096d8                        . = ALIGN (0x4)
                0x080096d8                        PROVIDE (__preinit_array_start = .)
 *(.preinit_array*)
                0x080096d8                        PROVIDE (__preinit_array_end = .)
                0x080096d8                        . = ALIGN (0x4)

.init_array     0x080096d8        0x4
                0x080096d8                        . = ALIGN (0x4)
                0x080096d8                        PROVIDE (__init_array_start = .)
 *(SORT_BY_NAME(.init_array.*))
 *(.init_array*)
 .init_array    0x080096d8        0x4 C:/ST/STM32CubeIDE_1.12.0/STM32CubeIDE/plugins/com.st.stm32cube.ide.mcu.externaltools.gnu-tools-for-stm32.12.3.rel1.win32_1.0.100.202403111256/tools/bin/../lib/gcc/arm-none-eabi/12.3.1/thumb/v8-m.main+fp/hard/crtbegin.o
                0x080096dc                        PROVIDE (__init_array_end = .)
                0x080096dc                        . = ALIGN (0x4)

.fini_array     0x080096dc        0x4
                0x080096dc                        . = ALIGN (0x4)
                [!provide]                        PROVIDE (__fini_array_start = .)
 *(SORT_BY_NAME(.fini_array.*))
 *(.fini_array*)
 .fini_array    0x080096dc        0x4 C:/ST/STM32CubeIDE_1.12.0/STM32CubeIDE/plugins/com.st.stm32cube.ide.mcu.externaltools.gnu-tools-for-stm32.12.3.rel1.win32_1.0.100.202403111256/tools/bin/../lib/gcc/arm-none-eabi/12.3.1/thumb/v8-m.main+fp/hard/crtbegin.o
                [!provide]                        PROVIDE (__fini_array_end = .)
                0x080096e0                        . = ALIGN (0x4)
                0x080096e0                        _sidata = LOADADDR (.data)

.rel.dyn        0x080096e0        0x0
 .rel.iplt      0x080096e0        0x0 C:/ST/STM32CubeIDE_1.12.0/STM32CubeIDE/plugins/com.st.stm32cube.ide.mcu.externaltools.gnu-tools-for-stm32.12.3.rel1.win32_1.0.100.202403111256/tools/bin/../lib/gcc/arm-none-eabi/12.3.1/thumb/v8-m.main+fp/hard/crtbegin.o

.data           0x20000000      0x378 load address 0x080096e0
                0x20000000                        . = ALIGN (0x4)
                0x20000000                        _sdata = .
 *(.data)
 *(.data*)
 .data.SystemCoreClock
                0x20000000        0x4 ./Core/Src/system_stm32h5xx.o
                0x20000000                SystemCoreClock
 .data.positionCenter
                0x20000004       0x1e ./Main/Src/drive.o
                0x20000004                positionCenter
 *fill*         0x20000022        0x2 
 .data.in_menu  0x20000024       0xfc ./Main/Src/init.o
                0x20000024                in_menu
 .data.TIME     0x20000120        0x4 ./Main/Src/motor.o
                0x20000120                TIME
 .data.gain_p   0x20000124        0x4 ./Main/Src/motor.o
                0x20000124                gain_p
 .data.whiteMax
                0x20000128       0x40 ./Main/Src/sensor.o
                0x20000128                whiteMax
 .data.position
                0x20000168       0x40 ./Main/Src/sensor.o
                0x20000168                position
 .data.sensorThreshold
                0x200001a8        0x1 ./Main/Src/sensor.o
                0x200001a8                sensorThreshold
 *fill*         0x200001a9        0x3 
 .data.center   0x200001ac        0x4 ./Main/Src/sensor.o
                0x200001ac                center
 .data.__sglue  0x200001b0        0xc C:/ST/STM32CubeIDE_1.12.0/STM32CubeIDE/plugins/com.st.stm32cube.ide.mcu.externaltools.gnu-tools-for-stm32.12.3.rel1.win32_1.0.100.202403111256/tools/bin/../lib/gcc/arm-none-eabi/12.3.1/../../../../arm-none-eabi/lib/thumb/v8-m.main+fp/hard\libc_nano.a(libc_a-findfp.o)
                0x200001b0                __sglue
 .data._impure_ptr
                0x200001bc        0x4 C:/ST/STM32CubeIDE_1.12.0/STM32CubeIDE/plugins/com.st.stm32cube.ide.mcu.externaltools.gnu-tools-for-stm32.12.3.rel1.win32_1.0.100.202403111256/tools/bin/../lib/gcc/arm-none-eabi/12.3.1/../../../../arm-none-eabi/lib/thumb/v8-m.main+fp/hard\libc_nano.a(libc_a-impure.o)
                0x200001bc                _impure_ptr
 .data._impure_data
                0x200001c0       0x4c C:/ST/STM32CubeIDE_1.12.0/STM32CubeIDE/plugins/com.st.stm32cube.ide.mcu.externaltools.gnu-tools-for-stm32.12.3.rel1.win32_1.0.100.202403111256/tools/bin/../lib/gcc/arm-none-eabi/12.3.1/../../../../arm-none-eabi/lib/thumb/v8-m.main+fp/hard\libc_nano.a(libc_a-impure.o)
                0x200001c0                _impure_data
 .data.__global_locale
                0x2000020c      0x16c C:/ST/STM32CubeIDE_1.12.0/STM32CubeIDE/plugins/com.st.stm32cube.ide.mcu.externaltools.gnu-tools-for-stm32.12.3.rel1.win32_1.0.100.202403111256/tools/bin/../lib/gcc/arm-none-eabi/12.3.1/../../../../arm-none-eabi/lib/thumb/v8-m.main+fp/hard\libc_nano.a(libc_a-locale.o)
                0x2000020c                __global_locale
 *(.RamFunc)
 *(.RamFunc*)
                0x20000378                        . = ALIGN (0x4)
                0x20000378                        _edata = .

.igot.plt       0x20000378        0x0 load address 0x08009a58
 .igot.plt      0x20000378        0x0 C:/ST/STM32CubeIDE_1.12.0/STM32CubeIDE/plugins/com.st.stm32cube.ide.mcu.externaltools.gnu-tools-for-stm32.12.3.rel1.win32_1.0.100.202403111256/tools/bin/../lib/gcc/arm-none-eabi/12.3.1/thumb/v8-m.main+fp/hard/crtbegin.o
                0x20000378                        . = ALIGN (0x4)

.bss            0x20000378     0x15b0 load address 0x08009a58
                0x20000378                        _sbss = .
                0x20000378                        __bss_start__ = _sbss
 *(.bss)
 .bss           0x20000378       0x1c C:/ST/STM32CubeIDE_1.12.0/STM32CubeIDE/plugins/com.st.stm32cube.ide.mcu.externaltools.gnu-tools-for-stm32.12.3.rel1.win32_1.0.100.202403111256/tools/bin/../lib/gcc/arm-none-eabi/12.3.1/thumb/v8-m.main+fp/hard/crtbegin.o
 *(.bss*)
 .bss.uwTick    0x20000394        0x4 ./Core/Src/stm32h5xx_it.o
                0x20000394                uwTick
 .bss.__sbrk_heap_end
                0x20000398        0x4 ./Core/Src/sysmem.o
 .bss._file     0x2000039c        0x4 ./External Library/Src/custom_exception.o
 .bss._line     0x200003a0        0x4 ./External Library/Src/custom_exception.o
 .bss._message  0x200003a4        0x4 ./External Library/Src/custom_exception.o
 .bss.filesystem
                0x200003a8     0x1001 ./External Library/Src/custom_filesystem.o
                0x200003a8                filesystem
 .bss.filesystemLoaded
                0x200013a9        0x1 ./External Library/Src/custom_filesystem.o
                0x200013a9                filesystemLoaded
 *fill*         0x200013aa        0x2 
 .bss.data.0    0x200013ac      0x140 ./External Library/Src/custom_oled.o
 .bss.isInitialized.2
                0x200014ec        0x1 ./External Library/Src/custom_switch.o
 *fill*         0x200014ed        0x3 
 .bss.sw1.1     0x200014f0       0x14 ./External Library/Src/custom_switch.o
 .bss.sw2.0     0x20001504       0x14 ./External Library/Src/custom_switch.o
 .bss.mark_read
                0x20001518      0x190 ./Main/Src/drive.o
                0x20001518                mark_read
 .bss.sensorState_Sum
                0x200016a8        0x2 ./Main/Src/drive.o
                0x200016a8                sensorState_Sum
 .bss.state     0x200016aa        0x1 ./Main/Src/drive.o
                0x200016aa                state
 *fill*         0x200016ab        0x1 
 .bss.index_markcnt
                0x200016ac        0x4 ./Main/Src/drive.o
                0x200016ac                index_markcnt
 .bss.cross_decision.0
                0x200016b0        0x1 ./Main/Src/drive.o
 *fill*         0x200016b1        0x3 
 .bss.gain_d    0x200016b4        0x4 ./Main/Src/motor.o
                0x200016b4                gain_d
 .bss.MotorL    0x200016b8       0x24 ./Main/Src/motor.o
                0x200016b8                MotorL
 .bss.MotorR    0x200016dc       0x24 ./Main/Src/motor.o
                0x200016dc                MotorR
 .bss.sensorRaw
                0x20001700       0x40 ./Main/Src/sensor.o
                0x20001700                sensorRaw
 .bss.batteryVolt
                0x20001740        0x4 ./Main/Src/sensor.o
                0x20001740                batteryVolt
 .bss.blackMax  0x20001744       0x40 ./Main/Src/sensor.o
                0x20001744                blackMax
 .bss.normalized
                0x20001784       0x40 ./Main/Src/sensor.o
                0x20001784                normalized
 .bss.sw        0x200017c4        0x1 ./Main/Src/sensor.o
                0x200017c4                sw
 *fill*         0x200017c5        0x1 
 .bss.SensorState
                0x200017c6        0x2 ./Main/Src/sensor.o
                0x200017c6                SensorState
 .bss.normalized_value
                0x200017c8        0x4 ./Main/Src/sensor.o
                0x200017c8                normalized_value
 .bss.position_value
                0x200017cc        0x4 ./Main/Src/sensor.o
                0x200017cc                position_value
 .bss.Window    0x200017d0        0x6 ./Main/Src/sensor.o
                0x200017d0                Window
 *fill*         0x200017d6        0x2 
 .bss.i.0       0x200017d8        0x4 ./Main/Src/sensor.o
 .bss.__sf      0x200017dc      0x138 C:/ST/STM32CubeIDE_1.12.0/STM32CubeIDE/plugins/com.st.stm32cube.ide.mcu.externaltools.gnu-tools-for-stm32.12.3.rel1.win32_1.0.100.202403111256/tools/bin/../lib/gcc/arm-none-eabi/12.3.1/../../../../arm-none-eabi/lib/thumb/v8-m.main+fp/hard\libc_nano.a(libc_a-findfp.o)
                0x200017dc                __sf
 .bss.__stdio_exit_handler
                0x20001914        0x4 C:/ST/STM32CubeIDE_1.12.0/STM32CubeIDE/plugins/com.st.stm32cube.ide.mcu.externaltools.gnu-tools-for-stm32.12.3.rel1.win32_1.0.100.202403111256/tools/bin/../lib/gcc/arm-none-eabi/12.3.1/../../../../arm-none-eabi/lib/thumb/v8-m.main+fp/hard\libc_nano.a(libc_a-findfp.o)
                0x20001914                __stdio_exit_handler
 .bss.errno     0x20001918        0x4 C:/ST/STM32CubeIDE_1.12.0/STM32CubeIDE/plugins/com.st.stm32cube.ide.mcu.externaltools.gnu-tools-for-stm32.12.3.rel1.win32_1.0.100.202403111256/tools/bin/../lib/gcc/arm-none-eabi/12.3.1/../../../../arm-none-eabi/lib/thumb/v8-m.main+fp/hard\libc_nano.a(libc_a-reent.o)
                0x20001918                errno
 .bss.__lock___malloc_recursive_mutex
                0x2000191c        0x1 C:/ST/STM32CubeIDE_1.12.0/STM32CubeIDE/plugins/com.st.stm32cube.ide.mcu.externaltools.gnu-tools-for-stm32.12.3.rel1.win32_1.0.100.202403111256/tools/bin/../lib/gcc/arm-none-eabi/12.3.1/../../../../arm-none-eabi/lib/thumb/v8-m.main+fp/hard\libc_nano.a(libc_a-lock.o)
                0x2000191c                __lock___malloc_recursive_mutex
 .bss.__lock___sfp_recursive_mutex
                0x2000191d        0x1 C:/ST/STM32CubeIDE_1.12.0/STM32CubeIDE/plugins/com.st.stm32cube.ide.mcu.externaltools.gnu-tools-for-stm32.12.3.rel1.win32_1.0.100.202403111256/tools/bin/../lib/gcc/arm-none-eabi/12.3.1/../../../../arm-none-eabi/lib/thumb/v8-m.main+fp/hard\libc_nano.a(libc_a-lock.o)
                0x2000191d                __lock___sfp_recursive_mutex
 *fill*         0x2000191e        0x2 
 .bss.__malloc_sbrk_start
                0x20001920        0x4 C:/ST/STM32CubeIDE_1.12.0/STM32CubeIDE/plugins/com.st.stm32cube.ide.mcu.externaltools.gnu-tools-for-stm32.12.3.rel1.win32_1.0.100.202403111256/tools/bin/../lib/gcc/arm-none-eabi/12.3.1/../../../../arm-none-eabi/lib/thumb/v8-m.main+fp/hard\libc_nano.a(libc_a-mallocr.o)
                0x20001920                __malloc_sbrk_start
 .bss.__malloc_free_list
                0x20001924        0x4 C:/ST/STM32CubeIDE_1.12.0/STM32CubeIDE/plugins/com.st.stm32cube.ide.mcu.externaltools.gnu-tools-for-stm32.12.3.rel1.win32_1.0.100.202403111256/tools/bin/../lib/gcc/arm-none-eabi/12.3.1/../../../../arm-none-eabi/lib/thumb/v8-m.main+fp/hard\libc_nano.a(libc_a-mallocr.o)
                0x20001924                __malloc_free_list
 *(COMMON)
                0x20001928                        . = ALIGN (0x4)
                0x20001928                        _ebss = .
                0x20001928                        __bss_end__ = _ebss

._user_heap_stack
                0x20001928      0x600 load address 0x08009a58
                0x20001928                        . = ALIGN (0x8)
                [!provide]                        PROVIDE (end = .)
                0x20001928                        PROVIDE (_end = .)
                0x20001b28                        . = (. + _Min_Heap_Size)
 *fill*         0x20001928      0x200 
                0x20001f28                        . = (. + _Min_Stack_Size)
 *fill*         0x20001b28      0x400 
                0x20001f28                        . = ALIGN (0x8)

/DISCARD/
 libc.a(*)
 libm.a(*)
 libgcc.a(*)

.ARM.attributes
                0x00000000       0x36
 *(.ARM.attributes)
 .ARM.attributes
                0x00000000       0x26 C:/ST/STM32CubeIDE_1.12.0/STM32CubeIDE/plugins/com.st.stm32cube.ide.mcu.externaltools.gnu-tools-for-stm32.12.3.rel1.win32_1.0.100.202403111256/tools/bin/../lib/gcc/arm-none-eabi/12.3.1/thumb/v8-m.main+fp/hard/crti.o
 .ARM.attributes
                0x00000026       0x38 C:/ST/STM32CubeIDE_1.12.0/STM32CubeIDE/plugins/com.st.stm32cube.ide.mcu.externaltools.gnu-tools-for-stm32.12.3.rel1.win32_1.0.100.202403111256/tools/bin/../lib/gcc/arm-none-eabi/12.3.1/thumb/v8-m.main+fp/hard/crtbegin.o
 .ARM.attributes
                0x0000005e       0x3a ./Core/Src/main.o
 .ARM.attributes
                0x00000098       0x3a ./Core/Src/stm32h5xx_it.o
 .ARM.attributes
                0x000000d2       0x3a ./Core/Src/syscalls.o
 .ARM.attributes
                0x0000010c       0x3a ./Core/Src/sysmem.o
 .ARM.attributes
                0x00000146       0x3a ./Core/Src/system_stm32h5xx.o
 .ARM.attributes
                0x00000180       0x24 ./Core/Startup/startup_stm32h533retx.o
 .ARM.attributes
                0x000001a4       0x3a ./Drivers/STM32H5xx_HAL_Driver/Src/stm32h5xx_ll_adc.o
 .ARM.attributes
                0x000001de       0x3a ./Drivers/STM32H5xx_HAL_Driver/Src/stm32h5xx_ll_gpio.o
 .ARM.attributes
                0x00000218       0x3a ./Drivers/STM32H5xx_HAL_Driver/Src/stm32h5xx_ll_spi.o
 .ARM.attributes
                0x00000252       0x3a ./Drivers/STM32H5xx_HAL_Driver/Src/stm32h5xx_ll_tim.o
 .ARM.attributes
                0x0000028c       0x3a ./Drivers/STM32H5xx_HAL_Driver/Src/stm32h5xx_ll_utils.o
 .ARM.attributes
                0x000002c6       0x3a ./External Library/Src/custom_exception.o
 .ARM.attributes
                0x00000300       0x3a ./External Library/Src/custom_filesystem.o
 .ARM.attributes
                0x0000033a       0x3a ./External Library/Src/custom_flash.o
 .ARM.attributes
                0x00000374       0x3a ./External Library/Src/custom_oled.o
 .ARM.attributes