../Drivers/STM32H5xx_HAL_Driver/Inc/stm32h5xx_ll_tim.h:1959:22:LL_TIM_EnableCounter	16	static
../Drivers/STM32H5xx_HAL_Driver/Inc/stm32h5xx_ll_tim.h:1970:22:LL_TIM_DisableCounter	16	static
../Drivers/STM32H5xx_HAL_Driver/Inc/stm32h5xx_ll_tim.h:5768:22:LL_TIM_EnableIT_UPDATE	16	static
../Drivers/STM32H5xx_HAL_Driver/Inc/stm32h5xx_ll_tim.h:5779:22:LL_TIM_DisableIT_UPDATE	16	static
../Main/Src/drive.c:33:6:Drive_Start	8	static
../Main/Src/drive.c:38:6:Drive_Stop	8	static
../Main/Src/drive.c:94:6:Drive_First	8	static
