../Drivers/STM32H5xx_HAL_Driver/Inc/stm32h5xx_ll_tim.h:1959:22:LL_TIM_EnableCounter	16	static
../Drivers/STM32H5xx_HAL_Driver/Inc/stm32h5xx_ll_tim.h:1970:22:LL_TIM_DisableCounter	16	static
../Drivers/STM32H5xx_HAL_Driver/Inc/stm32h5xx_ll_tim.h:5768:22:LL_TIM_EnableIT_UPDATE	16	static
../Drivers/STM32H5xx_HAL_Driver/Inc/stm32h5xx_ll_tim.h:5779:22:LL_TIM_DisableIT_UPDATE	16	static
C:/stm25/533/External Library/Inc/custom_delay.h:20:22:Custom_Delay_us	16	static
C:/stm25/533/External Library/Inc/custom_delay.h:27:22:Custom_Delay_ms	24	static
../Main/Src/drive.c:35:6:Drive_Start	8	static
../Main/Src/drive.c:40:6:Drive_Stop	8	static
../Main/Src/drive.c:45:25:state_machine	16	static
../Main/Src/drive.c:103:6:Drive_First	440	static
../Main/Src/drive.c:174:6:state_debug	24	static
../Main/Src/drive.c:203:6:mark_check	16	static
