C:/stm25/533/External Library/Inc/custom_delay.h:20:22:Custom_Delay_us	16	static
C:/stm25/533/External Library/Inc/custom_delay.h:27:22:Custom_Delay_ms	24	static
C:/stm25/533/External Library/Inc/custom_delay.h:40:22:Custom_Delay_Init_SysTick	4	static
../Main/Src/init.c:24:6:threshold_change	16	static
../Main/Src/init.c:39:6:curverate_change	16	static
../Main/Src/init.c:54:6:accel_change	16	static
../Main/Src/init.c:68:6:deccel_change	16	static
../Main/Src/init.c:83:6:curve_deccel_change	16	static
../Main/Src/init.c:98:6:target_v_change	8	static
../Main/Src/init.c:111:6:pit_in_change	16	static
../Main/Src/init.c:127:6:back_to_menu	16	static
../Main/Src/init.c:153:6:settings	16	static
../Main/Src/init.c:239:6:check_delay	8	static
../Main/Src/init.c:263:6:Init	16	static
