../Drivers/STM32H5xx_HAL_Driver/Inc/stm32h5xx_ll_tim.h:1959:22:LL_TIM_EnableCounter	16	static
../Drivers/STM32H5xx_HAL_Driver/Inc/stm32h5xx_ll_tim.h:1970:22:LL_TIM_DisableCounter	16	static
../Drivers/STM32H5xx_HAL_Driver/Inc/stm32h5xx_ll_tim.h:2540:22:LL_TIM_CC_EnableChannel	16	static
../Drivers/STM32H5xx_HAL_Driver/Inc/stm32h5xx_ll_tim.h:2571:22:LL_TIM_CC_DisableChannel	16	static
../Drivers/STM32H5xx_HAL_Driver/Inc/stm32h5xx_ll_tim.h:3153:22:LL_TIM_OC_SetCompareCH1	16	static
../Drivers/STM32H5xx_HAL_Driver/Inc/stm32h5xx_ll_tim.h:3171:22:LL_TIM_OC_SetCompareCH2	16	static
../Drivers/STM32H5xx_HAL_Driver/Inc/stm32h5xx_ll_tim.h:3207:22:LL_TIM_OC_SetCompareCH4	16	static
../Drivers/STM32H5xx_HAL_Driver/Inc/stm32h5xx_ll_tim.h:5768:22:LL_TIM_EnableIT_UPDATE	16	static
../Drivers/STM32H5xx_HAL_Driver/Inc/stm32h5xx_ll_tim.h:5779:22:LL_TIM_DisableIT_UPDATE	16	static
../Main/Src/motor.c:48:6:Motor_Start	8	static
../Main/Src/motor.c:75:6:Motor_Stop	8	static
../Main/Src/motor.c:91:6:Motor_L_TIM3_IRQ	40	static
../Main/Src/motor.c:122:6:Motor_R_TIM4_IRQ	40	static
../Main/Src/motor.c:154:6:Motor_Test_Phase	8	static
../Main/Src/motor.c:166:6:Motor_Test_Velocity	4	static
