../External Library/Src/custom_flash.c:17:6:Custom_Flash_Check_Error	16	static
../External Library/Src/custom_flash.c:27:6:Custom_Flash_Read	24	static
../External Library/Src/custom_flash.c:37:6:Custom_Flash_Unlock	8	static
../External Library/Src/custom_flash.c:55:6:Custom_Flash_Lock	4	static
../External Library/Src/custom_flash.c:59:6:Custom_Flash_Wait	4	static
../External Library/Src/custom_flash.c:64:6:Custom_Flash_Erase	8	static
../External Library/Src/custom_flash.c:88:6:Custom_Flash_Write	24	static
