../Drivers/CMSIS/Include/core_cm33.h:2359:22:__NVIC_SetPriorityGrouping	24	static
../Drivers/CMSIS/Include/core_cm33.h:2378:26:__NVIC_GetPriorityGrouping	4	static
../Drivers/CMSIS/Include/core_cm33.h:2390:22:__NVIC_EnableIRQ	16	static,ignoring_inline_asm
../Drivers/CMSIS/Include/core_cm33.h:2587:22:__NVIC_SetPriority	16	static
../Drivers/CMSIS/Include/core_cm33.h:2634:26:NVIC_EncodePriority	40	static
../Drivers/STM32H5xx_HAL_Driver/Inc/stm32h5xx_ll_adc.h:4132:22:LL_ADC_REG_SetSamplingMode	16	static
../Drivers/STM32H5xx_HAL_Driver/Inc/stm32h5xx_ll_adc.h:4406:22:LL_ADC_REG_SetSequencerRanks	32	static
../Drivers/STM32H5xx_HAL_Driver/Inc/stm32h5xx_ll_adc.h:5499:22:LL_ADC_SetChannelSamplingTime	32	static
../Drivers/STM32H5xx_HAL_Driver/Inc/stm32h5xx_ll_adc.h:5646:22:LL_ADC_SetChannelSingleDiff	24	static
../Drivers/STM32H5xx_HAL_Driver/Inc/stm32h5xx_ll_adc.h:6746:22:LL_ADC_DisableDeepPowerDown	16	static
../Drivers/STM32H5xx_HAL_Driver/Inc/stm32h5xx_ll_adc.h:6779:22:LL_ADC_EnableInternalRegulator	16	static
../Drivers/STM32H5xx_HAL_Driver/Inc/stm32h5xx_ll_icache.h:223:22:LL_ICACHE_Enable	4	static
../Drivers/STM32H5xx_HAL_Driver/Inc/stm32h5xx_ll_pwr.h:704:22:LL_PWR_SetRegulVoltageScaling	16	static
../Drivers/STM32H5xx_HAL_Driver/Inc/stm32h5xx_ll_pwr.h:951:22:LL_PWR_DisableUCPDDeadBattery	4	static
../Drivers/STM32H5xx_HAL_Driver/Inc/stm32h5xx_ll_pwr.h:1534:26:LL_PWR_IsActiveFlag_VOS	4	static
../Drivers/STM32H5xx_HAL_Driver/Inc/stm32h5xx_ll_rcc.h:1558:22:LL_RCC_HSE_Enable	4	static
../Drivers/STM32H5xx_HAL_Driver/Inc/stm32h5xx_ll_rcc.h:1578:26:LL_RCC_HSE_IsReady	4	static
../Drivers/STM32H5xx_HAL_Driver/Inc/stm32h5xx_ll_rcc.h:1766:22:LL_RCC_CSI_Enable	4	static
../Drivers/STM32H5xx_HAL_Driver/Inc/stm32h5xx_ll_rcc.h:1786:26:LL_RCC_CSI_IsReady	4	static
../Drivers/STM32H5xx_HAL_Driver/Inc/stm32h5xx_ll_rcc.h:1842:22:LL_RCC_CSI_SetCalibTrimming	16	static
../Drivers/STM32H5xx_HAL_Driver/Inc/stm32h5xx_ll_rcc.h:2164:22:LL_RCC_SetSysClkSource	16	static
../Drivers/STM32H5xx_HAL_Driver/Inc/stm32h5xx_ll_rcc.h:2178:26:LL_RCC_GetSysClkSource	4	static
../Drivers/STM32H5xx_HAL_Driver/Inc/stm32h5xx_ll_rcc.h:2198:22:LL_RCC_SetAHBPrescaler	16	static
../Drivers/STM32H5xx_HAL_Driver/Inc/stm32h5xx_ll_rcc.h:2228:22:LL_RCC_SetAPB1Prescaler	16	static
../Drivers/STM32H5xx_HAL_Driver/Inc/stm32h5xx_ll_rcc.h:2244:22:LL_RCC_SetAPB2Prescaler	16	static
../Drivers/STM32H5xx_HAL_Driver/Inc/stm32h5xx_ll_rcc.h:2260:22:LL_RCC_SetAPB3Prescaler	16	static
../Drivers/STM32H5xx_HAL_Driver/Inc/stm32h5xx_ll_rcc.h:2640:22:LL_RCC_SetClockSource	24	static
../Drivers/STM32H5xx_HAL_Driver/Inc/stm32h5xx_ll_rcc.h:2878:22:LL_RCC_SetSPIClockSource	16	static
../Drivers/STM32H5xx_HAL_Driver/Inc/stm32h5xx_ll_rcc.h:3040:22:LL_RCC_SetADCDACClockSource	16	static
../Drivers/STM32H5xx_HAL_Driver/Inc/stm32h5xx_ll_rcc.h:4180:22:LL_RCC_PLL1_Enable	4	static
../Drivers/STM32H5xx_HAL_Driver/Inc/stm32h5xx_ll_rcc.h:4201:26:LL_RCC_PLL1_IsReady	4	static
../Drivers/STM32H5xx_HAL_Driver/Inc/stm32h5xx_ll_rcc.h:4212:22:LL_RCC_PLL1P_Enable	4	static
../Drivers/STM32H5xx_HAL_Driver/Inc/stm32h5xx_ll_rcc.h:4235:22:LL_RCC_PLL1Q_Enable	4	static
../Drivers/STM32H5xx_HAL_Driver/Inc/stm32h5xx_ll_rcc.h:4339:22:LL_RCC_PLL1_SetSource	16	static
../Drivers/STM32H5xx_HAL_Driver/Inc/stm32h5xx_ll_rcc.h:4363:22:LL_RCC_PLL1_SetN	16	static
../Drivers/STM32H5xx_HAL_Driver/Inc/stm32h5xx_ll_rcc.h:4384:22:LL_RCC_PLL1_SetP	16	static
../Drivers/STM32H5xx_HAL_Driver/Inc/stm32h5xx_ll_rcc.h:4407:22:LL_RCC_PLL1_SetQ	16	static
../Drivers/STM32H5xx_HAL_Driver/Inc/stm32h5xx_ll_rcc.h:4429:22:LL_RCC_PLL1_SetR	16	static
../Drivers/STM32H5xx_HAL_Driver/Inc/stm32h5xx_ll_rcc.h:4450:22:LL_RCC_PLL1_SetM	16	static
../Drivers/STM32H5xx_HAL_Driver/Inc/stm32h5xx_ll_rcc.h:4526:22:LL_RCC_PLL1_SetVCOInputRange	16	static
../Drivers/STM32H5xx_HAL_Driver/Inc/stm32h5xx_ll_rcc.h:4540:22:LL_RCC_PLL1_SetVCOOutputRange	16	static
../Drivers/STM32H5xx_HAL_Driver/Inc/stm32h5xx_ll_bus.h:889:22:LL_AHB2_GRP1_EnableClock	24	static
../Drivers/STM32H5xx_HAL_Driver/Inc/stm32h5xx_ll_bus.h:1507:22:LL_APB1_GRP1_EnableClock	24	static
../Drivers/STM32H5xx_HAL_Driver/Inc/stm32h5xx_ll_bus.h:2216:22:LL_APB2_GRP1_EnableClock	24	static
../Drivers/STM32H5xx_HAL_Driver/Inc/stm32h5xx_ll_system.h:1706:22:LL_FLASH_SetLatency	16	static
../Drivers/STM32H5xx_HAL_Driver/Inc/stm32h5xx_ll_system.h:1732:26:LL_FLASH_GetLatency	4	static
../Drivers/STM32H5xx_HAL_Driver/Inc/stm32h5xx_ll_spi.h:1048:22:LL_SPI_SetStandard	16	static
../Drivers/STM32H5xx_HAL_Driver/Inc/stm32h5xx_ll_spi.h:1591:22:LL_SPI_EnableNSSPulseMgt	16	static
../Drivers/STM32H5xx_HAL_Driver/Inc/stm32h5xx_ll_tim.h:2150:22:LL_TIM_DisableARRPreload	16	static
../Drivers/STM32H5xx_HAL_Driver/Inc/stm32h5xx_ll_tim.h:3503:22:LL_TIM_IC_SetActiveInput	32	static
../Drivers/STM32H5xx_HAL_Driver/Inc/stm32h5xx_ll_tim.h:3553:22:LL_TIM_IC_SetPrescaler	32	static
../Drivers/STM32H5xx_HAL_Driver/Inc/stm32h5xx_ll_tim.h:3616:22:LL_TIM_IC_SetFilter	32	static
../Drivers/STM32H5xx_HAL_Driver/Inc/stm32h5xx_ll_tim.h:3682:22:LL_TIM_IC_SetPolarity	32	static
../Drivers/STM32H5xx_HAL_Driver/Inc/stm32h5xx_ll_tim.h:3890:22:LL_TIM_SetClockSource	16	static
../Drivers/STM32H5xx_HAL_Driver/Inc/stm32h5xx_ll_tim.h:3913:22:LL_TIM_SetEncoderMode	16	static
../Drivers/STM32H5xx_HAL_Driver/Inc/stm32h5xx_ll_tim.h:3943:22:LL_TIM_SetTriggerOutput	16	static
../Drivers/STM32H5xx_HAL_Driver/Inc/stm32h5xx_ll_tim.h:3973:22:LL_TIM_SetTriggerOutput2	16	static
../Drivers/STM32H5xx_HAL_Driver/Inc/stm32h5xx_ll_tim.h:4050:22:LL_TIM_DisableMasterSlaveMode	16	static
../Drivers/STM32H5xx_HAL_Driver/Inc/stm32h5xx_ll_gpio.h:923:22:LL_GPIO_ResetOutputPin	16	static
../Core/Src/main.c:77:5:main	8	static
../Core/Src/main.c:143:6:SystemClock_Config	8	static
../Core/Src/main.c:208:13:MX_ADC1_Init	88	static
../Core/Src/main.c:305:13:MX_ADC2_Init	88	static
../Core/Src/main.c:389:13:MX_ICACHE_Init	8	static
../Core/Src/main.c:414:13:MX_SPI2_Init	72	static
../Core/Src/main.c:471:13:MX_SPI3_Init	72	static
../Core/Src/main.c:536:13:MX_TIM1_Init	32	static
../Core/Src/main.c:573:13:MX_TIM2_Init	56	static
../Core/Src/main.c:640:13:MX_TIM3_Init	32	static
../Core/Src/main.c:679:13:MX_TIM4_Init	32	static
../Core/Src/main.c:718:13:MX_TIM5_Init	56	static
../Core/Src/main.c:776:13:MX_TIM6_Init	32	static
../Core/Src/main.c:813:13:MX_TIM7_Init	32	static
../Core/Src/main.c:850:13:MX_GPIO_Init	32	static
../Core/Src/main.c:941:6:Error_Handler	4	static,ignoring_inline_asm
