../Drivers/CMSIS/Include/core_cm33.h:2359:22:__NVIC_SetPriorityGrouping	1
../Drivers/CMSIS/Include/core_cm33.h:2378:26:__NVIC_GetPriorityGrouping	1
../Drivers/CMSIS/Include/core_cm33.h:2390:22:__NVIC_EnableIRQ	2
../Drivers/CMSIS/Include/core_cm33.h:2587:22:__NVIC_SetPriority	2
../Drivers/CMSIS/Include/core_cm33.h:2634:26:NVIC_EncodePriority	2
../Drivers/STM32H5xx_HAL_Driver/Inc/stm32h5xx_ll_adc.h:4132:22:LL_ADC_REG_SetSamplingMode	1
../Drivers/STM32H5xx_HAL_Driver/Inc/stm32h5xx_ll_adc.h:4406:22:LL_ADC_REG_SetSequencerRanks	1
../Drivers/STM32H5xx_HAL_Driver/Inc/stm32h5xx_ll_adc.h:5499:22:LL_ADC_SetChannelSamplingTime	1
../Drivers/STM32H5xx_HAL_Driver/Inc/stm32h5xx_ll_adc.h:5646:22:LL_ADC_SetChannelSingleDiff	1
../Drivers/STM32H5xx_HAL_Driver/Inc/stm32h5xx_ll_adc.h:6746:22:LL_ADC_DisableDeepPowerDown	1
../Drivers/STM32H5xx_HAL_Driver/Inc/stm32h5xx_ll_adc.h:6779:22:LL_ADC_EnableInternalRegulator	1
../Drivers/STM32H5xx_HAL_Driver/Inc/stm32h5xx_ll_icache.h:223:22:LL_ICACHE_Enable	1
../Drivers/STM32H5xx_HAL_Driver/Inc/stm32h5xx_ll_pwr.h:704:22:LL_PWR_SetRegulVoltageScaling	1
../Drivers/STM32H5xx_HAL_Driver/Inc/stm32h5xx_ll_pwr.h:951:22:LL_PWR_DisableUCPDDeadBattery	1
../Drivers/STM32H5xx_HAL_Driver/Inc/stm32h5xx_ll_pwr.h:1534:26:LL_PWR_IsActiveFlag_VOS	2
../Drivers/STM32H5xx_HAL_Driver/Inc/stm32h5xx_ll_rcc.h:1558:22:LL_RCC_HSE_Enable	1
../Drivers/STM32H5xx_HAL_Driver/Inc/stm32h5xx_ll_rcc.h:1578:26:LL_RCC_HSE_IsReady	2
../Drivers/STM32H5xx_HAL_Driver/Inc/stm32h5xx_ll_rcc.h:1766:22:LL_RCC_CSI_Enable	1
../Drivers/STM32H5xx_HAL_Driver/Inc/stm32h5xx_ll_rcc.h:1786:26:LL_RCC_CSI_IsReady	2
../Drivers/STM32H5xx_HAL_Driver/Inc/stm32h5xx_ll_rcc.h:1842:22:LL_RCC_CSI_SetCalibTrimming	1
../Drivers/STM32H5xx_HAL_Driver/Inc/stm32h5xx_ll_rcc.h:2164:22:LL_RCC_SetSysClkSource	1
../Drivers/STM32H5xx_HAL_Driver/Inc/stm32h5xx_ll_rcc.h:2178:26:LL_RCC_GetSysClkSource	1
../Drivers/STM32H5xx_HAL_Driver/Inc/stm32h5xx_ll_rcc.h:2198:22:LL_RCC_SetAHBPrescaler	1
../Drivers/STM32H5xx_HAL_Driver/Inc/stm32h5xx_ll_rcc.h:2228:22:LL_RCC_SetAPB1Prescaler	1
../Drivers/STM32H5xx_HAL_Driver/Inc/stm32h5xx_ll_rcc.h:2244:22:LL_RCC_SetAPB2Prescaler	1
../Drivers/STM32H5xx_HAL_Driver/Inc/stm32h5xx_ll_rcc.h:2260:22:LL_RCC_SetAPB3Prescaler	1
../Drivers/STM32H5xx_HAL_Driver/Inc/stm32h5xx_ll_rcc.h:2640:22:LL_RCC_SetClockSource	1
../Drivers/STM32H5xx_HAL_Driver/Inc/stm32h5xx_ll_rcc.h:2878:22:LL_RCC_SetSPIClockSource	1
../Drivers/STM32H5xx_HAL_Driver/Inc/stm32h5xx_ll_rcc.h:3040:22:LL_RCC_SetADCDACClockSource	1
../Drivers/STM32H5xx_HAL_Driver/Inc/stm32h5xx_ll_rcc.h:4180:22:LL_RCC_PLL1_Enable	1
../Drivers/STM32H5xx_HAL_Driver/Inc/stm32h5xx_ll_rcc.h:4201:26:LL_RCC_PLL1_IsReady	2
../Drivers/STM32H5xx_HAL_Driver/Inc/stm32h5xx_ll_rcc.h:4212:22:LL_RCC_PLL1P_Enable	1
../Drivers/STM32H5xx_HAL_Driver/Inc/stm32h5xx_ll_rcc.h:4235:22:LL_RCC_PLL1Q_Enable	1
../Drivers/STM32H5xx_HAL_Driver/Inc/stm32h5xx_ll_rcc.h:4339:22:LL_RCC_PLL1_SetSource	1
../Drivers/STM32H5xx_HAL_Driver/Inc/stm32h5xx_ll_rcc.h:4363:22:LL_RCC_PLL1_SetN	1
../Drivers/STM32H5xx_HAL_Driver/Inc/stm32h5xx_ll_rcc.h:4384:22:LL_RCC_PLL1_SetP	1
../Drivers/STM32H5xx_HAL_Driver/Inc/stm32h5xx_ll_rcc.h:4407:22:LL_RCC_PLL1_SetQ	1
../Drivers/STM32H5xx_HAL_Driver/Inc/stm32h5xx_ll_rcc.h:4429:22:LL_RCC_PLL1_SetR	1
../Drivers/STM32H5xx_HAL_Driver/Inc/stm32h5xx_ll_rcc.h:4450:22:LL_RCC_PLL1_SetM	1
../Drivers/STM32H5xx_HAL_Driver/Inc/stm32h5xx_ll_rcc.h:4526:22:LL_RCC_PLL1_SetVCOInputRange	1
../Drivers/STM32H5xx_HAL_Driver/Inc/stm32h5xx_ll_rcc.h:4540:22:LL_RCC_PLL1_SetVCOOutputRange	1
../Drivers/STM32H5xx_HAL_Driver/Inc/stm32h5xx_ll_bus.h:889:22:LL_AHB2_GRP1_EnableClock	1
../Drivers/STM32H5xx_HAL_Driver/Inc/stm32h5xx_ll_bus.h:1507:22:LL_APB1_GRP1_EnableClock	1
../Drivers/STM32H5xx_HAL_Driver/Inc/stm32h5xx_ll_bus.h:2216:22:LL_APB2_GRP1_EnableClock	1
../Drivers/STM32H5xx_HAL_Driver/Inc/stm32h5xx_ll_system.h:1706:22:LL_FLASH_SetLatency	1
../Drivers/STM32H5xx_HAL_Driver/Inc/stm32h5xx_ll_system.h:1732:26:LL_FLASH_GetLatency	1
../Drivers/STM32H5xx_HAL_Driver/Inc/stm32h5xx_ll_spi.h:1048:22:LL_SPI_SetStandard	1
../Drivers/STM32H5xx_HAL_Driver/Inc/stm32h5xx_ll_spi.h:1591:22:LL_SPI_EnableNSSPulseMgt	1
../Drivers/STM32H5xx_HAL_Driver/Inc/stm32h5xx_ll_tim.h:2150:22:LL_TIM_DisableARRPreload	1
../Drivers/STM32H5xx_HAL_Driver/Inc/stm32h5xx_ll_tim.h:3503:22:LL_TIM_IC_SetActiveInput	10
../Drivers/STM32H5xx_HAL_Driver/Inc/stm32h5xx_ll_tim.h:3553:22:LL_TIM_IC_SetPrescaler	10
../Drivers/STM32H5xx_HAL_Driver/Inc/stm32h5xx_ll_tim.h:3616:22:LL_TIM_IC_SetFilter	10
../Drivers/STM32H5xx_HAL_Driver/Inc/stm32h5xx_ll_tim.h:3682:22:LL_TIM_IC_SetPolarity	10
../Drivers/STM32H5xx_HAL_Driver/Inc/stm32h5xx_ll_tim.h:3890:22:LL_TIM_SetClockSource	1
../Drivers/STM32H5xx_HAL_Driver/Inc/stm32h5xx_ll_tim.h:3913:22:LL_TIM_SetEncoderMode	1
../Drivers/STM32H5xx_HAL_Driver/Inc/stm32h5xx_ll_tim.h:3943:22:LL_TIM_SetTriggerOutput	1
../Drivers/STM32H5xx_HAL_Driver/Inc/stm32h5xx_ll_tim.h:3973:22:LL_TIM_SetTriggerOutput2	1
../Drivers/STM32H5xx_HAL_Driver/Inc/stm32h5xx_ll_tim.h:4050:22:LL_TIM_DisableMasterSlaveMode	1
../Drivers/STM32H5xx_HAL_Driver/Inc/stm32h5xx_ll_gpio.h:923:22:LL_GPIO_ResetOutputPin	1
../Core/Src/main.c:77:5:main	1
../Core/Src/main.c:143:6:SystemClock_Config	7
../Core/Src/main.c:208:13:MX_ADC1_Init	2
../Core/Src/main.c:305:13:MX_ADC2_Init	2
../Core/Src/main.c:389:13:MX_ICACHE_Init	1
../Core/Src/main.c:414:13:MX_SPI2_Init	1
../Core/Src/main.c:471:13:MX_SPI3_Init	1
../Core/Src/main.c:536:13:MX_TIM1_Init	1
../Core/Src/main.c:573:13:MX_TIM2_Init	1
../Core/Src/main.c:640:13:MX_TIM3_Init	1
../Core/Src/main.c:679:13:MX_TIM4_Init	1
../Core/Src/main.c:718:13:MX_TIM5_Init	1
../Core/Src/main.c:776:13:MX_TIM6_Init	1
../Core/Src/main.c:813:13:MX_TIM7_Init	1
../Core/Src/main.c:850:13:MX_GPIO_Init	1
../Core/Src/main.c:941:6:Error_Handler	1
