../Drivers/STM32H5xx_HAL_Driver/Inc/stm32h5xx_ll_adc.h:4206:22:LL_ADC_REG_SetSequencerLength	16	static
../Drivers/STM32H5xx_HAL_Driver/Inc/stm32h5xx_ll_adc.h:5149:22:LL_ADC_INJ_SetQueueMode	16	static
../Drivers/STM32H5xx_HAL_Driver/Inc/stm32h5xx_ll_adc.h:6850:22:LL_ADC_Disable	16	static
../Drivers/STM32H5xx_HAL_Driver/Inc/stm32h5xx_ll_adc.h:6869:26:LL_ADC_IsEnabled	16	static
../Drivers/STM32H5xx_HAL_Driver/Inc/stm32h5xx_ll_adc.h:6880:26:LL_ADC_IsDisableOngoing	16	static
../Drivers/STM32H5xx_HAL_Driver/Inc/stm32h5xx_ll_adc.h:6975:22:LL_ADC_REG_StopConversion	16	static
../Drivers/STM32H5xx_HAL_Driver/Inc/stm32h5xx_ll_adc.h:6991:26:LL_ADC_REG_IsConversionOngoing	16	static
../Drivers/STM32H5xx_HAL_Driver/Inc/stm32h5xx_ll_adc.h:7002:26:LL_ADC_REG_IsStopConversionOngoing	16	static
../Drivers/STM32H5xx_HAL_Driver/Inc/stm32h5xx_ll_adc.h:7201:22:LL_ADC_INJ_StopConversion	16	static
../Drivers/STM32H5xx_HAL_Driver/Inc/stm32h5xx_ll_adc.h:7217:26:LL_ADC_INJ_IsConversionOngoing	16	static
../Drivers/STM32H5xx_HAL_Driver/Inc/stm32h5xx_ll_adc.h:7228:26:LL_ADC_INJ_IsStopConversionOngoing	16	static
../Drivers/STM32H5xx_HAL_Driver/Inc/stm32h5xx_ll_bus.h:1042:22:LL_AHB2_GRP1_ForceReset	16	static
../Drivers/STM32H5xx_HAL_Driver/Inc/stm32h5xx_ll_bus.h:1089:22:LL_AHB2_GRP1_ReleaseReset	16	static
../Drivers/STM32H5xx_HAL_Driver/Src/stm32h5xx_ll_adc.c:361:13:LL_ADC_CommonDeInit	16	static
../Drivers/STM32H5xx_HAL_Driver/Src/stm32h5xx_ll_adc.c:393:13:LL_ADC_CommonInit	32	static
../Drivers/STM32H5xx_HAL_Driver/Src/stm32h5xx_ll_adc.c:475:6:LL_ADC_CommonStructInit	16	static
../Drivers/STM32H5xx_HAL_Driver/Src/stm32h5xx_ll_adc.c:508:13:LL_ADC_DeInit	32	static
../Drivers/STM32H5xx_HAL_Driver/Src/stm32h5xx_ll_adc.c:778:13:LL_ADC_Init	24	static
../Drivers/STM32H5xx_HAL_Driver/Src/stm32h5xx_ll_adc.c:824:6:LL_ADC_StructInit	16	static
../Drivers/STM32H5xx_HAL_Driver/Src/stm32h5xx_ll_adc.c:866:13:LL_ADC_REG_Init	24	static
../Drivers/STM32H5xx_HAL_Driver/Src/stm32h5xx_ll_adc.c:958:6:LL_ADC_REG_StructInit	16	static
../Drivers/STM32H5xx_HAL_Driver/Src/stm32h5xx_ll_adc.c:1010:13:LL_ADC_INJ_Init	24	static
../Drivers/STM32H5xx_HAL_Driver/Src/stm32h5xx_ll_adc.c:1081:6:LL_ADC_INJ_StructInit	16	static
