../Drivers/STM32H5xx_HAL_Driver/Inc/stm32h5xx_ll_rcc.h:1578:26:LL_RCC_HSE_IsReady	4	static
../Drivers/STM32H5xx_HAL_Driver/Inc/stm32h5xx_ll_rcc.h:1622:22:LL_RCC_HSI_Enable	4	static
../Drivers/STM32H5xx_HAL_Driver/Inc/stm32h5xx_ll_rcc.h:1642:26:LL_RCC_HSI_IsReady	4	static
../Drivers/STM32H5xx_HAL_Driver/Inc/stm32h5xx_ll_rcc.h:1712:26:LL_RCC_HSI_GetDivider	4	static
../Drivers/STM32H5xx_HAL_Driver/Inc/stm32h5xx_ll_rcc.h:1738:22:LL_RCC_HSI_SetCalibTrimming	16	static
../Drivers/STM32H5xx_HAL_Driver/Inc/stm32h5xx_ll_rcc.h:1786:26:LL_RCC_CSI_IsReady	4	static
../Drivers/STM32H5xx_HAL_Driver/Inc/stm32h5xx_ll_rcc.h:1890:26:LL_RCC_HSI48_IsReady	4	static
../Drivers/STM32H5xx_HAL_Driver/Inc/stm32h5xx_ll_rcc.h:1938:26:LL_RCC_LSE_IsReady	4	static
../Drivers/STM32H5xx_HAL_Driver/Inc/stm32h5xx_ll_rcc.h:2086:26:LL_RCC_LSI_IsReady	4	static
../Drivers/STM32H5xx_HAL_Driver/Inc/stm32h5xx_ll_rcc.h:2178:26:LL_RCC_GetSysClkSource	4	static
../Drivers/STM32H5xx_HAL_Driver/Inc/stm32h5xx_ll_rcc.h:2279:26:LL_RCC_GetAHBPrescaler	4	static
../Drivers/STM32H5xx_HAL_Driver/Inc/stm32h5xx_ll_rcc.h:2307:26:LL_RCC_GetAPB1Prescaler	4	static
../Drivers/STM32H5xx_HAL_Driver/Inc/stm32h5xx_ll_rcc.h:2322:26:LL_RCC_GetAPB2Prescaler	4	static
../Drivers/STM32H5xx_HAL_Driver/Inc/stm32h5xx_ll_rcc.h:2337:26:LL_RCC_GetAPB3Prescaler	4	static
../Drivers/STM32H5xx_HAL_Driver/Inc/stm32h5xx_ll_rcc.h:3342:26:LL_RCC_GetClockSource	24	static
../Drivers/STM32H5xx_HAL_Driver/Inc/stm32h5xx_ll_rcc.h:3404:26:LL_RCC_GetUSARTClockSource	16	static
../Drivers/STM32H5xx_HAL_Driver/Inc/stm32h5xx_ll_rcc.h:3463:26:LL_RCC_GetUARTClockSource	16	static
../Drivers/STM32H5xx_HAL_Driver/Inc/stm32h5xx_ll_rcc.h:3484:26:LL_RCC_GetLPUARTClockSource	16	static
../Drivers/STM32H5xx_HAL_Driver/Inc/stm32h5xx_ll_rcc.h:3523:26:LL_RCC_GetI2CClockSource	16	static
../Drivers/STM32H5xx_HAL_Driver/Inc/stm32h5xx_ll_rcc.h:3549:26:LL_RCC_GetI3CClockSource	16	static
../Drivers/STM32H5xx_HAL_Driver/Inc/stm32h5xx_ll_rcc.h:3606:26:LL_RCC_GetSPIClockSource	16	static
../Drivers/STM32H5xx_HAL_Driver/Inc/stm32h5xx_ll_rcc.h:3666:26:LL_RCC_GetLPTIMClockSource	16	static
../Drivers/STM32H5xx_HAL_Driver/Inc/stm32h5xx_ll_rcc.h:3701:26:LL_RCC_GetFDCANClockSource	16	static
../Drivers/STM32H5xx_HAL_Driver/Inc/stm32h5xx_ll_rcc.h:3748:26:LL_RCC_GetSDMMCClockSource	16	static
../Drivers/STM32H5xx_HAL_Driver/Inc/stm32h5xx_ll_rcc.h:3765:26:LL_RCC_GetRNGClockSource	16	static
../Drivers/STM32H5xx_HAL_Driver/Inc/stm32h5xx_ll_rcc.h:3784:26:LL_RCC_GetUSBClockSource	16	static
../Drivers/STM32H5xx_HAL_Driver/Inc/stm32h5xx_ll_rcc.h:3803:26:LL_RCC_GetADCDACClockSource	16	static
../Drivers/STM32H5xx_HAL_Driver/Inc/stm32h5xx_ll_rcc.h:3817:26:LL_RCC_GetDACLPClockSource	16	static
../Drivers/STM32H5xx_HAL_Driver/Inc/stm32h5xx_ll_rcc.h:3832:26:LL_RCC_GetCECClockSource	16	static
../Drivers/STM32H5xx_HAL_Driver/Inc/stm32h5xx_ll_rcc.h:3849:26:LL_RCC_GetOCTOSPIClockSource	16	static
../Drivers/STM32H5xx_HAL_Driver/Inc/stm32h5xx_ll_rcc.h:3866:26:LL_RCC_GetCLKPClockSource	16	static
../Drivers/STM32H5xx_HAL_Driver/Inc/stm32h5xx_ll_rcc.h:4201:26:LL_RCC_PLL1_IsReady	4	static
../Drivers/STM32H5xx_HAL_Driver/Inc/stm32h5xx_ll_rcc.h:4280:26:LL_RCC_PLL1P_IsEnabled	4	static
../Drivers/STM32H5xx_HAL_Driver/Inc/stm32h5xx_ll_rcc.h:4290:26:LL_RCC_PLL1Q_IsEnabled	4	static
../Drivers/STM32H5xx_HAL_Driver/Inc/stm32h5xx_ll_rcc.h:4300:26:LL_RCC_PLL1R_IsEnabled	4	static
../Drivers/STM32H5xx_HAL_Driver/Inc/stm32h5xx_ll_rcc.h:4353:26:LL_RCC_PLL1_GetSource	4	static
../Drivers/STM32H5xx_HAL_Driver/Inc/stm32h5xx_ll_rcc.h:4373:26:LL_RCC_PLL1_GetN	4	static
../Drivers/STM32H5xx_HAL_Driver/Inc/stm32h5xx_ll_rcc.h:4395:26:LL_RCC_PLL1_GetP	4	static
../Drivers/STM32H5xx_HAL_Driver/Inc/stm32h5xx_ll_rcc.h:4418:26:LL_RCC_PLL1_GetQ	4	static
../Drivers/STM32H5xx_HAL_Driver/Inc/stm32h5xx_ll_rcc.h:4440:26:LL_RCC_PLL1_GetR	4	static
../Drivers/STM32H5xx_HAL_Driver/Inc/stm32h5xx_ll_rcc.h:4460:26:LL_RCC_PLL1_GetM	4	static
../Drivers/STM32H5xx_HAL_Driver/Inc/stm32h5xx_ll_rcc.h:4480:26:LL_RCC_PLL1FRACN_IsEnabled	4	static
../Drivers/STM32H5xx_HAL_Driver/Inc/stm32h5xx_ll_rcc.h:4510:26:LL_RCC_PLL1_GetFRACN	4	static
../Drivers/STM32H5xx_HAL_Driver/Inc/stm32h5xx_ll_rcc.h:4578:26:LL_RCC_PLL2_IsReady	4	static
../Drivers/STM32H5xx_HAL_Driver/Inc/stm32h5xx_ll_rcc.h:4607:26:LL_RCC_PLL2_GetSource	4	static
../Drivers/STM32H5xx_HAL_Driver/Inc/stm32h5xx_ll_rcc.h:4628:26:LL_RCC_PLL2_GetM	4	static
../Drivers/STM32H5xx_HAL_Driver/Inc/stm32h5xx_ll_rcc.h:4648:26:LL_RCC_PLL2_GetN	4	static
../Drivers/STM32H5xx_HAL_Driver/Inc/stm32h5xx_ll_rcc.h:4670:26:LL_RCC_PLL2_GetP	4	static
../Drivers/STM32H5xx_HAL_Driver/Inc/stm32h5xx_ll_rcc.h:4693:26:LL_RCC_PLL2_GetQ	4	static
../Drivers/STM32H5xx_HAL_Driver/Inc/stm32h5xx_ll_rcc.h:4715:26:LL_RCC_PLL2_GetR	4	static
../Drivers/STM32H5xx_HAL_Driver/Inc/stm32h5xx_ll_rcc.h:4791:26:LL_RCC_PLL2P_IsEnabled	4	static
../Drivers/STM32H5xx_HAL_Driver/Inc/stm32h5xx_ll_rcc.h:4801:26:LL_RCC_PLL2Q_IsEnabled	4	static
../Drivers/STM32H5xx_HAL_Driver/Inc/stm32h5xx_ll_rcc.h:4811:26:LL_RCC_PLL2R_IsEnabled	4	static
../Drivers/STM32H5xx_HAL_Driver/Inc/stm32h5xx_ll_rcc.h:4831:26:LL_RCC_PLL2FRACN_IsEnabled	4	static
../Drivers/STM32H5xx_HAL_Driver/Inc/stm32h5xx_ll_rcc.h:4861:26:LL_RCC_PLL2_GetFRACN	4	static
../Drivers/STM32H5xx_HAL_Driver/Inc/stm32h5xx_ll_rcc.h:4930:26:LL_RCC_PLL3_IsReady	4	static
../Drivers/STM32H5xx_HAL_Driver/Inc/stm32h5xx_ll_rcc.h:4960:26:LL_RCC_PLL3_GetSource	4	static
../Drivers/STM32H5xx_HAL_Driver/Inc/stm32h5xx_ll_rcc.h:4980:26:LL_RCC_PLL3_GetN	4	static
../Drivers/STM32H5xx_HAL_Driver/Inc/stm32h5xx_ll_rcc.h:5002:26:LL_RCC_PLL3_GetP	4	static
../Drivers/STM32H5xx_HAL_Driver/Inc/stm32h5xx_ll_rcc.h:5024:26:LL_RCC_PLL3_GetQ	4	static
../Drivers/STM32H5xx_HAL_Driver/Inc/stm32h5xx_ll_rcc.h:5046:26:LL_RCC_PLL3_GetR	4	static
../Drivers/STM32H5xx_HAL_Driver/Inc/stm32h5xx_ll_rcc.h:5066:26:LL_RCC_PLL3_GetM	4	static
../Drivers/STM32H5xx_HAL_Driver/Inc/stm32h5xx_ll_rcc.h:5142:26:LL_RCC_PLL3P_IsEnabled	4	static
../Drivers/STM32H5xx_HAL_Driver/Inc/stm32h5xx_ll_rcc.h:5152:26:LL_RCC_PLL3Q_IsEnabled	4	static
../Drivers/STM32H5xx_HAL_Driver/Inc/stm32h5xx_ll_rcc.h:5162:26:LL_RCC_PLL3R_IsEnabled	4	static
../Drivers/STM32H5xx_HAL_Driver/Inc/stm32h5xx_ll_rcc.h:5182:26:LL_RCC_PLL3FRACN_IsEnabled	4	static
../Drivers/STM32H5xx_HAL_Driver/Inc/stm32h5xx_ll_rcc.h:5212:26:LL_RCC_PLL3_GetFRACN	4	static
../Drivers/STM32H5xx_HAL_Driver/Inc/stm32h5xx_ll_rcc.h:5630:22:LL_RCC_ClearResetFlags	4	static
../Drivers/STM32H5xx_HAL_Driver/Src/stm32h5xx_ll_rcc.c:199:13:LL_RCC_DeInit	8	static
../Drivers/STM32H5xx_HAL_Driver/Src/stm32h5xx_ll_rcc.c:352:6:LL_RCC_GetSystemClocksFreq	16	static
../Drivers/STM32H5xx_HAL_Driver/Src/stm32h5xx_ll_rcc.c:375:6:LL_RCC_GetPLL1ClockFreq	48	static
../Drivers/STM32H5xx_HAL_Driver/Src/stm32h5xx_ll_rcc.c:458:6:LL_RCC_GetPLL2ClockFreq	48	static
../Drivers/STM32H5xx_HAL_Driver/Src/stm32h5xx_ll_rcc.c:542:6:LL_RCC_GetPLL3ClockFreq	48	static
../Drivers/STM32H5xx_HAL_Driver/Src/stm32h5xx_ll_rcc.c:632:10:LL_RCC_CalcPLLClockFreq	32	static
../Drivers/STM32H5xx_HAL_Driver/Src/stm32h5xx_ll_rcc.c:658:10:LL_RCC_GetUSARTClockFreq	32	static
../Drivers/STM32H5xx_HAL_Driver/Src/stm32h5xx_ll_rcc.c:1044:10:LL_RCC_GetUARTClockFreq	32	static
../Drivers/STM32H5xx_HAL_Driver/Src/stm32h5xx_ll_rcc.c:1425:10:LL_RCC_GetSPIClockFreq	32	static
../Drivers/STM32H5xx_HAL_Driver/Src/stm32h5xx_ll_rcc.c:1789:10:LL_RCC_GetI2CClockFreq	32	static
../Drivers/STM32H5xx_HAL_Driver/Src/stm32h5xx_ll_rcc.c:2002:10:LL_RCC_GetI3CClockFreq	32	static
../Drivers/STM32H5xx_HAL_Driver/Src/stm32h5xx_ll_rcc.c:2125:10:LL_RCC_GetLPUARTClockFreq	32	static
../Drivers/STM32H5xx_HAL_Driver/Src/stm32h5xx_ll_rcc.c:2207:10:LL_RCC_GetLPTIMClockFreq	32	static
../Drivers/STM32H5xx_HAL_Driver/Src/stm32h5xx_ll_rcc.c:2698:10:LL_RCC_GetSDMMCClockFreq	32	static
../Drivers/STM32H5xx_HAL_Driver/Src/stm32h5xx_ll_rcc.c:2790:10:LL_RCC_GetRNGClockFreq	32	static
../Drivers/STM32H5xx_HAL_Driver/Src/stm32h5xx_ll_rcc.c:2850:10:LL_RCC_GetUSBClockFreq	32	static
../Drivers/STM32H5xx_HAL_Driver/Src/stm32h5xx_ll_rcc.c:2912:10:LL_RCC_GetADCDACClockFreq	32	static
../Drivers/STM32H5xx_HAL_Driver/Src/stm32h5xx_ll_rcc.c:2978:10:LL_RCC_GetDACLPClockFreq	24	static
../Drivers/STM32H5xx_HAL_Driver/Src/stm32h5xx_ll_rcc.c:3018:10:LL_RCC_GetOCTOSPIClockFreq	32	static
../Drivers/STM32H5xx_HAL_Driver/Src/stm32h5xx_ll_rcc.c:3076:10:LL_RCC_GetFDCANClockFreq	32	static
../Drivers/STM32H5xx_HAL_Driver/Src/stm32h5xx_ll_rcc.c:3135:10:LL_RCC_GetCECClockFreq	24	static
../Drivers/STM32H5xx_HAL_Driver/Src/stm32h5xx_ll_rcc.c:3181:10:LL_RCC_GetCLKPClockFreq	24	static
../Drivers/STM32H5xx_HAL_Driver/Src/stm32h5xx_ll_rcc.c:3235:10:RCC_GetSystemClockFreq	16	static
../Drivers/STM32H5xx_HAL_Driver/Src/stm32h5xx_ll_rcc.c:3271:10:RCC_GetHCLKClockFreq	16	static
../Drivers/STM32H5xx_HAL_Driver/Src/stm32h5xx_ll_rcc.c:3282:10:RCC_GetPCLK1ClockFreq	16	static
../Drivers/STM32H5xx_HAL_Driver/Src/stm32h5xx_ll_rcc.c:3293:10:RCC_GetPCLK2ClockFreq	16	static
../Drivers/STM32H5xx_HAL_Driver/Src/stm32h5xx_ll_rcc.c:3305:10:RCC_GetPCLK3ClockFreq	16	static
../Drivers/STM32H5xx_HAL_Driver/Src/stm32h5xx_ll_rcc.c:3315:10:RCC_PLL1_GetFreqSystem	24	static
