../Drivers/STM32H5xx_HAL_Driver/Inc/stm32h5xx_ll_dma.h:1711:22:LL_DMA_ResetChannel	24	static
../Drivers/STM32H5xx_HAL_Driver/Inc/stm32h5xx_ll_dma.h:1733:22:LL_DMA_SuspendChannel	24	static
../Drivers/STM32H5xx_HAL_Driver/Inc/stm32h5xx_ll_dma.h:1802:22:LL_DMA_SetLinkedListBaseAddr	32	static
../Drivers/STM32H5xx_HAL_Driver/Inc/stm32h5xx_ll_dma.h:1855:22:LL_DMA_ConfigControl	32	static
../Drivers/STM32H5xx_HAL_Driver/Inc/stm32h5xx_ll_dma.h:2049:22:LL_DMA_ConfigTransfer	32	static
../Drivers/STM32H5xx_HAL_Driver/Inc/stm32h5xx_ll_dma.h:2075:22:LL_DMA_ConfigBurstLength	32	static
../Drivers/STM32H5xx_HAL_Driver/Inc/stm32h5xx_ll_dma.h:2873:22:LL_DMA_ConfigChannelTransfer	32	static
../Drivers/STM32H5xx_HAL_Driver/Inc/stm32h5xx_ll_dma.h:2902:22:LL_DMA_SetTransferEventMode	32	static
../Drivers/STM32H5xx_HAL_Driver/Inc/stm32h5xx_ll_dma.h:3008:22:LL_DMA_SetTriggerMode	32	static
../Drivers/STM32H5xx_HAL_Driver/Inc/stm32h5xx_ll_dma.h:3438:22:LL_DMA_SetPeriphRequest	32	static
../Drivers/STM32H5xx_HAL_Driver/Inc/stm32h5xx_ll_dma.h:3871:22:LL_DMA_SetHWTrigger	32	static
../Drivers/STM32H5xx_HAL_Driver/Inc/stm32h5xx_ll_dma.h:4071:22:LL_DMA_ConfigBlkRptAddrUpdate	32	static
../Drivers/STM32H5xx_HAL_Driver/Inc/stm32h5xx_ll_dma.h:4267:22:LL_DMA_SetBlkRptCount	32	static
../Drivers/STM32H5xx_HAL_Driver/Inc/stm32h5xx_ll_dma.h:4308:22:LL_DMA_SetBlkDataLength	32	static
../Drivers/STM32H5xx_HAL_Driver/Inc/stm32h5xx_ll_dma.h:4357:22:LL_DMA_ConfigAddresses	32	static
../Drivers/STM32H5xx_HAL_Driver/Inc/stm32h5xx_ll_dma.h:4469:22:LL_DMA_ConfigAddrUpdateValue	32	static
../Drivers/STM32H5xx_HAL_Driver/Inc/stm32h5xx_ll_dma.h:4560:22:LL_DMA_ConfigBlkRptAddrUpdateValue	32	static
../Drivers/STM32H5xx_HAL_Driver/Inc/stm32h5xx_ll_dma.h:5199:22:LL_DMA_SetLinkedListAddrOffset	32	static
../Drivers/STM32H5xx_HAL_Driver/Inc/stm32h5xx_ll_dma.h:5357:22:LL_DMA_DisableChannelPrivilege	16	static
../Drivers/STM32H5xx_HAL_Driver/Inc/stm32h5xx_ll_bus.h:675:22:LL_AHB1_GRP1_ForceReset	16	static
../Drivers/STM32H5xx_HAL_Driver/Inc/stm32h5xx_ll_bus.h:704:22:LL_AHB1_GRP1_ReleaseReset	16	static
../Drivers/STM32H5xx_HAL_Driver/Src/stm32h5xx_ll_dma.c:277:10:LL_DMA_DeInit	24	static
../Drivers/STM32H5xx_HAL_Driver/Src/stm32h5xx_ll_dma.c:388:10:LL_DMA_Init	24	static
../Drivers/STM32H5xx_HAL_Driver/Src/stm32h5xx_ll_dma.c:604:6:LL_DMA_StructInit	16	static
../Drivers/STM32H5xx_HAL_Driver/Src/stm32h5xx_ll_dma.c:652:6:LL_DMA_ListStructInit	16	static
../Drivers/STM32H5xx_HAL_Driver/Src/stm32h5xx_ll_dma.c:682:10:LL_DMA_List_DeInit	16	static
../Drivers/STM32H5xx_HAL_Driver/Src/stm32h5xx_ll_dma.c:711:10:LL_DMA_List_Init	24	static
../Drivers/STM32H5xx_HAL_Driver/Src/stm32h5xx_ll_dma.c:752:6:LL_DMA_NodeStructInit	16	static
../Drivers/STM32H5xx_HAL_Driver/Src/stm32h5xx_ll_dma.c:810:10:LL_DMA_CreateLinkNode	24	static
../Drivers/STM32H5xx_HAL_Driver/Src/stm32h5xx_ll_dma.c:1104:6:LL_DMA_ConnectLinkNode	24	static
../Drivers/STM32H5xx_HAL_Driver/Src/stm32h5xx_ll_dma.c:1119:6:LL_DMA_DisconnectNextLinkNode	16	static
